../Core/Src/interrupt.c:13:6:EXTI0_IRQHandler	8	static
../Core/Src/interrupt.c:18:6:EXTI1_IRQHandler	8	static
../Core/Src/interrupt.c:23:6:EXTI2_IRQHandler	8	static
../Core/Src/interrupt.c:28:6:EXTI3_IRQHandler	8	static
../Core/Src/interrupt.c:33:6:EXTI4_IRQHandler	8	static
../Core/Src/interrupt.c:38:6:EXTI9_5_IRQHandler	16	static
../Core/Src/interrupt.c:46:6:EXTI15_10_IRQHandler	16	static
../Core/Src/interrupt.c:53:6:SysTick_Handler	8	static
../Core/Src/interrupt.c:57:6:USART1_IRQHandler	8	static
../Core/Src/interrupt.c:61:6:USART2_IRQHandler	8	static
../Core/Src/interrupt.c:65:6:USART3_IRQHandler	8	static
../Core/Src/interrupt.c:70:6:UART4_IRQHandler	8	static
../Core/Src/interrupt.c:74:6:UART5_IRQHandler	8	static
../Core/Src/interrupt.c:78:6:USART6_IRQHandler	8	static
../Core/Src/interrupt.c:82:6:UART7_IRQHandler	8	static
../Core/Src/interrupt.c:86:6:UART8_IRQHandler	8	static
../Core/Src/interrupt.c:90:6:SPI1_IRQHandler	8	static
../Core/Src/interrupt.c:95:6:SPI2_IRQHandler	8	static
../Core/Src/interrupt.c:100:6:SPI3_IRQHandler	8	static
../Core/Src/interrupt.c:105:6:SPI4_IRQHandler	8	static
../Core/Src/interrupt.c:110:6:SPI5_IRQHandler	8	static
../Core/Src/interrupt.c:115:6:SPI6_IRQHandler	8	static
../Core/Src/interrupt.c:119:6:I2C1_EV_IRQHandler	8	static
../Core/Src/interrupt.c:124:6:I2C1_ER_IRQHandler	8	static
../Core/Src/interrupt.c:129:6:I2C2_EV_IRQHandler	8	static
../Core/Src/interrupt.c:134:6:I2C2_ER_IRQHandler	8	static
../Core/Src/interrupt.c:139:6:I2C3_EV_IRQHandler	8	static
../Core/Src/interrupt.c:144:6:I2C3_ER_IRQHandler	8	static
../Core/Src/interrupt.c:149:6:I2C4_EV_IRQHandler	8	static
../Core/Src/interrupt.c:154:6:I2C4_ER_IRQHandler	8	static
