Archive member included to satisfy reference by file (symbol)

C:/ST/STM32CubeIDE_1.18.1/STM32CubeIDE/plugins/com.st.stm32cube.ide.mcu.externaltools.gnu-tools-for-stm32.13.3.rel1.win32_1.0.0.202411081344/tools/bin/../lib/gcc/arm-none-eabi/13.3.1/../../../../arm-none-eabi/lib/thumb/v7e-m+dp/hard\libc_nano.a(libc_a-exit.o)
                              C:/ST/STM32CubeIDE_1.18.1/STM32CubeIDE/plugins/com.st.stm32cube.ide.mcu.externaltools.gnu-tools-for-stm32.13.3.rel1.win32_1.0.0.202411081344/tools/bin/../lib/gcc/arm-none-eabi/13.3.1/../../../../arm-none-eabi/lib/thumb/v7e-m+dp/hard/crt0.o (exit)
C:/ST/STM32CubeIDE_1.18.1/STM32CubeIDE/plugins/com.st.stm32cube.ide.mcu.externaltools.gnu-tools-for-stm32.13.3.rel1.win32_1.0.0.202411081344/tools/bin/../lib/gcc/arm-none-eabi/13.3.1/../../../../arm-none-eabi/lib/thumb/v7e-m+dp/hard\libc_nano.a(libc_a-findfp.o)
                              C:/ST/STM32CubeIDE_1.18.1/STM32CubeIDE/plugins/com.st.stm32cube.ide.mcu.externaltools.gnu-tools-for-stm32.13.3.rel1.win32_1.0.0.202411081344/tools/bin/../lib/gcc/arm-none-eabi/13.3.1/../../../../arm-none-eabi/lib/thumb/v7e-m+dp/hard\libc_nano.a(libc_a-exit.o) (__stdio_exit_handler)
C:/ST/STM32CubeIDE_1.18.1/STM32CubeIDE/plugins/com.st.stm32cube.ide.mcu.externaltools.gnu-tools-for-stm32.13.3.rel1.win32_1.0.0.202411081344/tools/bin/../lib/gcc/arm-none-eabi/13.3.1/../../../../arm-none-eabi/lib/thumb/v7e-m+dp/hard\libc_nano.a(libc_a-fwalk.o)
                              C:/ST/STM32CubeIDE_1.18.1/STM32CubeIDE/plugins/com.st.stm32cube.ide.mcu.externaltools.gnu-tools-for-stm32.13.3.rel1.win32_1.0.0.202411081344/tools/bin/../lib/gcc/arm-none-eabi/13.3.1/../../../../arm-none-eabi/lib/thumb/v7e-m+dp/hard\libc_nano.a(libc_a-findfp.o) (_fwalk_sglue)
C:/ST/STM32CubeIDE_1.18.1/STM32CubeIDE/plugins/com.st.stm32cube.ide.mcu.externaltools.gnu-tools-for-stm32.13.3.rel1.win32_1.0.0.202411081344/tools/bin/../lib/gcc/arm-none-eabi/13.3.1/../../../../arm-none-eabi/lib/thumb/v7e-m+dp/hard\libc_nano.a(libc_a-stdio.o)
                              C:/ST/STM32CubeIDE_1.18.1/STM32CubeIDE/plugins/com.st.stm32cube.ide.mcu.externaltools.gnu-tools-for-stm32.13.3.rel1.win32_1.0.0.202411081344/tools/bin/../lib/gcc/arm-none-eabi/13.3.1/../../../../arm-none-eabi/lib/thumb/v7e-m+dp/hard\libc_nano.a(libc_a-findfp.o) (__sread)
C:/ST/STM32CubeIDE_1.18.1/STM32CubeIDE/plugins/com.st.stm32cube.ide.mcu.externaltools.gnu-tools-for-stm32.13.3.rel1.win32_1.0.0.202411081344/tools/bin/../lib/gcc/arm-none-eabi/13.3.1/../../../../arm-none-eabi/lib/thumb/v7e-m+dp/hard\libc_nano.a(libc_a-memset.o)
                              C:/ST/STM32CubeIDE_1.18.1/STM32CubeIDE/plugins/com.st.stm32cube.ide.mcu.externaltools.gnu-tools-for-stm32.13.3.rel1.win32_1.0.0.202411081344/tools/bin/../lib/gcc/arm-none-eabi/13.3.1/../../../../arm-none-eabi/lib/thumb/v7e-m+dp/hard/crt0.o (memset)
C:/ST/STM32CubeIDE_1.18.1/STM32CubeIDE/plugins/com.st.stm32cube.ide.mcu.externaltools.gnu-tools-for-stm32.13.3.rel1.win32_1.0.0.202411081344/tools/bin/../lib/gcc/arm-none-eabi/13.3.1/../../../../arm-none-eabi/lib/thumb/v7e-m+dp/hard\libc_nano.a(libc_a-closer.o)
                              C:/ST/STM32CubeIDE_1.18.1/STM32CubeIDE/plugins/com.st.stm32cube.ide.mcu.externaltools.gnu-tools-for-stm32.13.3.rel1.win32_1.0.0.202411081344/tools/bin/../lib/gcc/arm-none-eabi/13.3.1/../../../../arm-none-eabi/lib/thumb/v7e-m+dp/hard\libc_nano.a(libc_a-stdio.o) (_close_r)
C:/ST/STM32CubeIDE_1.18.1/STM32CubeIDE/plugins/com.st.stm32cube.ide.mcu.externaltools.gnu-tools-for-stm32.13.3.rel1.win32_1.0.0.202411081344/tools/bin/../lib/gcc/arm-none-eabi/13.3.1/../../../../arm-none-eabi/lib/thumb/v7e-m+dp/hard\libc_nano.a(libc_a-reent.o)
                              C:/ST/STM32CubeIDE_1.18.1/STM32CubeIDE/plugins/com.st.stm32cube.ide.mcu.externaltools.gnu-tools-for-stm32.13.3.rel1.win32_1.0.0.202411081344/tools/bin/../lib/gcc/arm-none-eabi/13.3.1/../../../../arm-none-eabi/lib/thumb/v7e-m+dp/hard\libc_nano.a(libc_a-closer.o) (errno)
C:/ST/STM32CubeIDE_1.18.1/STM32CubeIDE/plugins/com.st.stm32cube.ide.mcu.externaltools.gnu-tools-for-stm32.13.3.rel1.win32_1.0.0.202411081344/tools/bin/../lib/gcc/arm-none-eabi/13.3.1/../../../../arm-none-eabi/lib/thumb/v7e-m+dp/hard\libc_nano.a(libc_a-impure.o)
                              C:/ST/STM32CubeIDE_1.18.1/STM32CubeIDE/plugins/com.st.stm32cube.ide.mcu.externaltools.gnu-tools-for-stm32.13.3.rel1.win32_1.0.0.202411081344/tools/bin/../lib/gcc/arm-none-eabi/13.3.1/../../../../arm-none-eabi/lib/thumb/v7e-m+dp/hard\libc_nano.a(libc_a-reent.o) (_impure_ptr)
C:/ST/STM32CubeIDE_1.18.1/STM32CubeIDE/plugins/com.st.stm32cube.ide.mcu.externaltools.gnu-tools-for-stm32.13.3.rel1.win32_1.0.0.202411081344/tools/bin/../lib/gcc/arm-none-eabi/13.3.1/../../../../arm-none-eabi/lib/thumb/v7e-m+dp/hard\libc_nano.a(libc_a-lseekr.o)
[...]
Memory Configuration

Name             Origin             Length             Attributes
RAM              0x20000000         0x00080000         xrw
FLASH            0x08000000         0x00200000         xr
*default*        0x00000000         0xffffffff

Linker script and memory map

LOAD C:/ST/STM32CubeIDE_1.18.1/STM32CubeIDE/plugins/com.st.stm32cube.ide.mcu.externaltools.gnu-tools-for-stm32.13.3.rel1.win32_1.0.0.202411081344/tools/bin/../lib/gcc/arm-none-eabi/13.3.1/thumb/v7e-m+dp/hard/crti.o
LOAD C:/ST/STM32CubeIDE_1.18.1/STM32CubeIDE/plugins/com.st.stm32cube.ide.mcu.externaltools.gnu-tools-for-stm32.13.3.rel1.win32_1.0.0.202411081344/tools/bin/../lib/gcc/arm-none-eabi/13.3.1/thumb/v7e-m+dp/hard/crtbegin.o
LOAD C:/ST/STM32CubeIDE_1.18.1/STM32CubeIDE/plugins/com.st.stm32cube.ide.mcu.externaltools.gnu-tools-for-stm32.13.3.rel1.win32_1.0.0.202411081344/tools/bin/../lib/gcc/arm-none-eabi/13.3.1/../../../../arm-none-eabi/lib/thumb/v7e-m+dp/hard/crt0.o
LOAD ./Core/Src/interrupt.o
LOAD ./Core/Src/main.o
LOAD ./Core/Src/syscalls.o
LOAD ./Core/Src/sysmem.o
LOAD ./Core/Src/system_stm32f7xx.o
LOAD ./Core/Startup/startup_stm32f767zitx.o
LOAD ./Drivers/MyDrivers/Src/stm32f767xx_gpio_driver.o
LOAD ./Drivers/MyDrivers/Src/stm32f767xx_i2c_driver.o
LOAD ./Drivers/MyDrivers/Src/stm32f767xx_nvic_driver.o
LOAD ./Drivers/MyDrivers/Src/stm32f767xx_rcc_driver.o
LOAD ./Drivers/MyDrivers/Src/stm32f767xx_spi_driver.o
LOAD ./Drivers/MyDrivers/Src/stm32f767xx_systick_driver.o
LOAD ./Drivers/MyDrivers/Src/stm32f767xx_usart_driver.o
LOAD ./Examples/Src/ex0001_gpio_led_blink.o
LOAD ./Examples/Src/ex002_gpio_led_set_reset.o
LOAD ./Examples/Src/ex003_gpio_button_input.o
LOAD ./Examples/Src/ex004_gpio_deinit_test.o
LOAD ./Examples/Src/ex005_gpio_button_interrupt.o
LOAD ./Examples/Src/ex006_systick_led_blink.o
LOAD ./Examples/Src/ex007_usart3_tx.o
LOAD ./Examples/Src/ex008_usart3_rx_echo.o
LOAD ./Examples/Src/ex009_usart3_it_rx_echo.o
LOAD ./Examples/Src/ex010_usart3_packet_10byte.o
LOAD ./Examples/Src/ex011_usart3_packet_parser.o
LOAD ./Examples/Src/ex012_spi1_loopback.o
LOAD ./Examples/Src/ex013_spi1_loopback_with_cs.o
LOAD ./Examples/Src/ex014_spi1_send_receive_test.o
LOAD ./Examples/Src/ex015_i2c1_init_test.o
LOAD ./Examples/Src/ex017_i2c1_scanner_test.o
LOAD ./Examples/Src/ex018_i2c1_ssd1306_command_test.o
START GROUP
LOAD C:/ST/STM32CubeIDE_1.18.1/STM32CubeIDE/plugins/com.st.stm32cube.ide.mcu.externaltools.gnu-tools-for-stm32.13.3.rel1.win32_1.0.0.202411081344/tools/bin/../lib/gcc/arm-none-eabi/13.3.1/../../../../arm-none-eabi/lib/thumb/v7e-m+dp/hard\libc_nano.a
LOAD C:/ST/STM32CubeIDE_1.18.1/STM32CubeIDE/plugins/com.st.stm32cube.ide.mcu.externaltools.gnu-tools-for-stm32.13.3.rel1.win32_1.0.0.202411081344/tools/bin/../lib/gcc/arm-none-eabi/13.3.1/../../../../arm-none-eabi/lib/thumb/v7e-m+dp/hard\libm.a
END GROUP
START GROUP
LOAD C:/ST/STM32CubeIDE_1.18.1/STM32CubeIDE/plugins/com.st.stm32cube.ide.mcu.externaltools.gnu-tools-for-stm32.13.3.rel1.win32_1.0.0.202411081344/tools/bin/../lib/gcc/arm-none-eabi/13.3.1/thumb/v7e-m+dp/hard\libgcc.a
LOAD C:/ST/STM32CubeIDE_1.18.1/STM32CubeIDE/plugins/com.st.stm32cube.ide.mcu.externaltools.gnu-tools-for-stm32.13.3.rel1.win32_1.0.0.202411081344/tools/bin/../lib/gcc/arm-none-eabi/13.3.1/../../../../arm-none-eabi/lib/thumb/v7e-m+dp/hard\libc_nano.a
END GROUP
START GROUP
LOAD C:/ST/STM32CubeIDE_1.18.1/STM32CubeIDE/plugins/com.st.stm32cube.ide.mcu.externaltools.gnu-tools-for-stm32.13.3.rel1.win32_1.0.0.202411081344/tools/bin/../lib/gcc/arm-none-eabi/13.3.1/thumb/v7e-m+dp/hard\libgcc.a
LOAD C:/ST/STM32CubeIDE_1.18.1/STM32CubeIDE/plugins/com.st.stm32cube.ide.mcu.externaltools.gnu-tools-for-stm32.13.3.rel1.win32_1.0.0.202411081344/tools/bin/../lib/gcc/arm-none-eabi/13.3.1/../../../../arm-none-eabi/lib/thumb/v7e-m+dp/hard\libc_nano.a
LOAD C:/ST/STM32CubeIDE_1.18.1/STM32CubeIDE/plugins/com.st.stm32cube.ide.mcu.externaltools.gnu-tools-for-stm32.13.3.rel1.win32_1.0.0.202411081344/tools/bin/../lib/gcc/arm-none-eabi/13.3.1/../../../../arm-none-eabi/lib/thumb/v7e-m+dp/hard\libnosys.a
END GROUP
START GROUP
LOAD C:/ST/STM32CubeIDE_1.18.1/STM32CubeIDE/plugins/com.st.stm32cube.ide.mcu.externaltools.gnu-tools-for-stm32.13.3.rel1.win32_1.0.0.202411081344/tools/bin/../lib/gcc/arm-none-eabi/13.3.1/thumb/v7e-m+dp/hard\libgcc.a
LOAD C:/ST/STM32CubeIDE_1.18.1/STM32CubeIDE/plugins/com.st.stm32cube.ide.mcu.externaltools.gnu-tools-for-stm32.13.3.rel1.win32_1.0.0.202411081344/tools/bin/../lib/gcc/arm-none-eabi/13.3.1/../../../../arm-none-eabi/lib/thumb/v7e-m+dp/hard\libc_nano.a
LOAD C:/ST/STM32CubeIDE_1.18.1/STM32CubeIDE/plugins/com.st.stm32cube.ide.mcu.externaltools.gnu-tools-for-stm32.13.3.rel1.win32_1.0.0.202411081344/tools/bin/../lib/gcc/arm-none-eabi/13.3.1/../../../../arm-none-eabi/lib/thumb/v7e-m+dp/hard\libnosys.a
END GROUP
LOAD C:/ST/STM32CubeIDE_1.18.1/STM32CubeIDE/plugins/com.st.stm32cube.ide.mcu.externaltools.gnu-tools-for-stm32.13.3.rel1.win32_1.0.0.202411081344/tools/bin/../lib/gcc/arm-none-eabi/13.3.1/thumb/v7e-m+dp/hard/crtend.o
LOAD C:/ST/STM32CubeIDE_1.18.1/STM32CubeIDE/plugins/com.st.stm32cube.ide.mcu.externaltools.gnu-tools-for-stm32.13.3.rel1.win32_1.0.0.202411081344/tools/bin/../lib/gcc/arm-none-eabi/13.3.1/thumb/v7e-m+dp/hard/crtn.o
                0x20080000                        _estack = (ORIGIN (RAM) + LENGTH (RAM))
                0x00000200                        _Min_Heap_Size = 0x200
                0x00000400                        _Min_Stack_Size = 0x400

.isr_vector     0x08000000      0x1f8
                0x08000000                        . = ALIGN (0x4)
 *(.isr_vector)
 .isr_vector    0x08000000      0x1f8 ./Core/Startup/startup_stm32f767zitx.o
                0x08000000                g_pfnVectors
                0x080001f8                        . = ALIGN (0x4)

.text           0x080001f8     0x1690
                0x080001f8                        . = ALIGN (0x4)
 *(.text)
 .text          0x080001f8       0x40 C:/ST/STM32CubeIDE_1.18.1/STM32CubeIDE/plugins/com.st.stm32cube.ide.mcu.externaltools.gnu-tools-for-stm32.13.3.rel1.win32_1.0.0.202411081344/tools/bin/../lib/gcc/arm-none-eabi/13.3.1/thumb/v7e-m+dp/hard/crtbegin.o
 *(.text*)
 .text.EXTI0_IRQHandler
                0x08000238        0xe ./Core/Src/interrupt.o
                0x08000238                EXTI0_IRQHandler
 .text.EXTI1_IRQHandler
                0x08000246        0xe ./Core/Src/interrupt.o
                0x08000246                EXTI1_IRQHandler
 .text.EXTI2_IRQHandler
                0x08000254        0xe ./Core/Src/interrupt.o
                0x08000254                EXTI2_IRQHandler
 .text.EXTI3_IRQHandler
                0x08000262        0xe ./Core/Src/interrupt.o
                0x08000262                EXTI3_IRQHandler
 .text.EXTI4_IRQHandler
                0x08000270        0xe ./Core/Src/interrupt.o
                0x08000270                EXTI4_IRQHandler
 .text.EXTI9_5_IRQHandler
                0x0800027e       0x2a ./Core/Src/interrupt.o
                0x0800027e                EXTI9_5_IRQHandler
 .text.EXTI15_10_IRQHandler
                0x080002a8       0x2a ./Core/Src/interrupt.o
                0x080002a8                EXTI15_10_IRQHandler
 .text.SysTick_Handler
                0x080002d2        0xc ./Core/Src/interrupt.o
                0x080002d2                SysTick_Handler
 *fill*         0x080002de        0x2 
 .text.USART1_IRQHandler
                0x080002e0       0x14 ./Core/Src/interrupt.o
                0x080002e0                USART1_IRQHandler
 .text.USART2_IRQHandler
                0x080002f4       0x14 ./Core/Src/interrupt.o
                0x080002f4                USART2_IRQHandler
 .text.USART3_IRQHandler
                0x08000308       0x14 ./Core/Src/interrupt.o
                0x08000308                USART3_IRQHandler
 .text.UART4_IRQHandler
                0x0800031c       0x14 ./Core/Src/interrupt.o
                0x0800031c                UART4_IRQHandler
 .text.UART5_IRQHandler
                0x08000330       0x14 ./Core/Src/interrupt.o
                0x08000330                UART5_IRQHandler
 .text.USART6_IRQHandler
                0x08000344       0x14 ./Core/Src/interrupt.o
                0x08000344                USART6_IRQHandler
 .text.UART7_IRQHandler
                0x08000358       0x14 ./Core/Src/interrupt.o
                0x08000358                UART7_IRQHandler
 .text.UART8_IRQHandler
                0x0800036c       0x14 ./Core/Src/interrupt.o
                0x0800036c                UART8_IRQHandler
 .text.main     0x08000380        0xc ./Core/Src/main.o
                0x08000380                main
 .text.SystemInit
                0x0800038c       0x24 ./Core/Src/system_stm32f7xx.o
                0x0800038c                SystemInit
 .text.Reset_Handler
                0x080003b0       0x50 ./Core/Startup/startup_stm32f767zitx.o
                0x080003b0                Reset_Handler
 .text.Default_Handler
                0x08000400        0x2 ./Core/Startup/startup_stm32f767zitx.o
                0x08000400                RTC_Alarm_IRQHandler
                0x08000400                TIM8_CC_IRQHandler
                0x08000400                DebugMon_Handler
                0x08000400                SPI4_IRQHandler
                0x08000400                TIM1_CC_IRQHandler
                0x08000400                DMA2_Stream5_IRQHandler
                0x08000400                HardFault_Handler
                0x08000400                JPEG_IRQHandler
                0x08000400                DMA1_Stream5_IRQHandler
                0x08000400                CAN3_RX1_IRQHandler
                0x08000400                PVD_IRQHandler
                0x08000400                TAMP_STAMP_IRQHandler
                0x08000400                PendSV_Handler
                0x08000400                NMI_Handler
                0x08000400                CAN2_RX1_IRQHandler
                0x08000400                TIM8_TRG_COM_TIM14_IRQHandler
                0x08000400                DFSDM1_FLT1_IRQHandler
                0x08000400                TIM1_UP_TIM10_IRQHandler
                0x08000400                TIM8_UP_TIM13_IRQHandler
                0x08000400                I2C3_ER_IRQHandler
                0x08000400                DFSDM1_FLT2_IRQHandler
                0x08000400                I2C2_EV_IRQHandler
                0x08000400                DMA1_Stream2_IRQHandler
                0x08000400                CAN1_RX0_IRQHandler
                0x08000400                FPU_IRQHandler
                0x08000400                OTG_HS_WKUP_IRQHandler
                0x08000400                CAN3_SCE_IRQHandler
                0x08000400                UsageFault_Handler
                0x08000400                LTDC_ER_IRQHandler
                0x08000400                CAN2_SCE_IRQHandler
                0x08000400                DMA2_Stream2_IRQHandler
                0x08000400                SPI1_IRQHandler
                0x08000400                TIM6_DAC_IRQHandler
                0x08000400                TIM1_BRK_TIM9_IRQHandler
                0x08000400                DCMI_IRQHandler
                0x08000400                CAN2_RX0_IRQHandler
                0x08000400                DMA2_Stream3_IRQHandler
                0x08000400                SAI2_IRQHandler
                0x08000400                DFSDM1_FLT3_IRQHandler
                0x08000400                CAN3_RX0_IRQHandler
                0x08000400                CAN1_RX1_IRQHandler
                0x08000400                DMA2_Stream0_IRQHandler
                0x08000400                TIM4_IRQHandler
                0x08000400                QUADSPI_IRQHandler
                0x08000400                I2C1_EV_IRQHandler
                0x08000400                DMA1_Stream6_IRQHandler
                0x08000400                DMA1_Stream1_IRQHandler
                0x08000400                TIM3_IRQHandler
                0x08000400                RCC_IRQHandler
                0x08000400                TIM8_BRK_TIM12_IRQHandler
                0x08000400                Default_Handler
                0x08000400                CEC_IRQHandler
                0x08000400                ADC_IRQHandler
                0x08000400                DMA1_Stream7_IRQHandler
                0x08000400                SPI5_IRQHandler
                0x08000400                TIM7_IRQHandler
                0x08000400                SDMMC1_IRQHandler
                0x08000400                CAN2_TX_IRQHandler
                0x08000400                TIM5_IRQHandler
                0x08000400                DMA2_Stream7_IRQHandler
                0x08000400                I2C3_EV_IRQHandler
                0x08000400                RTC_WKUP_IRQHandler
                0x08000400                LTDC_IRQHandler
                0x08000400                ETH_WKUP_IRQHandler
                0x08000400                SPDIF_RX_IRQHandler
                0x08000400                SPI2_IRQHandler
                0x08000400                OTG_HS_EP1_IN_IRQHandler
                0x08000400                MemManage_Handler
                0x08000400                DMA1_Stream0_IRQHandler
                0x08000400                CAN1_TX_IRQHandler
                0x08000400                SVC_Handler
                0x08000400                RNG_IRQHandler
                0x08000400                ETH_IRQHandler
                0x08000400                OTG_HS_EP1_OUT_IRQHandler
                0x08000400                WWDG_IRQHandler
                0x08000400                SPI6_IRQHandler
                0x08000400                MDIOS_IRQHandler
                0x08000400                I2C4_EV_IRQHandler
                0x08000400                CAN3_TX_IRQHandler
                0x08000400                TIM2_IRQHandler
                0x08000400                OTG_FS_WKUP_IRQHandler
                0x08000400                TIM1_TRG_COM_TIM11_IRQHandler
                0x08000400                OTG_HS_IRQHandler
                0x08000400                DMA2D_IRQHandler
                0x08000400                SDMMC2_IRQHandler
                0x08000400                DFSDM1_FLT0_IRQHandler
                0x08000400                I2C2_ER_IRQHandler
                0x08000400                DMA2_Stream1_IRQHandler
                0x08000400                CAN1_SCE_IRQHandler
                0x08000400                FLASH_IRQHandler
                0x08000400                DMA2_Stream4_IRQHandler
                0x08000400                BusFault_Handler
                0x08000400                OTG_FS_IRQHandler
                0x08000400                SPI3_IRQHandler
                0x08000400                DMA1_Stream4_IRQHandler
                0x08000400                I2C1_ER_IRQHandler
                0x08000400                FMC_IRQHandler
                0x08000400                LPTIM1_IRQHandler
                0x08000400                I2C4_ER_IRQHandler
                0x08000400                DMA2_Stream6_IRQHandler
                0x08000400                SAI1_IRQHandler
                0x08000400                DMA1_Stream3_IRQHandler
 *fill*         0x08000402        0x2 
 .text.GPIO_PeriClockControl
                0x08000404      0x230 ./Drivers/MyDrivers/Src/stm32f767xx_gpio_driver.o
                0x08000404                GPIO_PeriClockControl
 .text.GPIO_Init
                0x08000634      0x3a4 ./Drivers/MyDrivers/Src/stm32f767xx_gpio_driver.o
                0x08000634                GPIO_Init
 .text.GPIO_IRQHandling
                0x080009d8       0x4c ./Drivers/MyDrivers/Src/stm32f767xx_gpio_driver.o
                0x080009d8                GPIO_IRQHandling
 .text.GPIO_ApplicationEventCallback
                0x08000a24       0x18 ./Drivers/MyDrivers/Src/stm32f767xx_gpio_driver.o
                0x08000a24                GPIO_ApplicationEventCallback
 .text.I2C_WaitOnFlagUntilTimeout
                0x08000a3c       0xa8 ./Drivers/MyDrivers/Src/stm32f767xx_i2c_driver.o
 .text.I2C_PeriClockControl
                0x08000ae4       0xe0 ./Drivers/MyDrivers/Src/stm32f767xx_i2c_driver.o
                0x08000ae4                I2C_PeriClockControl
 .text.I2C_Init
                0x08000bc4       0xc8 ./Drivers/MyDrivers/Src/stm32f767xx_i2c_driver.o
                0x08000bc4                I2C_Init
 .text.I2C_PeripheralControl
                0x08000c8c       0x38 ./Drivers/MyDrivers/Src/stm32f767xx_i2c_driver.o
                0x08000c8c                I2C_PeripheralControl
 .text.I2C_GetFlagStatus
                0x08000cc4       0x28 ./Drivers/MyDrivers/Src/stm32f767xx_i2c_driver.o
                0x08000cc4                I2C_GetFlagStatus
 .text.I2C_GetErrorStatus
                0x08000cec       0x88 ./Drivers/MyDrivers/Src/stm32f767xx_i2c_driver.o
                0x08000cec                I2C_GetErrorStatus
 .text.I2C_ClearErrorFlags
                0x08000d74       0x24 ./Drivers/MyDrivers/Src/stm32f767xx_i2c_driver.o
                0x08000d74                I2C_ClearErrorFlags
 .text.I2C_ClearSTOPFlag
                0x08000d98       0x22 ./Drivers/MyDrivers/Src/stm32f767xx_i2c_driver.o
                0x08000d98                I2C_ClearSTOPFlag
 .text.I2C_ClearNACKFlag
                0x08000dba       0x22 ./Drivers/MyDrivers/Src/stm32f767xx_i2c_driver.o
                0x08000dba                I2C_ClearNACKFlag
 .text.I2C_MasterTransmitWithTimeout
                0x08000ddc      0x1a2 ./Drivers/MyDrivers/Src/stm32f767xx_i2c_driver.o
                0x08000ddc                I2C_MasterTransmitWithTimeout
 *fill*         0x08000f7e        0x2 
 .text.SysTick_Init
                0x08000f80       0x70 ./Drivers/MyDrivers/Src/stm32f767xx_systick_driver.o
                0x08000f80                SysTick_Init
 .text.SysTick_IncTick
                0x08000ff0       0x1c ./Drivers/MyDrivers/Src/stm32f767xx_systick_driver.o
                0x08000ff0                SysTick_IncTick
 .text.millis   0x0800100c       0x18 ./Drivers/MyDrivers/Src/stm32f767xx_systick_driver.o
                0x0800100c                millis
 .text.delay_ms
                0x08001024       0x2a ./Drivers/MyDrivers/Src/stm32f767xx_systick_driver.o
                0x08001024                delay_ms
 *fill*         0x0800104e        0x2 
 .text.USART_GetHandleFromInstance
                0x08001050       0xc8 ./Drivers/MyDrivers/Src/stm32f767xx_usart_driver.o
 .text.USART_GetDataMask
                0x08001118       0x54 ./Drivers/MyDrivers/Src/stm32f767xx_usart_driver.o
 .text.USART_RxRingBufferPush
                0x0800116c       0x6e ./Drivers/MyDrivers/Src/stm32f767xx_usart_driver.o
 .text.USART_IRQHandling
                0x080011da      0x100 ./Drivers/MyDrivers/Src/stm32f767xx_usart_driver.o
                0x080011da                USART_IRQHandling
 .text.USART_ApplicationEventCallback
                0x080012da       0x18 ./Drivers/MyDrivers/Src/stm32f767xx_usart_driver.o
                0x080012da                USART_ApplicationEventCallback
 *fill*         0x080012f2        0x2 
 .text.I2C1_GPIOInits
                0x080012f4       0x44 ./Examples/Src/ex018_i2c1_ssd1306_command_test.o
 .text.I2C1_Inits
                0x08001338       0x3c ./Examples/Src/ex018_i2c1_ssd1306_command_test.o
 .text.SSD1306_WriteCommand
                0x08001374       0x3c ./Examples/Src/ex018_i2c1_ssd1306_command_test.o
 .text.SSD1306_WriteDataChunk
                0x080013b0       0x78 ./Examples/Src/ex018_i2c1_ssd1306_command_test.o
 .text.SSD1306_Init
                0x08001428      0x246 ./Examples/Src/ex018_i2c1_ssd1306_command_test.o
 .text.SSD1306_SetCursor
                0x0800166e       0x80 ./Examples/Src/ex018_i2c1_ssd1306_command_test.o
 .text.SSD1306_Fill
                0x080016ee       0x88 ./Examples/Src/ex018_i2c1_ssd1306_command_test.o
 *fill*         0x08001776        0x2 
 .text.EX018_I2C1_SSD1306_Command_Test
                0x08001778       0xb0 ./Examples/Src/ex018_i2c1_ssd1306_command_test.o
                0x08001778                EX018_I2C1_SSD1306_Command_Test
 .text.__libc_init_array
                0x08001828       0x48 C:/ST/STM32CubeIDE_1.18.1/STM32CubeIDE/plugins/com.st.stm32cube.ide.mcu.externaltools.gnu-tools-for-stm32.13.3.rel1.win32_1.0.0.202411081344/tools/bin/../lib/gcc/arm-none-eabi/13.3.1/../../../../arm-none-eabi/lib/thumb/v7e-m+dp/hard\libc_nano.a(libc_a-init.o)
                0x08001828                __libc_init_array
 *(.glue_7)
 .glue_7        0x08001870        0x0 linker stubs
 *(.glue_7t)
 .glue_7t       0x08001870        0x0 linker stubs
 *(.eh_frame)
 .eh_frame      0x08001870        0x0 C:/ST/STM32CubeIDE_1.18.1/STM32CubeIDE/plugins/com.st.stm32cube.ide.mcu.externaltools.gnu-tools-for-stm32.13.3.rel1.win32_1.0.0.202411081344/tools/bin/../lib/gcc/arm-none-eabi/13.3.1/thumb/v7e-m+dp/hard/crtbegin.o
 *(.init)
 .init          0x08001870        0x4 C:/ST/STM32CubeIDE_1.18.1/STM32CubeIDE/plugins/com.st.stm32cube.ide.mcu.externaltools.gnu-tools-for-stm32.13.3.rel1.win32_1.0.0.202411081344/tools/bin/../lib/gcc/arm-none-eabi/13.3.1/thumb/v7e-m+dp/hard/crti.o
                0x08001870                _init
 .init          0x08001874        0x8 C:/ST/STM32CubeIDE_1.18.1/STM32CubeIDE/plugins/com.st.stm32cube.ide.mcu.externaltools.gnu-tools-for-stm32.13.3.rel1.win32_1.0.0.202411081344/tools/bin/../lib/gcc/arm-none-eabi/13.3.1/thumb/v7e-m+dp/hard/crtn.o
 *(.fini)
 .fini          0x0800187c        0x4 C:/ST/STM32CubeIDE_1.18.1/STM32CubeIDE/plugins/com.st.stm32cube.ide.mcu.externaltools.gnu-tools-for-stm32.13.3.rel1.win32_1.0.0.202411081344/tools/bin/../lib/gcc/arm-none-eabi/13.3.1/thumb/v7e-m+dp/hard/crti.o
                0x0800187c                _fini
 .fini          0x08001880        0x8 C:/ST/STM32CubeIDE_1.18.1/STM32CubeIDE/plugins/com.st.stm32cube.ide.mcu.externaltools.gnu-tools-for-stm32.13.3.rel1.win32_1.0.0.202411081344/tools/bin/../lib/gcc/arm-none-eabi/13.3.1/thumb/v7e-m+dp/hard/crtn.o
                0x08001888                        . = ALIGN (0x4)
                0x08001888                        _etext = .

.vfp11_veneer   0x08001888        0x0
 .vfp11_veneer  0x08001888        0x0 linker stubs

.v4_bx          0x08001888        0x0
 .v4_bx         0x08001888        0x0 linker stubs

.iplt           0x08001888        0x0
 .iplt          0x08001888        0x0 C:/ST/STM32CubeIDE_1.18.1/STM32CubeIDE/plugins/com.st.stm32cube.ide.mcu.externaltools.gnu-tools-for-stm32.13.3.rel1.win32_1.0.0.202411081344/tools/bin/../lib/gcc/arm-none-eabi/13.3.1/thumb/v7e-m+dp/hard/crtbegin.o

.rodata         0x08001888        0x0
                0x08001888                        . = ALIGN (0x4)
 *(.rodata)
 *(.rodata*)
                0x08001888                        . = ALIGN (0x4)

.ARM.extab      0x08001888        0x0
                0x08001888                        . = ALIGN (0x4)
 *(.ARM.extab* .gnu.linkonce.armextab.*)
                0x08001888                        . = ALIGN (0x4)

.ARM            0x08001888        0x0
                0x08001888                        . = ALIGN (0x4)
                0x08001888                        __exidx_start = .
 *(.ARM.exidx*)
                0x08001888                        __exidx_end = .
                0x08001888                        . = ALIGN (0x4)

.preinit_array  0x08001888        0x0
                0x08001888                        . = ALIGN (0x4)
                0x08001888                        PROVIDE (__preinit_array_start = .)
 *(.preinit_array*)
                0x08001888                        PROVIDE (__preinit_array_end = .)
                0x08001888                        . = ALIGN (0x4)

.init_array     0x08001888        0x4
                0x08001888                        . = ALIGN (0x4)
                0x08001888                        PROVIDE (__init_array_start = .)
 *(SORT_BY_NAME(.init_array.*))
 *(.init_array*)
 .init_array    0x08001888        0x4 C:/ST/STM32CubeIDE_1.18.1/STM32CubeIDE/plugins/com.st.stm32cube.ide.mcu.externaltools.gnu-tools-for-stm32.13.3.rel1.win32_1.0.0.202411081344/tools/bin/../lib/gcc/arm-none-eabi/13.3.1/thumb/v7e-m+dp/hard/crtbegin.o
                0x0800188c                        PROVIDE (__init_array_end = .)
                0x0800188c                        . = ALIGN (0x4)

.fini_array     0x0800188c        0x4
                0x0800188c                        . = ALIGN (0x4)
                [!provide]                        PROVIDE (__fini_array_start = .)
 *(SORT_BY_NAME(.fini_array.*))
 *(.fini_array*)
 .fini_array    0x0800188c        0x4 C:/ST/STM32CubeIDE_1.18.1/STM32CubeIDE/plugins/com.st.stm32cube.ide.mcu.externaltools.gnu-tools-for-stm32.13.3.rel1.win32_1.0.0.202411081344/tools/bin/../lib/gcc/arm-none-eabi/13.3.1/thumb/v7e-m+dp/hard/crtbegin.o
                [!provide]                        PROVIDE (__fini_array_end = .)
                0x08001890                        . = ALIGN (0x4)
                0x08001890                        _sidata = LOADADDR (.data)

.rel.dyn        0x08001890        0x0
 .rel.iplt      0x08001890        0x0 C:/ST/STM32CubeIDE_1.18.1/STM32CubeIDE/plugins/com.st.stm32cube.ide.mcu.externaltools.gnu-tools-for-stm32.13.3.rel1.win32_1.0.0.202411081344/tools/bin/../lib/gcc/arm-none-eabi/13.3.1/thumb/v7e-m+dp/hard/crtbegin.o

.data           0x20000000        0x0 load address 0x08001890
                0x20000000                        . = ALIGN (0x4)
                0x20000000                        _sdata = .
 *(.data)
 *(.data*)
 *(.RamFunc)
 *(.RamFunc*)
                0x20000000                        . = ALIGN (0x4)
                0x20000000                        _edata = .

.igot.plt       0x20000000        0x0 load address 0x08001890
 .igot.plt      0x20000000        0x0 C:/ST/STM32CubeIDE_1.18.1/STM32CubeIDE/plugins/com.st.stm32cube.ide.mcu.externaltools.gnu-tools-for-stm32.13.3.rel1.win32_1.0.0.202411081344/tools/bin/../lib/gcc/arm-none-eabi/13.3.1/thumb/v7e-m+dp/hard/crtbegin.o
                0x20000000                        . = ALIGN (0x4)

.bss            0x20000000       0x90 load address 0x08001890
                0x20000000                        _sbss = .
                0x20000000                        __bss_start__ = _sbss
 *(.bss)
 .bss           0x20000000       0x1c C:/ST/STM32CubeIDE_1.18.1/STM32CubeIDE/plugins/com.st.stm32cube.ide.mcu.externaltools.gnu-tools-for-stm32.13.3.rel1.win32_1.0.0.202411081344/tools/bin/../lib/gcc/arm-none-eabi/13.3.1/thumb/v7e-m+dp/hard/crtbegin.o
 *(.bss*)
 .bss.GPIO_EXTI_PortMap
                0x2000001c       0x40 ./Drivers/MyDrivers/Src/stm32f767xx_gpio_driver.o
 .bss.g_systick_ms
                0x2000005c        0x4 ./Drivers/MyDrivers/Src/stm32f767xx_systick_driver.o
 .bss.s_USART1Handle
                0x20000060        0x4 ./Drivers/MyDrivers/Src/stm32f767xx_usart_driver.o
 .bss.s_USART2Handle
                0x20000064        0x4 ./Drivers/MyDrivers/Src/stm32f767xx_usart_driver.o
 .bss.s_USART3Handle
                0x20000068        0x4 ./Drivers/MyDrivers/Src/stm32f767xx_usart_driver.o
 .bss.s_UART4Handle
                0x2000006c        0x4 ./Drivers/MyDrivers/Src/stm32f767xx_usart_driver.o
 .bss.s_UART5Handle
                0x20000070        0x4 ./Drivers/MyDrivers/Src/stm32f767xx_usart_driver.o
 .bss.s_USART6Handle
                0x20000074        0x4 ./Drivers/MyDrivers/Src/stm32f767xx_usart_driver.o
 .bss.s_UART7Handle
                0x20000078        0x4 ./Drivers/MyDrivers/Src/stm32f767xx_usart_driver.o
 .bss.s_UART8Handle
                0x2000007c        0x4 ./Drivers/MyDrivers/Src/stm32f767xx_usart_driver.o
 .bss.I2C1Handle
                0x20000080        0xc ./Examples/Src/ex018_i2c1_ssd1306_command_test.o
 .bss.g_oled_init_status
                0x2000008c        0x1 ./Examples/Src/ex018_i2c1_ssd1306_command_test.o
 .bss.g_oled_clear_status
                0x2000008d        0x1 ./Examples/Src/ex018_i2c1_ssd1306_command_test.o
 .bss.g_oled_fill_status
                0x2000008e        0x1 ./Examples/Src/ex018_i2c1_ssd1306_command_test.o
 .bss.g_oled_test_pass
                0x2000008f        0x1 ./Examples/Src/ex018_i2c1_ssd1306_command_test.o
 *(COMMON)
                0x20000090                        . = ALIGN (0x4)
                0x20000090                        _ebss = .
                0x20000090                        __bss_end__ = _ebss

._user_heap_stack
                0x20000090      0x600 load address 0x08001890
                0x20000090                        . = ALIGN (0x8)
                [!provide]                        PROVIDE (end = .)
                0x20000090                        PROVIDE (_end = .)
                0x20000290                        . = (. + _Min_Heap_Size)
 *fill*         0x20000090      0x200 
                0x20000690                        . = (. + _Min_Stack_Size)
 *fill*         0x20000290      0x400 
                0x20000690                        . = ALIGN (0x8)

/DISCARD/
 libc.a(*)
 libm.a(*)
 libgcc.a(*)

.ARM.attributes
                0x00000000       0x2e
 *(.ARM.attributes)
 .ARM.attributes
                0x00000000       0x20 C:/ST/STM32CubeIDE_1.18.1/STM32CubeIDE/plugins/com.st.stm32cube.ide.mcu.externaltools.gnu-tools-for-stm32.13.3.rel1.win32_1.0.0.202411081344/tools/bin/../lib/gcc/arm-none-eabi/13.3.1/thumb/v7e-m+dp/hard/crti.o
 .ARM.attributes
                0x00000020       0x32 C:/ST/STM32CubeIDE_1.18.1/STM32CubeIDE/plugins/com.st.stm32cube.ide.mcu.externaltools.gnu-tools-for-stm32.13.3.rel1.win32_1.0.0.202411081344/tools/bin/../lib/gcc/arm-none-eabi/13.3.1/thumb/v7e-m+dp/hard/crtbegin.o
 .ARM.attributes
                0x00000052       0x32 ./Core/Src/interrupt.o
 .ARM.attributes
                0x00000084       0x32 ./Core/Src/main.o
 .ARM.attributes
                0x000000b6       0x32 ./Core/Src/system_stm32f7xx.o
 .ARM.attributes
                0x000000e8       0x21 ./Core/Startup/startup_stm32f767zitx.o
 .ARM.attributes
                0x00000109       0x32 ./Drivers/MyDrivers/Src/stm32f767xx_gpio_driver.o
 .ARM.attributes
                0x0000013b       0x32 ./Drivers/MyDrivers/Src/stm32f767xx_i2c_driver.o
 .ARM.attributes
                0x0000016d       0x32 ./Drivers/MyDrivers/Src/stm32f767xx_systick_driver.o
 .ARM.attributes
                0x0000019f       0x32 ./Drivers/MyDrivers/Src/stm32f767xx_usart_driver.o
 .ARM.attributes
                0x000001d1       0x32 ./Examples/Src/ex018_i2c1_ssd1306_command_test.o
 .ARM.attributes
                0x00000203       0x32 C:/ST/STM32CubeIDE_1.18.1/STM32CubeIDE/plugins/com.st.stm32cube.ide.mcu.externaltools.gnu-tools-for-stm32.13.3.rel1.win32_1.0.0.202411081344/tools/bin/../lib/gcc/arm-none-eabi/13.3.1/../../../../arm-none-eabi/lib/thumb/v7e-m+dp/hard\libc_nano.a(libc_a-init.o)
 .ARM.attributes
                0x00000235       0x20 C:/ST/STM32CubeIDE_1.18.1/STM32CubeIDE/plugins/com.st.stm32cube.ide.mcu.externaltools.gnu-tools-for-stm32.13.3.rel1.win32_1.0.0.202411081344/tools/bin/../lib/gcc/arm-none-eabi/13.3.1/thumb/v7e-m+dp/hard/crtn.o
OUTPUT(Nucleo_F767ZI_DriverDev.elf elf32-littlearm)
LOAD linker stubs
LOAD C:/ST/STM32CubeIDE_1.18.1/STM32CubeIDE/plugins/com.st.stm32cube.ide.mcu.externaltools.gnu-tools-for-stm32.13.3.rel1.win32_1.0.0.202411081344/tools/bin/../lib/gcc/arm-none-eabi/13.3.1/../../../../arm-none-eabi/lib/thumb/v7e-m+dp/hard\libc.a
LOAD C:/ST/STM32CubeIDE_1.18.1/STM32CubeIDE/plugins/com.st.stm32cube.ide.mcu.externaltools.gnu-tools-for-stm32.13.3.rel1.win32_1.0.0.202411081344/tools/bin/../lib/gcc/arm-none-eabi/13.3.1/../../../../arm-none-eabi/lib/thumb/v7e-m+dp/hard\libm.a
LOAD C:/ST/STM32CubeIDE_1.18.1/STM32CubeIDE/plugins/com.st.stm32cube.ide.mcu.externaltools.gnu-tools-for-stm32.13.3.rel1.win32_1.0.0.202411081344/tools/bin/../lib/gcc/arm-none-eabi/13.3.1/thumb/v7e-m+dp/hard\libgcc.a

.debug_info     0x00000000     0x2dad
 .debug_info    0x00000000      0x29d ./Core/Src/interrupt.o
 .debug_info    0x0000029d       0x50 ./Core/Src/main.o
 .debug_info    0x000002ed      0x6e6 ./Core/Src/system_stm32f7xx.o
 .debug_info    0x000009d3       0x30 ./Core/Startup/startup_stm32f767zitx.o
 .debug_info    0x00000a03      0x7df ./Drivers/MyDrivers/Src/stm32f767xx_gpio_driver.o
 .debug_info    0x000011e2      0x8a3 ./Drivers/MyDrivers/Src/stm32f767xx_i2c_driver.o
 .debug_info    0x00001a85      0x16b ./Drivers/MyDrivers/Src/stm32f767xx_systick_driver.o
 .debug_info    0x00001bf0      0xbc9 ./Drivers/MyDrivers/Src/stm32f767xx_usart_driver.o
 .debug_info    0x000027b9      0x5f4 ./Examples/Src/ex018_i2c1_ssd1306_command_test.o

.debug_abbrev   0x00000000      0xa80
 .debug_abbrev  0x00000000       0xf1 ./Core/Src/interrupt.o
 .debug_abbrev  0x000000f1       0x4f ./Core/Src/main.o
 .debug_abbrev  0x00000140      0x13b ./Core/Src/system_stm32f7xx.o
 .debug_abbrev  0x0000027b       0x24 ./Core/Startup/startup_stm32f767zitx.o
 .debug_abbrev  0x0000029f      0x17f ./Drivers/MyDrivers/Src/stm32f767xx_gpio_driver.o
 .debug_abbrev  0x0000041e      0x1b7 ./Drivers/MyDrivers/Src/stm32f767xx_i2c_driver.o
 .debug_abbrev  0x000005d5       0xf0 ./Drivers/MyDrivers/Src/stm32f767xx_systick_driver.o
 .debug_abbrev  0x000006c5      0x244 ./Drivers/MyDrivers/Src/stm32f767xx_usart_driver.o
 .debug_abbrev  0x00000909      0x177 ./Examples/Src/ex018_i2c1_ssd1306_command_test.o

.debug_aranges  0x00000000      0x370
 .debug_aranges
                0x00000000       0x98 ./Core/Src/interrupt.o
 .debug_aranges
                0x00000098       0x20 ./Core/Src/main.o
 .debug_aranges
                0x000000b8       0x28 ./Core/Src/system_stm32f7xx.o
 .debug_aranges
                0x000000e0       0x28 ./Core/Startup/startup_stm32f767zitx.o
 .debug_aranges
                0x00000108       0x78 ./Drivers/MyDrivers/Src/stm32f767xx_gpio_driver.o
 .debug_aranges
                0x00000180       0x88 ./Drivers/MyDrivers/Src/stm32f767xx_i2c_driver.o
 .debug_aranges
                0x00000208       0x38 ./Drivers/MyDrivers/Src/stm32f767xx_systick_driver.o
 .debug_aranges
                0x00000240       0xd8 ./Drivers/MyDrivers/Src/stm32f767xx_usart_driver.o
 .debug_aranges
                0x00000318       0x58 ./Examples/Src/ex018_i2c1_ssd1306_command_test.o

.debug_rnglists
                0x00000000      0x281
 .debug_rnglists
                0x00000000       0x6d ./Core/Src/interrupt.o
 .debug_rnglists
                0x0000006d       0x13 ./Core/Src/main.o
 .debug_rnglists
                0x00000080       0x1a ./Core/Src/system_stm32f7xx.o
 .debug_rnglists
                0x0000009a       0x19 ./Core/Startup/startup_stm32f767zitx.o
 .debug_rnglists
                0x000000b3       0x58 ./Drivers/MyDrivers/Src/stm32f767xx_gpio_driver.o
 .debug_rnglists
                0x0000010b       0x6a ./Drivers/MyDrivers/Src/stm32f767xx_i2c_driver.o
 .debug_rnglists
                0x00000175       0x25 ./Drivers/MyDrivers/Src/stm32f767xx_systick_driver.o
 .debug_rnglists
                0x0000019a       0xa6 ./Drivers/MyDrivers/Src/stm32f767xx_usart_driver.o
 .debug_rnglists
                0x00000240       0x41 ./Examples/Src/ex018_i2c1_ssd1306_command_test.o

.debug_macro    0x00000000    0x1eba1
 .debug_macro   0x00000000       0x89 ./Core/Src/interrupt.o
 .debug_macro   0x00000089      0xaea ./Core/Src/interrupt.o
 .debug_macro   0x00000b73       0x22 ./Core/Src/interrupt.o
 .debug_macro   0x00000b95       0x8e ./Core/Src/interrupt.o
 .debug_macro   0x00000c23       0x51 ./Core/Src/interrupt.o
 .debug_macro   0x00000c74      0x103 ./Core/Src/interrupt.o
 .debug_macro   0x00000d77       0x6a ./Core/Src/interrupt.o
 .debug_macro   0x00000de1      0x1df ./Core/Src/interrupt.o
 .debug_macro   0x00000fc0      0xa6a ./Core/Src/interrupt.o
 .debug_macro   0x00001a2a      0x100 ./Core/Src/interrupt.o
 .debug_macro   0x00001b2a       0x24 ./Core/Src/main.o
 .debug_macro   0x00001b4e       0x7c ./Core/Src/main.o
 .debug_macro   0x00001bca       0xd8 ./Core/Src/system_stm32f7xx.o
 .debug_macro   0x00001ca2       0x2e ./Core/Src/system_stm32f7xx.o
 .debug_macro   0x00001cd0       0x3b ./Core/Src/system_stm32f7xx.o
 .debug_macro   0x00001d0b       0x1c ./Core/Src/system_stm32f7xx.o
 .debug_macro   0x00001d27       0x22 ./Core/Src/system_stm32f7xx.o
 .debug_macro   0x00001d49       0xd9 ./Core/Src/system_stm32f7xx.o
 .debug_macro   0x00001e22     0x12cd ./Core/Src/system_stm32f7xx.o
 .debug_macro   0x000030ef      0x11f ./Core/Src/system_stm32f7xx.o
 .debug_macro   0x0000320e       0x19 ./Core/Src/system_stm32f7xx.o
 .debug_macro   0x00003227    0x1aa23 ./Core/Src/system_stm32f7xx.o
 .debug_macro   0x0001dc4a       0x6d ./Core/Src/system_stm32f7xx.o
 .debug_macro   0x0001dcb7       0x7c ./Drivers/MyDrivers/Src/stm32f767xx_gpio_driver.o
 .debug_macro   0x0001dd33      0xa64 ./Drivers/MyDrivers/Src/stm32f767xx_gpio_driver.o
 .debug_macro   0x0001e797       0x8b ./Drivers/MyDrivers/Src/stm32f767xx_i2c_driver.o
 .debug_macro   0x0001e822       0xc4 ./Drivers/MyDrivers/Src/stm32f767xx_i2c_driver.o
 .debug_macro   0x0001e8e6       0x7c ./Drivers/MyDrivers/Src/stm32f767xx_systick_driver.o
 .debug_macro   0x0001e962       0x95 ./Drivers/MyDrivers/Src/stm32f767xx_usart_driver.o
 .debug_macro   0x0001e9f7       0xfa ./Drivers/MyDrivers/Src/stm32f767xx_usart_driver.o
 .debug_macro   0x0001eaf1       0xb0 ./Examples/Src/ex018_i2c1_ssd1306_command_test.o

.debug_line     0x00000000     0x3b84
 .debug_line    0x00000000      0x619 ./Core/Src/interrupt.o
 .debug_line    0x00000619       0xad ./Core/Src/main.o
 .debug_line    0x000006c6      0x564 ./Core/Src/system_stm32f7xx.o
 .debug_line    0x00000c2a       0x7a ./Core/Startup/startup_stm32f767zitx.o
 .debug_line    0x00000ca4      0xa64 ./Drivers/MyDrivers/Src/stm32f767xx_gpio_driver.o
 .debug_line    0x00001708      0x9d9 ./Drivers/MyDrivers/Src/stm32f767xx_i2c_driver.o
 .debug_line    0x000020e1      0x50f ./Drivers/MyDrivers/Src/stm32f767xx_systick_driver.o
 .debug_line    0x000025f0      0xcbf ./Drivers/MyDrivers/Src/stm32f767xx_usart_driver.o
 .debug_line    0x000032af      0x8d5 ./Examples/Src/ex018_i2c1_ssd1306_command_test.o

.debug_str      0x00000000    0xa84fa
 .debug_str     0x00000000    0xa84fa ./Core/Src/interrupt.o
                               0x7a8c (size before relaxing)
 .debug_str     0x000a84fa     0x3139 ./Core/Src/main.o
 .debug_str     0x000a84fa    0xa3682 ./Core/Src/system_stm32f7xx.o
 .debug_str     0x000a84fa       0x7d ./Core/Startup/startup_stm32f767zitx.o
 .debug_str     0x000a84fa     0x79c6 ./Drivers/MyDrivers/Src/stm32f767xx_gpio_driver.o
 .debug_str     0x000a84fa     0x7c39 ./Drivers/MyDrivers/Src/stm32f767xx_i2c_driver.o
 .debug_str     0x000a84fa     0x7541 ./Drivers/MyDrivers/Src/stm32f767xx_systick_driver.o
 .debug_str     0x000a84fa     0x7fb8 ./Drivers/MyDrivers/Src/stm32f767xx_usart_driver.o
 .debug_str     0x000a84fa     0x7e03 ./Examples/Src/ex018_i2c1_ssd1306_command_test.o

.comment        0x00000000       0x43
 .comment       0x00000000       0x43 ./Core/Src/interrupt.o
                                 0x44 (size before relaxing)
 .comment       0x00000043       0x44 ./Core/Src/main.o
 .comment       0x00000043       0x44 ./Core/Src/system_stm32f7xx.o
 .comment       0x00000043       0x44 ./Drivers/MyDrivers/Src/stm32f767xx_gpio_driver.o
 .comment       0x00000043       0x44 ./Drivers/MyDrivers/Src/stm32f767xx_i2c_driver.o
 .comment       0x00000043       0x44 ./Drivers/MyDrivers/Src/stm32f767xx_systick_driver.o
 .comment       0x00000043       0x44 ./Drivers/MyDrivers/Src/stm32f767xx_usart_driver.o
 .comment       0x00000043       0x44 ./Examples/Src/ex018_i2c1_ssd1306_command_test.o

.debug_frame    0x00000000      0xc1c
 .debug_frame   0x00000000      0x1e0 ./Core/Src/interrupt.o
 .debug_frame   0x000001e0       0x2c ./Core/Src/main.o
 .debug_frame   0x0000020c       0x58 ./Core/Src/system_stm32f7xx.o
 .debug_frame   0x00000264      0x1ec ./Drivers/MyDrivers/Src/stm32f767xx_gpio_driver.o
 .debug_frame   0x00000450      0x234 ./Drivers/MyDrivers/Src/stm32f767xx_i2c_driver.o
 .debug_frame   0x00000684       0x9c ./Drivers/MyDrivers/Src/stm32f767xx_systick_driver.o
 .debug_frame   0x00000720      0x3ac ./Drivers/MyDrivers/Src/stm32f767xx_usart_driver.o
 .debug_frame   0x00000acc      0x124 ./Examples/Src/ex018_i2c1_ssd1306_command_test.o
 .debug_frame   0x00000bf0       0x2c C:/ST/STM32CubeIDE_1.18.1/STM32CubeIDE/plugins/com.st.stm32cube.ide.mcu.externaltools.gnu-tools-for-stm32.13.3.rel1.win32_1.0.0.202411081344/tools/bin/../lib/gcc/arm-none-eabi/13.3.1/../../../../arm-none-eabi/lib/thumb/v7e-m+dp/hard\libc_nano.a(libc_a-init.o)

.debug_line_str
                0x00000000       0x61
 .debug_line_str
                0x00000000       0x61 ./Core/Startup/startup_stm32f767zitx.o
