Archive member included to satisfy reference by file (symbol)

C:/ST/STM32CubeIDE_1.18.1/STM32CubeIDE/plugins/com.st.stm32cube.ide.mcu.externaltools.gnu-tools-for-stm32.13.3.rel1.win32_1.0.0.202411081344/tools/bin/../lib/gcc/arm-none-eabi/13.3.1/../../../../arm-none-eabi/lib/thumb/v7e-m+dp/hard\libc_nano.a(libc_a-exit.o)
                              C:/ST/STM32CubeIDE_1.18.1/STM32CubeIDE/plugins/com.st.stm32cube.ide.mcu.externaltools.gnu-tools-for-stm32.13.3.rel1.win32_1.0.0.202411081344/tools/bin/../lib/gcc/arm-none-eabi/13.3.1/../../../../arm-none-eabi/lib/thumb/v7e-m+dp/hard/crt0.o (exit)
C:/ST/STM32CubeIDE_1.18.1/STM32CubeIDE/plugins/com.st.stm32cube.ide.mcu.externaltools.gnu-tools-for-stm32.13.3.rel1.win32_1.0.0.202411081344/tools/bin/../lib/gcc/arm-none-eabi/13.3.1/../../../../arm-none-eabi/lib/thumb/v7e-m+dp/hard\libc_nano.a(libc_a-findfp.o)
                              C:/ST/STM32CubeIDE_1.18.1/STM32CubeIDE/plugins/com.st.stm32cube.ide.mcu.externaltools.gnu-tools-for-stm32.13.3.rel1.win32_1.0.0.202411081344/tools/bin/../lib/gcc/arm-none-eabi/13.3.1/../../../../arm-none-eabi/lib/thumb/v7e-m+dp/hard\libc_nano.a(libc_a-exit.o) (__stdio_exit_handler)
C:/ST/STM32CubeIDE_1.18.1/STM32CubeIDE/plugins/com.st.stm32cube.ide.mcu.externaltools.gnu-tools-for-stm32.13.3.rel1.win32_1.0.0.202411081344/tools/bin/../lib/gcc/arm-none-eabi/13.3.1/../../../../arm-none-eabi/lib/thumb/v7e-m+dp/hard\libc_nano.a(libc_a-fwalk.o)
                              C:/ST/STM32CubeIDE_1.18.1/STM32CubeIDE/plugins/com.st.stm32cube.ide.mcu.externaltools.gnu-tools-for-stm32.13.3.rel1.win32_1.0.0.202411081344/tools/bin/../lib/gcc/arm-none-eabi/13.3.1/../../../../arm-none-eabi/lib/thumb/v7e-m+dp/hard\libc_nano.a(libc_a-findfp.o) (_fwalk_sglue)
C:/ST/STM32CubeIDE_1.18.1/STM32CubeIDE/plugins/com.st.stm32cube.ide.mcu.externaltools.gnu-tools-for-stm32.13.3.rel1.win32_1.0.0.202411081344/tools/bin/../lib/gcc/arm-none-eabi/13.3.1/../../../../arm-none-eabi/lib/thumb/v7e-m+dp/hard\libc_nano.a(libc_a-stdio.o)
                              C:/ST/STM32CubeIDE_1.18.1/STM32CubeIDE/plugins/com.st.stm32cube.ide.mcu.externaltools.gnu-tools-for-stm32.13.3.rel1.win32_1.0.0.202411081344/tools/bin/../lib/gcc/arm-none-eabi/13.3.1/../../../../arm-none-eabi/lib/thumb/v7e-m+dp/hard\libc_nano.a(libc_a-findfp.o) (__sread)
C:/ST/STM32CubeIDE_1.18.1/STM32CubeIDE/plugins/com.st.stm32cube.ide.mcu.externaltools.gnu-tools-for-stm32.13.3.rel1.win32_1.0.0.202411081344/tools/bin/../lib/gcc/arm-none-eabi/13.3.1/../../../../arm-none-eabi/lib/thumb/v7e-m+dp/hard\libc_nano.a(libc_a-memset.o)
                              C:/ST/STM32CubeIDE_1.18.1/STM32CubeIDE/plugins/com.st.stm32cube.ide.mcu.externaltools.gnu-tools-for-stm32.13.3.rel1.win32_1.0.0.202411081344/tools/bin/../lib/gcc/arm-none-eabi/13.3.1/../../../../arm-none-eabi/lib/thumb/v7e-m+dp/hard/crt0.o (memset)
C:/ST/STM32CubeIDE_1.18.1/STM32CubeIDE/plugins/com.st.stm32cube.ide.mcu.externaltools.gnu-tools-for-stm32.13.3.rel1.win32_1.0.0.202411081344/tools/bin/../lib/gcc/arm-none-eabi/13.3.1/../../../../arm-none-eabi/lib/thumb/v7e-m+dp/hard\libc_nano.a(libc_a-closer.o)
                              C:/ST/STM32CubeIDE_1.18.1/STM32CubeIDE/plugins/com.st.stm32cube.ide.mcu.externaltools.gnu-tools-for-stm32.13.3.rel1.win32_1.0.0.202411081344/tools/bin/../lib/gcc/arm-none-eabi/13.3.1/../../../../arm-none-eabi/lib/thumb/v7e-m+dp/hard\libc_nano.a(libc_a-stdio.o) (_close_r)
C:/ST/STM32CubeIDE_1.18.1/STM32CubeIDE/plugins/com.st.stm32cube.ide.mcu.externaltools.gnu-tools-for-stm32.13.3.rel1.win32_1.0.0.202411081344/tools/bin/../lib/gcc/arm-none-eabi/13.3.1/../../../../arm-none-eabi/lib/thumb/v7e-m+dp/hard\libc_nano.a(libc_a-reent.o)
                              C:/ST/STM32CubeIDE_1.18.1/STM32CubeIDE/plugins/com.st.stm32cube.ide.mcu.externaltools.gnu-tools-for-stm32.13.3.rel1.win32_1.0.0.202411081344/tools/bin/../lib/gcc/arm-none-eabi/13.3.1/../../../../arm-none-eabi/lib/thumb/v7e-m+dp/hard\libc_nano.a(libc_a-closer.o) (errno)
C:/ST/STM32CubeIDE_1.18.1/STM32CubeIDE/plugins/com.st.stm32cube.ide.mcu.externaltools.gnu-tools-for-stm32.13.3.rel1.win32_1.0.0.202411081344/tools/bin/../lib/gcc/arm-none-eabi/13.3.1/../../../../arm-none-eabi/lib/thumb/v7e-m+dp/hard\libc_nano.a(libc_a-impure.o)
                              C:/ST/STM32CubeIDE_1.18.1/STM32CubeIDE/plugins/com.st.stm32cube.ide.mcu.externaltools.gnu-tools-for-stm32.13.3.rel1.win32_1.0.0.202411081344/tools/bin/../lib/gcc/arm-none-eabi/13.3.1/../../../../arm-none-eabi/lib/thumb/v7e-m+dp/hard\libc_nano.a(libc_a-reent.o) (_impure_ptr)
C:/ST/STM32CubeIDE_1.18.1/STM32CubeIDE/plugins/com.st.stm32cube.ide.mcu.externaltools.gnu-tools-for-stm32.13.3.rel1.win32_1.0.0.202411081344/tools/bin/../lib/gcc/arm-none-eabi/13.3.1/../../../../arm-none-eabi/lib/thumb/v7e-m+dp/hard\libc_nano.a(libc_a-lseekr.o)
[...]
Memory Configuration

Name             Origin             Length             Attributes
RAM              0x20000000         0x00080000         xrw
FLASH            0x08000000         0x00200000         xr
*default*        0x00000000         0xffffffff

Linker script and memory map

LOAD C:/ST/STM32CubeIDE_1.18.1/STM32CubeIDE/plugins/com.st.stm32cube.ide.mcu.externaltools.gnu-tools-for-stm32.13.3.rel1.win32_1.0.0.202411081344/tools/bin/../lib/gcc/arm-none-eabi/13.3.1/thumb/v7e-m+dp/hard/crti.o
LOAD C:/ST/STM32CubeIDE_1.18.1/STM32CubeIDE/plugins/com.st.stm32cube.ide.mcu.externaltools.gnu-tools-for-stm32.13.3.rel1.win32_1.0.0.202411081344/tools/bin/../lib/gcc/arm-none-eabi/13.3.1/thumb/v7e-m+dp/hard/crtbegin.o
LOAD C:/ST/STM32CubeIDE_1.18.1/STM32CubeIDE/plugins/com.st.stm32cube.ide.mcu.externaltools.gnu-tools-for-stm32.13.3.rel1.win32_1.0.0.202411081344/tools/bin/../lib/gcc/arm-none-eabi/13.3.1/../../../../arm-none-eabi/lib/thumb/v7e-m+dp/hard/crt0.o
LOAD ./Core/Src/interrupt.o
LOAD ./Core/Src/main.o
LOAD ./Core/Src/syscalls.o
LOAD ./Core/Src/sysmem.o
LOAD ./Core/Src/system_stm32f7xx.o
LOAD ./Core/Startup/startup_stm32f767zitx.o
LOAD ./Drivers/MyDrivers/Src/ex019_usart3_it_tx_test.o
LOAD ./Drivers/MyDrivers/Src/stm32f767xx_gpio_driver.o
LOAD ./Drivers/MyDrivers/Src/stm32f767xx_i2c_driver.o
LOAD ./Drivers/MyDrivers/Src/stm32f767xx_nvic_driver.o
LOAD ./Drivers/MyDrivers/Src/stm32f767xx_rcc_driver.o
LOAD ./Drivers/MyDrivers/Src/stm32f767xx_spi_driver.o
LOAD ./Drivers/MyDrivers/Src/stm32f767xx_systick_driver.o
LOAD ./Drivers/MyDrivers/Src/stm32f767xx_usart_driver.o
LOAD ./Examples/Src/ex0001_gpio_led_blink.o
LOAD ./Examples/Src/ex002_gpio_led_set_reset.o
LOAD ./Examples/Src/ex003_gpio_button_input.o
LOAD ./Examples/Src/ex004_gpio_deinit_test.o
LOAD ./Examples/Src/ex005_gpio_button_interrupt.o
LOAD ./Examples/Src/ex006_systick_led_blink.o
LOAD ./Examples/Src/ex007_usart3_tx.o
LOAD ./Examples/Src/ex008_usart3_rx_echo.o
LOAD ./Examples/Src/ex009_usart3_it_rx_echo.o
LOAD ./Examples/Src/ex010_usart3_packet_10byte.o
LOAD ./Examples/Src/ex011_usart3_packet_parser.o
LOAD ./Examples/Src/ex012_spi1_loopback.o
LOAD ./Examples/Src/ex013_spi1_loopback_with_cs.o
LOAD ./Examples/Src/ex014_spi1_send_receive_test.o
LOAD ./Examples/Src/ex015_i2c1_init_test.o
LOAD ./Examples/Src/ex017_i2c1_scanner_test.o
LOAD ./Examples/Src/ex018_i2c1_ssd1306_command_test.o
LOAD ./Examples/Src/ex020_usart3_idle_rx_test.o
LOAD ./Examples/Src/ex021_spi1_loopback_it_test.o
LOAD ./Examples/Src/ex022_spi1_send_it_test.o
LOAD ./Examples/Src/ex023_spi1_receive_it_test.o
LOAD ./Examples/Src/ex024_i2c1_it_nack_test.o
LOAD ./Examples/Src/ex025_i2c1_it_rx_nack_test.o
LOAD ./Examples/Src/ex026_i2c1_it_tx_to_i2c2_slave_test.o
LOAD ./Examples/Src/ex027_i2c1_it_rx_from_i2c2_slave_test.o
LOAD ./Examples/Src/ex028_i2c1_it_write_read_i2c2_slave_test.o
LOAD ./Examples/Src/ex029_i2c1_it_write_read_nack_test.o
START GROUP
LOAD C:/ST/STM32CubeIDE_1.18.1/STM32CubeIDE/plugins/com.st.stm32cube.ide.mcu.externaltools.gnu-tools-for-stm32.13.3.rel1.win32_1.0.0.202411081344/tools/bin/../lib/gcc/arm-none-eabi/13.3.1/../../../../arm-none-eabi/lib/thumb/v7e-m+dp/hard\libc_nano.a
LOAD C:/ST/STM32CubeIDE_1.18.1/STM32CubeIDE/plugins/com.st.stm32cube.ide.mcu.externaltools.gnu-tools-for-stm32.13.3.rel1.win32_1.0.0.202411081344/tools/bin/../lib/gcc/arm-none-eabi/13.3.1/../../../../arm-none-eabi/lib/thumb/v7e-m+dp/hard\libm.a
END GROUP
START GROUP
LOAD C:/ST/STM32CubeIDE_1.18.1/STM32CubeIDE/plugins/com.st.stm32cube.ide.mcu.externaltools.gnu-tools-for-stm32.13.3.rel1.win32_1.0.0.202411081344/tools/bin/../lib/gcc/arm-none-eabi/13.3.1/thumb/v7e-m+dp/hard\libgcc.a
LOAD C:/ST/STM32CubeIDE_1.18.1/STM32CubeIDE/plugins/com.st.stm32cube.ide.mcu.externaltools.gnu-tools-for-stm32.13.3.rel1.win32_1.0.0.202411081344/tools/bin/../lib/gcc/arm-none-eabi/13.3.1/../../../../arm-none-eabi/lib/thumb/v7e-m+dp/hard\libc_nano.a
END GROUP
START GROUP
LOAD C:/ST/STM32CubeIDE_1.18.1/STM32CubeIDE/plugins/com.st.stm32cube.ide.mcu.externaltools.gnu-tools-for-stm32.13.3.rel1.win32_1.0.0.202411081344/tools/bin/../lib/gcc/arm-none-eabi/13.3.1/thumb/v7e-m+dp/hard\libgcc.a
LOAD C:/ST/STM32CubeIDE_1.18.1/STM32CubeIDE/plugins/com.st.stm32cube.ide.mcu.externaltools.gnu-tools-for-stm32.13.3.rel1.win32_1.0.0.202411081344/tools/bin/../lib/gcc/arm-none-eabi/13.3.1/../../../../arm-none-eabi/lib/thumb/v7e-m+dp/hard\libc_nano.a
LOAD C:/ST/STM32CubeIDE_1.18.1/STM32CubeIDE/plugins/com.st.stm32cube.ide.mcu.externaltools.gnu-tools-for-stm32.13.3.rel1.win32_1.0.0.202411081344/tools/bin/../lib/gcc/arm-none-eabi/13.3.1/../../../../arm-none-eabi/lib/thumb/v7e-m+dp/hard\libnosys.a
END GROUP
START GROUP
LOAD C:/ST/STM32CubeIDE_1.18.1/STM32CubeIDE/plugins/com.st.stm32cube.ide.mcu.externaltools.gnu-tools-for-stm32.13.3.rel1.win32_1.0.0.202411081344/tools/bin/../lib/gcc/arm-none-eabi/13.3.1/thumb/v7e-m+dp/hard\libgcc.a
LOAD C:/ST/STM32CubeIDE_1.18.1/STM32CubeIDE/plugins/com.st.stm32cube.ide.mcu.externaltools.gnu-tools-for-stm32.13.3.rel1.win32_1.0.0.202411081344/tools/bin/../lib/gcc/arm-none-eabi/13.3.1/../../../../arm-none-eabi/lib/thumb/v7e-m+dp/hard\libc_nano.a
LOAD C:/ST/STM32CubeIDE_1.18.1/STM32CubeIDE/plugins/com.st.stm32cube.ide.mcu.externaltools.gnu-tools-for-stm32.13.3.rel1.win32_1.0.0.202411081344/tools/bin/../lib/gcc/arm-none-eabi/13.3.1/../../../../arm-none-eabi/lib/thumb/v7e-m+dp/hard\libnosys.a
END GROUP
LOAD C:/ST/STM32CubeIDE_1.18.1/STM32CubeIDE/plugins/com.st.stm32cube.ide.mcu.externaltools.gnu-tools-for-stm32.13.3.rel1.win32_1.0.0.202411081344/tools/bin/../lib/gcc/arm-none-eabi/13.3.1/thumb/v7e-m+dp/hard/crtend.o
LOAD C:/ST/STM32CubeIDE_1.18.1/STM32CubeIDE/plugins/com.st.stm32cube.ide.mcu.externaltools.gnu-tools-for-stm32.13.3.rel1.win32_1.0.0.202411081344/tools/bin/../lib/gcc/arm-none-eabi/13.3.1/thumb/v7e-m+dp/hard/crtn.o
                0x20080000                        _estack = (ORIGIN (RAM) + LENGTH (RAM))
                0x00000200                        _Min_Heap_Size = 0x200
                0x00000400                        _Min_Stack_Size = 0x400

.isr_vector     0x08000000      0x1f8
                0x08000000                        . = ALIGN (0x4)
 *(.isr_vector)
 .isr_vector    0x08000000      0x1f8 ./Core/Startup/startup_stm32f767zitx.o
                0x08000000                g_pfnVectors
                0x080001f8                        . = ALIGN (0x4)

.text           0x080001f8     0x2088
                0x080001f8                        . = ALIGN (0x4)
 *(.text)
 .text          0x080001f8       0x40 C:/ST/STM32CubeIDE_1.18.1/STM32CubeIDE/plugins/com.st.stm32cube.ide.mcu.externaltools.gnu-tools-for-stm32.13.3.rel1.win32_1.0.0.202411081344/tools/bin/../lib/gcc/arm-none-eabi/13.3.1/thumb/v7e-m+dp/hard/crtbegin.o
 *(.text*)
 .text.EXTI0_IRQHandler
                0x08000238        0xe ./Core/Src/interrupt.o
                0x08000238                EXTI0_IRQHandler
 .text.EXTI1_IRQHandler
                0x08000246        0xe ./Core/Src/interrupt.o
                0x08000246                EXTI1_IRQHandler
 .text.EXTI2_IRQHandler
                0x08000254        0xe ./Core/Src/interrupt.o
                0x08000254                EXTI2_IRQHandler
 .text.EXTI3_IRQHandler
                0x08000262        0xe ./Core/Src/interrupt.o
                0x08000262                EXTI3_IRQHandler
 .text.EXTI4_IRQHandler
                0x08000270        0xe ./Core/Src/interrupt.o
                0x08000270                EXTI4_IRQHandler
 .text.EXTI9_5_IRQHandler
                0x0800027e       0x2a ./Core/Src/interrupt.o
                0x0800027e                EXTI9_5_IRQHandler
 .text.EXTI15_10_IRQHandler
                0x080002a8       0x2a ./Core/Src/interrupt.o
                0x080002a8                EXTI15_10_IRQHandler
 .text.SysTick_Handler
                0x080002d2        0xc ./Core/Src/interrupt.o
                0x080002d2                SysTick_Handler
 *fill*         0x080002de        0x2 
 .text.USART1_IRQHandler
                0x080002e0       0x14 ./Core/Src/interrupt.o
                0x080002e0                USART1_IRQHandler
 .text.USART2_IRQHandler
                0x080002f4       0x14 ./Core/Src/interrupt.o
                0x080002f4                USART2_IRQHandler
 .text.USART3_IRQHandler
                0x08000308       0x14 ./Core/Src/interrupt.o
                0x08000308                USART3_IRQHandler
 .text.UART4_IRQHandler
                0x0800031c       0x14 ./Core/Src/interrupt.o
                0x0800031c                UART4_IRQHandler
 .text.UART5_IRQHandler
                0x08000330       0x14 ./Core/Src/interrupt.o
                0x08000330                UART5_IRQHandler
 .text.USART6_IRQHandler
                0x08000344       0x14 ./Core/Src/interrupt.o
                0x08000344                USART6_IRQHandler
 .text.UART7_IRQHandler
                0x08000358       0x14 ./Core/Src/interrupt.o
                0x08000358                UART7_IRQHandler
 .text.UART8_IRQHandler
                0x0800036c       0x14 ./Core/Src/interrupt.o
                0x0800036c                UART8_IRQHandler
 .text.SPI1_IRQHandler
                0x08000380       0x14 ./Core/Src/interrupt.o
                0x08000380                SPI1_IRQHandler
 .text.SPI2_IRQHandler
                0x08000394       0x14 ./Core/Src/interrupt.o
                0x08000394                SPI2_IRQHandler
 .text.SPI3_IRQHandler
                0x080003a8       0x14 ./Core/Src/interrupt.o
                0x080003a8                SPI3_IRQHandler
 .text.SPI4_IRQHandler
                0x080003bc       0x14 ./Core/Src/interrupt.o
                0x080003bc                SPI4_IRQHandler
 .text.SPI5_IRQHandler
                0x080003d0       0x14 ./Core/Src/interrupt.o
                0x080003d0                SPI5_IRQHandler
 .text.SPI6_IRQHandler
                0x080003e4       0x14 ./Core/Src/interrupt.o
                0x080003e4                SPI6_IRQHandler
 .text.I2C1_EV_IRQHandler
                0x080003f8       0x14 ./Core/Src/interrupt.o
                0x080003f8                I2C1_EV_IRQHandler
 .text.I2C1_ER_IRQHandler
                0x0800040c       0x14 ./Core/Src/interrupt.o
                0x0800040c                I2C1_ER_IRQHandler
 .text.I2C2_EV_IRQHandler
                0x08000420       0x14 ./Core/Src/interrupt.o
                0x08000420                I2C2_EV_IRQHandler
 .text.I2C2_ER_IRQHandler
                0x08000434       0x14 ./Core/Src/interrupt.o
                0x08000434                I2C2_ER_IRQHandler
 .text.I2C3_EV_IRQHandler
                0x08000448       0x14 ./Core/Src/interrupt.o
                0x08000448                I2C3_EV_IRQHandler
 .text.I2C3_ER_IRQHandler
                0x0800045c       0x14 ./Core/Src/interrupt.o
                0x0800045c                I2C3_ER_IRQHandler
 .text.I2C4_EV_IRQHandler
                0x08000470       0x14 ./Core/Src/interrupt.o
                0x08000470                I2C4_EV_IRQHandler
 .text.I2C4_ER_IRQHandler
                0x08000484       0x14 ./Core/Src/interrupt.o
                0x08000484                I2C4_ER_IRQHandler
 .text.main     0x08000498        0xc ./Core/Src/main.o
                0x08000498                main
 .text.SystemInit
                0x080004a4       0x24 ./Core/Src/system_stm32f7xx.o
                0x080004a4                SystemInit
 .text.Reset_Handler
                0x080004c8       0x50 ./Core/Startup/startup_stm32f767zitx.o
                0x080004c8                Reset_Handler
 .text.Default_Handler
                0x08000518        0x2 ./Core/Startup/startup_stm32f767zitx.o
                0x08000518                RTC_Alarm_IRQHandler
                0x08000518                TIM8_CC_IRQHandler
                0x08000518                DebugMon_Handler
                0x08000518                TIM1_CC_IRQHandler
                0x08000518                DMA2_Stream5_IRQHandler
                0x08000518                HardFault_Handler
                0x08000518                JPEG_IRQHandler
                0x08000518                DMA1_Stream5_IRQHandler
                0x08000518                CAN3_RX1_IRQHandler
                0x08000518                PVD_IRQHandler
                0x08000518                TAMP_STAMP_IRQHandler
                0x08000518                PendSV_Handler
                0x08000518                NMI_Handler
                0x08000518                CAN2_RX1_IRQHandler
                0x08000518                TIM8_TRG_COM_TIM14_IRQHandler
                0x08000518                DFSDM1_FLT1_IRQHandler
                0x08000518                TIM1_UP_TIM10_IRQHandler
                0x08000518                TIM8_UP_TIM13_IRQHandler
                0x08000518                DFSDM1_FLT2_IRQHandler
                0x08000518                DMA1_Stream2_IRQHandler
                0x08000518                CAN1_RX0_IRQHandler
                0x08000518                FPU_IRQHandler
                0x08000518                OTG_HS_WKUP_IRQHandler
                0x08000518                CAN3_SCE_IRQHandler
                0x08000518                UsageFault_Handler
                0x08000518                LTDC_ER_IRQHandler
                0x08000518                CAN2_SCE_IRQHandler
                0x08000518                DMA2_Stream2_IRQHandler
                0x08000518                TIM6_DAC_IRQHandler
                0x08000518                TIM1_BRK_TIM9_IRQHandler
                0x08000518                DCMI_IRQHandler
                0x08000518                CAN2_RX0_IRQHandler
                0x08000518                DMA2_Stream3_IRQHandler
                0x08000518                SAI2_IRQHandler
                0x08000518                DFSDM1_FLT3_IRQHandler
                0x08000518                CAN3_RX0_IRQHandler
                0x08000518                CAN1_RX1_IRQHandler
                0x08000518                DMA2_Stream0_IRQHandler
                0x08000518                TIM4_IRQHandler
                0x08000518                QUADSPI_IRQHandler
                0x08000518                DMA1_Stream6_IRQHandler
                0x08000518                DMA1_Stream1_IRQHandler
                0x08000518                TIM3_IRQHandler
                0x08000518                RCC_IRQHandler
                0x08000518                TIM8_BRK_TIM12_IRQHandler
                0x08000518                Default_Handler
                0x08000518                CEC_IRQHandler
                0x08000518                ADC_IRQHandler
                0x08000518                DMA1_Stream7_IRQHandler
                0x08000518                TIM7_IRQHandler
                0x08000518                SDMMC1_IRQHandler
                0x08000518                CAN2_TX_IRQHandler
                0x08000518                TIM5_IRQHandler
                0x08000518                DMA2_Stream7_IRQHandler
                0x08000518                RTC_WKUP_IRQHandler
                0x08000518                LTDC_IRQHandler
                0x08000518                ETH_WKUP_IRQHandler
                0x08000518                SPDIF_RX_IRQHandler
                0x08000518                OTG_HS_EP1_IN_IRQHandler
                0x08000518                MemManage_Handler
                0x08000518                DMA1_Stream0_IRQHandler
                0x08000518                CAN1_TX_IRQHandler
                0x08000518                SVC_Handler
                0x08000518                RNG_IRQHandler
                0x08000518                ETH_IRQHandler
                0x08000518                OTG_HS_EP1_OUT_IRQHandler
                0x08000518                WWDG_IRQHandler
                0x08000518                MDIOS_IRQHandler
                0x08000518                CAN3_TX_IRQHandler
                0x08000518                TIM2_IRQHandler
                0x08000518                OTG_FS_WKUP_IRQHandler
                0x08000518                TIM1_TRG_COM_TIM11_IRQHandler
                0x08000518                OTG_HS_IRQHandler
                0x08000518                DMA2D_IRQHandler
                0x08000518                SDMMC2_IRQHandler
                0x08000518                DFSDM1_FLT0_IRQHandler
                0x08000518                DMA2_Stream1_IRQHandler
                0x08000518                CAN1_SCE_IRQHandler
                0x08000518                FLASH_IRQHandler
                0x08000518                DMA2_Stream4_IRQHandler
                0x08000518                BusFault_Handler
                0x08000518                OTG_FS_IRQHandler
                0x08000518                DMA1_Stream4_IRQHandler
                0x08000518                FMC_IRQHandler
                0x08000518                LPTIM1_IRQHandler
                0x08000518                DMA2_Stream6_IRQHandler
                0x08000518                SAI1_IRQHandler
                0x08000518                DMA1_Stream3_IRQHandler
 *fill*         0x0800051a        0x2 
 .text.GPIO_PeriClockControl
                0x0800051c      0x230 ./Drivers/MyDrivers/Src/stm32f767xx_gpio_driver.o
                0x0800051c                GPIO_PeriClockControl
 .text.GPIO_Init
                0x0800074c      0x3a4 ./Drivers/MyDrivers/Src/stm32f767xx_gpio_driver.o
                0x0800074c                GPIO_Init
 .text.GPIO_IRQHandling
                0x08000af0       0x4c ./Drivers/MyDrivers/Src/stm32f767xx_gpio_driver.o
                0x08000af0                GPIO_IRQHandling
 .text.GPIO_ApplicationEventCallback
                0x08000b3c       0x18 ./Drivers/MyDrivers/Src/stm32f767xx_gpio_driver.o
                0x08000b3c                GPIO_ApplicationEventCallback
 .text.I2C_RegisterHandle
                0x08000b54       0x7c ./Drivers/MyDrivers/Src/stm32f767xx_i2c_driver.o
 .text.I2C_GetHandleFromInstance
                0x08000bd0       0x70 ./Drivers/MyDrivers/Src/stm32f767xx_i2c_driver.o
 .text.I2C_PrepareCR2
                0x08000c40       0x68 ./Drivers/MyDrivers/Src/stm32f767xx_i2c_driver.o
 .text.I2C_StartReadPhaseFromWriteRead
                0x08000ca8       0x64 ./Drivers/MyDrivers/Src/stm32f767xx_i2c_driver.o
 .text.I2C_PeriClockControl
                0x08000d0c       0xe0 ./Drivers/MyDrivers/Src/stm32f767xx_i2c_driver.o
                0x08000d0c                I2C_PeriClockControl
 .text.I2C_Init
                0x08000dec      0x110 ./Drivers/MyDrivers/Src/stm32f767xx_i2c_driver.o
                0x08000dec                I2C_Init
 .text.I2C_PeripheralControl
                0x08000efc       0x38 ./Drivers/MyDrivers/Src/stm32f767xx_i2c_driver.o
                0x08000efc                I2C_PeripheralControl
 .text.I2C_GetFlagStatus
                0x08000f34       0x28 ./Drivers/MyDrivers/Src/stm32f767xx_i2c_driver.o
                0x08000f34                I2C_GetFlagStatus
 .text.I2C_ClearErrorFlags
                0x08000f5c       0x24 ./Drivers/MyDrivers/Src/stm32f767xx_i2c_driver.o
                0x08000f5c                I2C_ClearErrorFlags
 .text.I2C_ClearSTOPFlag
                0x08000f80       0x22 ./Drivers/MyDrivers/Src/stm32f767xx_i2c_driver.o
                0x08000f80                I2C_ClearSTOPFlag
 .text.I2C_ClearNACKFlag
                0x08000fa2       0x22 ./Drivers/MyDrivers/Src/stm32f767xx_i2c_driver.o
                0x08000fa2                I2C_ClearNACKFlag
 .text.I2C_CloseSendData
                0x08000fc4       0xa4 ./Drivers/MyDrivers/Src/stm32f767xx_i2c_driver.o
                0x08000fc4                I2C_CloseSendData
 .text.I2C_CloseReceiveData
                0x08001068       0xa4 ./Drivers/MyDrivers/Src/stm32f767xx_i2c_driver.o
                0x08001068                I2C_CloseReceiveData
 .text.I2C_MasterWriteReadIT
                0x0800110c      0x140 ./Drivers/MyDrivers/Src/stm32f767xx_i2c_driver.o
                0x0800110c                I2C_MasterWriteReadIT
 .text.I2C_EV_IRQHandling
                0x0800124c      0x224 ./Drivers/MyDrivers/Src/stm32f767xx_i2c_driver.o
                0x0800124c                I2C_EV_IRQHandling
 .text.I2C_ER_IRQHandling
                0x08001470      0x122 ./Drivers/MyDrivers/Src/stm32f767xx_i2c_driver.o
                0x08001470                I2C_ER_IRQHandling
 *fill*         0x08001592        0x2 
 .text.NVIC_IRQInterruptConfig
                0x08001594       0x60 ./Drivers/MyDrivers/Src/stm32f767xx_nvic_driver.o
                0x08001594                NVIC_IRQInterruptConfig
 .text.NVIC_IRQPriorityConfig
                0x080015f4       0x78 ./Drivers/MyDrivers/Src/stm32f767xx_nvic_driver.o
                0x080015f4                NVIC_IRQPriorityConfig
 .text.SPI_GetHandleFromInstance
                0x0800166c       0x9c ./Drivers/MyDrivers/Src/stm32f767xx_spi_driver.o
 .text.SPI_WriteData8
                0x08001708       0x20 ./Drivers/MyDrivers/Src/stm32f767xx_spi_driver.o
 .text.SPI_ReadData8
                0x08001728       0x1c ./Drivers/MyDrivers/Src/stm32f767xx_spi_driver.o
 .text.SPI_EndITTransfer
                0x08001744       0x72 ./Drivers/MyDrivers/Src/stm32f767xx_spi_driver.o
 .text.SPI_TryEndITTransfer
                0x080017b6       0x5a ./Drivers/MyDrivers/Src/stm32f767xx_spi_driver.o
 .text.SPI_IRQHandling
                0x08001810      0x1b8 ./Drivers/MyDrivers/Src/stm32f767xx_spi_driver.o
                0x08001810                SPI_IRQHandling
 .text.SPI_ClearOVRFlag
                0x080019c8       0x22 ./Drivers/MyDrivers/Src/stm32f767xx_spi_driver.o
                0x080019c8                SPI_ClearOVRFlag
 .text.SPI_ClearMODFFlag
                0x080019ea       0x28 ./Drivers/MyDrivers/Src/stm32f767xx_spi_driver.o
                0x080019ea                SPI_ClearMODFFlag
 .text.SPI_ClearCRCERRFlag
                0x08001a12       0x20 ./Drivers/MyDrivers/Src/stm32f767xx_spi_driver.o
                0x08001a12                SPI_ClearCRCERRFlag
 .text.SPI_ClearFREFlag
                0x08001a32       0x1c ./Drivers/MyDrivers/Src/stm32f767xx_spi_driver.o
                0x08001a32                SPI_ClearFREFlag
 .text.SPI_ApplicationEventCallback
                0x08001a4e       0x18 ./Drivers/MyDrivers/Src/stm32f767xx_spi_driver.o
                0x08001a4e                SPI_ApplicationEventCallback
 *fill*         0x08001a66        0x2 
 .text.SysTick_Init
                0x08001a68       0x70 ./Drivers/MyDrivers/Src/stm32f767xx_systick_driver.o
                0x08001a68                SysTick_Init
 .text.SysTick_IncTick
                0x08001ad8       0x1c ./Drivers/MyDrivers/Src/stm32f767xx_systick_driver.o
                0x08001ad8                SysTick_IncTick
 .text.millis   0x08001af4       0x18 ./Drivers/MyDrivers/Src/stm32f767xx_systick_driver.o
                0x08001af4                millis
 .text.USART_GetHandleFromInstance
                0x08001b0c       0xc8 ./Drivers/MyDrivers/Src/stm32f767xx_usart_driver.o
 .text.USART_GetDataMask
                0x08001bd4       0x54 ./Drivers/MyDrivers/Src/stm32f767xx_usart_driver.o
 .text.USART_CloseTransmission
                0x08001c28       0x4e ./Drivers/MyDrivers/Src/stm32f767xx_usart_driver.o
                0x08001c28                USART_CloseTransmission
 .text.USART_RxRingBufferPush
                0x08001c76       0x70 ./Drivers/MyDrivers/Src/stm32f767xx_usart_driver.o
 .text.USART_IRQHandling
                0x08001ce6      0x1d0 ./Drivers/MyDrivers/Src/stm32f767xx_usart_driver.o
                0x08001ce6                USART_IRQHandling
 .text.USART_ApplicationEventCallback
                0x08001eb6       0x18 ./Drivers/MyDrivers/Src/stm32f767xx_usart_driver.o
                0x08001eb6                USART_ApplicationEventCallback
 *fill*         0x08001ece        0x2 
 .text.I2C1_GPIOInits
                0x08001ed0       0x44 ./Examples/Src/ex029_i2c1_it_write_read_nack_test.o
 .text.I2C1_Inits
                0x08001f14       0x38 ./Examples/Src/ex029_i2c1_it_write_read_nack_test.o
 .text.EX029_I2C1_IT_WriteRead_NACK_Test
                0x08001f4c      0x1cc ./Examples/Src/ex029_i2c1_it_write_read_nack_test.o
                0x08001f4c                EX029_I2C1_IT_WriteRead_NACK_Test
 .text.I2C_ApplicationEventCallback
                0x08002118      0x108 ./Examples/Src/ex029_i2c1_it_write_read_nack_test.o
                0x08002118                I2C_ApplicationEventCallback
 .text.__libc_init_array
                0x08002220       0x48 C:/ST/STM32CubeIDE_1.18.1/STM32CubeIDE/plugins/com.st.stm32cube.ide.mcu.externaltools.gnu-tools-for-stm32.13.3.rel1.win32_1.0.0.202411081344/tools/bin/../lib/gcc/arm-none-eabi/13.3.1/../../../../arm-none-eabi/lib/thumb/v7e-m+dp/hard\libc_nano.a(libc_a-init.o)
                0x08002220                __libc_init_array
 *(.glue_7)
 .glue_7        0x08002268        0x0 linker stubs
 *(.glue_7t)
 .glue_7t       0x08002268        0x0 linker stubs
 *(.eh_frame)
 .eh_frame      0x08002268        0x0 C:/ST/STM32CubeIDE_1.18.1/STM32CubeIDE/plugins/com.st.stm32cube.ide.mcu.externaltools.gnu-tools-for-stm32.13.3.rel1.win32_1.0.0.202411081344/tools/bin/../lib/gcc/arm-none-eabi/13.3.1/thumb/v7e-m+dp/hard/crtbegin.o
 *(.init)
 .init          0x08002268        0x4 C:/ST/STM32CubeIDE_1.18.1/STM32CubeIDE/plugins/com.st.stm32cube.ide.mcu.externaltools.gnu-tools-for-stm32.13.3.rel1.win32_1.0.0.202411081344/tools/bin/../lib/gcc/arm-none-eabi/13.3.1/thumb/v7e-m+dp/hard/crti.o
                0x08002268                _init
 .init          0x0800226c        0x8 C:/ST/STM32CubeIDE_1.18.1/STM32CubeIDE/plugins/com.st.stm32cube.ide.mcu.externaltools.gnu-tools-for-stm32.13.3.rel1.win32_1.0.0.202411081344/tools/bin/../lib/gcc/arm-none-eabi/13.3.1/thumb/v7e-m+dp/hard/crtn.o
 *(.fini)
 .fini          0x08002274        0x4 C:/ST/STM32CubeIDE_1.18.1/STM32CubeIDE/plugins/com.st.stm32cube.ide.mcu.externaltools.gnu-tools-for-stm32.13.3.rel1.win32_1.0.0.202411081344/tools/bin/../lib/gcc/arm-none-eabi/13.3.1/thumb/v7e-m+dp/hard/crti.o
                0x08002274                _fini
 .fini          0x08002278        0x8 C:/ST/STM32CubeIDE_1.18.1/STM32CubeIDE/plugins/com.st.stm32cube.ide.mcu.externaltools.gnu-tools-for-stm32.13.3.rel1.win32_1.0.0.202411081344/tools/bin/../lib/gcc/arm-none-eabi/13.3.1/thumb/v7e-m+dp/hard/crtn.o
                0x08002280                        . = ALIGN (0x4)
                0x08002280                        _etext = .

.vfp11_veneer   0x08002280        0x0
 .vfp11_veneer  0x08002280        0x0 linker stubs

.v4_bx          0x08002280        0x0
 .v4_bx         0x08002280        0x0 linker stubs

.iplt           0x08002280        0x0
 .iplt          0x08002280        0x0 C:/ST/STM32CubeIDE_1.18.1/STM32CubeIDE/plugins/com.st.stm32cube.ide.mcu.externaltools.gnu-tools-for-stm32.13.3.rel1.win32_1.0.0.202411081344/tools/bin/../lib/gcc/arm-none-eabi/13.3.1/thumb/v7e-m+dp/hard/crtbegin.o

.rodata         0x08002280        0x0
                0x08002280                        . = ALIGN (0x4)
 *(.rodata)
 *(.rodata*)
                0x08002280                        . = ALIGN (0x4)

.ARM.extab      0x08002280        0x0
                0x08002280                        . = ALIGN (0x4)
 *(.ARM.extab* .gnu.linkonce.armextab.*)
                0x08002280                        . = ALIGN (0x4)

.ARM            0x08002280        0x0
                0x08002280                        . = ALIGN (0x4)
                0x08002280                        __exidx_start = .
 *(.ARM.exidx*)
                0x08002280                        __exidx_end = .
                0x08002280                        . = ALIGN (0x4)

.preinit_array  0x08002280        0x0
                0x08002280                        . = ALIGN (0x4)
                0x08002280                        PROVIDE (__preinit_array_start = .)
 *(.preinit_array*)
                0x08002280                        PROVIDE (__preinit_array_end = .)
                0x08002280                        . = ALIGN (0x4)

.init_array     0x08002280        0x4
                0x08002280                        . = ALIGN (0x4)
                0x08002280                        PROVIDE (__init_array_start = .)
 *(SORT_BY_NAME(.init_array.*))
 *(.init_array*)
 .init_array    0x08002280        0x4 C:/ST/STM32CubeIDE_1.18.1/STM32CubeIDE/plugins/com.st.stm32cube.ide.mcu.externaltools.gnu-tools-for-stm32.13.3.rel1.win32_1.0.0.202411081344/tools/bin/../lib/gcc/arm-none-eabi/13.3.1/thumb/v7e-m+dp/hard/crtbegin.o
                0x08002284                        PROVIDE (__init_array_end = .)
                0x08002284                        . = ALIGN (0x4)

.fini_array     0x08002284        0x4
                0x08002284                        . = ALIGN (0x4)
                [!provide]                        PROVIDE (__fini_array_start = .)
 *(SORT_BY_NAME(.fini_array.*))
 *(.fini_array*)
 .fini_array    0x08002284        0x4 C:/ST/STM32CubeIDE_1.18.1/STM32CubeIDE/plugins/com.st.stm32cube.ide.mcu.externaltools.gnu-tools-for-stm32.13.3.rel1.win32_1.0.0.202411081344/tools/bin/../lib/gcc/arm-none-eabi/13.3.1/thumb/v7e-m+dp/hard/crtbegin.o
                [!provide]                        PROVIDE (__fini_array_end = .)
                0x08002288                        . = ALIGN (0x4)
                0x08002288                        _sidata = LOADADDR (.data)

.rel.dyn        0x08002288        0x0
 .rel.iplt      0x08002288        0x0 C:/ST/STM32CubeIDE_1.18.1/STM32CubeIDE/plugins/com.st.stm32cube.ide.mcu.externaltools.gnu-tools-for-stm32.13.3.rel1.win32_1.0.0.202411081344/tools/bin/../lib/gcc/arm-none-eabi/13.3.1/thumb/v7e-m+dp/hard/crtbegin.o

.data           0x20000000        0x4 load address 0x08002288
                0x20000000                        . = ALIGN (0x4)
                0x20000000                        _sdata = .
 *(.data)
 *(.data*)
 .data.g_i2c1_reg_addr
                0x20000000        0x1 ./Examples/Src/ex029_i2c1_it_write_read_nack_test.o
 .data.g_i2c1_callback_event
                0x20000001        0x1 ./Examples/Src/ex029_i2c1_it_write_read_nack_test.o
 *(.RamFunc)
 *(.RamFunc*)
                0x20000004                        . = ALIGN (0x4)
 *fill*         0x20000002        0x2 
                0x20000004                        _edata = .

.igot.plt       0x20000004        0x0 load address 0x0800228c
 .igot.plt      0x20000004        0x0 C:/ST/STM32CubeIDE_1.18.1/STM32CubeIDE/plugins/com.st.stm32cube.ide.mcu.externaltools.gnu-tools-for-stm32.13.3.rel1.win32_1.0.0.202411081344/tools/bin/../lib/gcc/arm-none-eabi/13.3.1/thumb/v7e-m+dp/hard/crtbegin.o
                0x20000004                        . = ALIGN (0x4)

.bss            0x20000004      0x10c load address 0x0800228c
                0x20000004                        _sbss = .
                0x20000004                        __bss_start__ = _sbss
 *(.bss)
 .bss           0x20000004       0x1c C:/ST/STM32CubeIDE_1.18.1/STM32CubeIDE/plugins/com.st.stm32cube.ide.mcu.externaltools.gnu-tools-for-stm32.13.3.rel1.win32_1.0.0.202411081344/tools/bin/../lib/gcc/arm-none-eabi/13.3.1/thumb/v7e-m+dp/hard/crtbegin.o
 *(.bss*)
 .bss.GPIO_EXTI_PortMap
                0x20000020       0x40 ./Drivers/MyDrivers/Src/stm32f767xx_gpio_driver.o
 .bss.s_I2C1Handle
                0x20000060        0x4 ./Drivers/MyDrivers/Src/stm32f767xx_i2c_driver.o
 .bss.s_I2C2Handle
                0x20000064        0x4 ./Drivers/MyDrivers/Src/stm32f767xx_i2c_driver.o
 .bss.s_I2C3Handle
                0x20000068        0x4 ./Drivers/MyDrivers/Src/stm32f767xx_i2c_driver.o
 .bss.s_I2C4Handle
                0x2000006c        0x4 ./Drivers/MyDrivers/Src/stm32f767xx_i2c_driver.o
 .bss.s_SPI1Handle
                0x20000070        0x4 ./Drivers/MyDrivers/Src/stm32f767xx_spi_driver.o
 .bss.s_SPI2Handle
                0x20000074        0x4 ./Drivers/MyDrivers/Src/stm32f767xx_spi_driver.o
 .bss.s_SPI3Handle
                0x20000078        0x4 ./Drivers/MyDrivers/Src/stm32f767xx_spi_driver.o
 .bss.s_SPI4Handle
                0x2000007c        0x4 ./Drivers/MyDrivers/Src/stm32f767xx_spi_driver.o
 .bss.s_SPI5Handle
                0x20000080        0x4 ./Drivers/MyDrivers/Src/stm32f767xx_spi_driver.o
 .bss.s_SPI6Handle
                0x20000084        0x4 ./Drivers/MyDrivers/Src/stm32f767xx_spi_driver.o
 .bss.g_systick_ms
                0x20000088        0x4 ./Drivers/MyDrivers/Src/stm32f767xx_systick_driver.o
 .bss.s_USART1Handle
                0x2000008c        0x4 ./Drivers/MyDrivers/Src/stm32f767xx_usart_driver.o
 .bss.s_USART2Handle
                0x20000090        0x4 ./Drivers/MyDrivers/Src/stm32f767xx_usart_driver.o
 .bss.s_USART3Handle
                0x20000094        0x4 ./Drivers/MyDrivers/Src/stm32f767xx_usart_driver.o
 .bss.s_UART4Handle
                0x20000098        0x4 ./Drivers/MyDrivers/Src/stm32f767xx_usart_driver.o
 .bss.s_UART5Handle
                0x2000009c        0x4 ./Drivers/MyDrivers/Src/stm32f767xx_usart_driver.o
 .bss.s_USART6Handle
                0x200000a0        0x4 ./Drivers/MyDrivers/Src/stm32f767xx_usart_driver.o
 .bss.s_UART7Handle
                0x200000a4        0x4 ./Drivers/MyDrivers/Src/stm32f767xx_usart_driver.o
 .bss.s_UART8Handle
                0x200000a8        0x4 ./Drivers/MyDrivers/Src/stm32f767xx_usart_driver.o
 .bss.I2C1Handle
                0x200000ac       0x24 ./Examples/Src/ex029_i2c1_it_write_read_nack_test.o
 .bss.g_i2c1_rx_buffer
                0x200000d0        0x5 ./Examples/Src/ex029_i2c1_it_write_read_nack_test.o
 .bss.g_i2c1_transfer_status
                0x200000d5        0x1 ./Examples/Src/ex029_i2c1_it_write_read_nack_test.o
 .bss.g_i2c1_transfer_done
                0x200000d6        0x1 ./Examples/Src/ex029_i2c1_it_write_read_nack_test.o
 *fill*         0x200000d7        0x1 
 .bss.g_i2c1_wr_rd_complete_count
                0x200000d8        0x4 ./Examples/Src/ex029_i2c1_it_write_read_nack_test.o
 .bss.g_i2c1_nack_count
                0x200000dc        0x4 ./Examples/Src/ex029_i2c1_it_write_read_nack_test.o
 .bss.g_i2c1_error_count
                0x200000e0        0x4 ./Examples/Src/ex029_i2c1_it_write_read_nack_test.o
 .bss.g_i2c1_berr_count
                0x200000e4        0x4 ./Examples/Src/ex029_i2c1_it_write_read_nack_test.o
 .bss.g_i2c1_arlo_count
                0x200000e8        0x4 ./Examples/Src/ex029_i2c1_it_write_read_nack_test.o
 .bss.g_i2c1_ovr_count
                0x200000ec        0x4 ./Examples/Src/ex029_i2c1_it_write_read_nack_test.o
 .bss.g_i2c1_timeout_count
                0x200000f0        0x4 ./Examples/Src/ex029_i2c1_it_write_read_nack_test.o
 .bss.g_test_done
                0x200000f4        0x1 ./Examples/Src/ex029_i2c1_it_write_read_nack_test.o
 .bss.g_test_timeout
                0x200000f5        0x1 ./Examples/Src/ex029_i2c1_it_write_read_nack_test.o
 .bss.g_i2c1_final_error_code
                0x200000f6        0x1 ./Examples/Src/ex029_i2c1_it_write_read_nack_test.o
 .bss.g_i2c1_final_state
                0x200000f7        0x1 ./Examples/Src/ex029_i2c1_it_write_read_nack_test.o
 .bss.g_i2c1_final_xfer_mode
                0x200000f8        0x1 ./Examples/Src/ex029_i2c1_it_write_read_nack_test.o
 *fill*         0x200000f9        0x3 
 .bss.g_i2c1_final_tx_len
                0x200000fc        0x4 ./Examples/Src/ex029_i2c1_it_write_read_nack_test.o
 .bss.g_i2c1_final_rx_len
                0x20000100        0x4 ./Examples/Src/ex029_i2c1_it_write_read_nack_test.o
 .bss.g_i2c1_final_isr
                0x20000104        0x4 ./Examples/Src/ex029_i2c1_it_write_read_nack_test.o
 .bss.g_i2c1_final_cr1
                0x20000108        0x4 ./Examples/Src/ex029_i2c1_it_write_read_nack_test.o
 .bss.g_i2c1_final_cr2
                0x2000010c        0x4 ./Examples/Src/ex029_i2c1_it_write_read_nack_test.o
 *(COMMON)
                0x20000110                        . = ALIGN (0x4)
                0x20000110                        _ebss = .
                0x20000110                        __bss_end__ = _ebss

._user_heap_stack
                0x20000110      0x600 load address 0x0800228c
                0x20000110                        . = ALIGN (0x8)
                [!provide]                        PROVIDE (end = .)
                0x20000110                        PROVIDE (_end = .)
                0x20000310                        . = (. + _Min_Heap_Size)
 *fill*         0x20000110      0x200 
                0x20000710                        . = (. + _Min_Stack_Size)
 *fill*         0x20000310      0x400 
                0x20000710                        . = ALIGN (0x8)

/DISCARD/
 libc.a(*)
 libm.a(*)
 libgcc.a(*)

.ARM.attributes
                0x00000000       0x2e
 *(.ARM.attributes)
 .ARM.attributes
                0x00000000       0x20 C:/ST/STM32CubeIDE_1.18.1/STM32CubeIDE/plugins/com.st.stm32cube.ide.mcu.externaltools.gnu-tools-for-stm32.13.3.rel1.win32_1.0.0.202411081344/tools/bin/../lib/gcc/arm-none-eabi/13.3.1/thumb/v7e-m+dp/hard/crti.o
 .ARM.attributes
                0x00000020       0x32 C:/ST/STM32CubeIDE_1.18.1/STM32CubeIDE/plugins/com.st.stm32cube.ide.mcu.externaltools.gnu-tools-for-stm32.13.3.rel1.win32_1.0.0.202411081344/tools/bin/../lib/gcc/arm-none-eabi/13.3.1/thumb/v7e-m+dp/hard/crtbegin.o
 .ARM.attributes
                0x00000052       0x32 ./Core/Src/interrupt.o
 .ARM.attributes
                0x00000084       0x32 ./Core/Src/main.o
 .ARM.attributes
                0x000000b6       0x32 ./Core/Src/system_stm32f7xx.o
 .ARM.attributes
                0x000000e8       0x21 ./Core/Startup/startup_stm32f767zitx.o
 .ARM.attributes
                0x00000109       0x32 ./Drivers/MyDrivers/Src/stm32f767xx_gpio_driver.o
 .ARM.attributes
                0x0000013b       0x32 ./Drivers/MyDrivers/Src/stm32f767xx_i2c_driver.o
 .ARM.attributes
                0x0000016d       0x32 ./Drivers/MyDrivers/Src/stm32f767xx_nvic_driver.o
 .ARM.attributes
                0x0000019f       0x32 ./Drivers/MyDrivers/Src/stm32f767xx_spi_driver.o
 .ARM.attributes
                0x000001d1       0x32 ./Drivers/MyDrivers/Src/stm32f767xx_systick_driver.o
 .ARM.attributes
                0x00000203       0x32 ./Drivers/MyDrivers/Src/stm32f767xx_usart_driver.o
 .ARM.attributes
                0x00000235       0x32 ./Examples/Src/ex029_i2c1_it_write_read_nack_test.o
 .ARM.attributes
                0x00000267       0x32 C:/ST/STM32CubeIDE_1.18.1/STM32CubeIDE/plugins/com.st.stm32cube.ide.mcu.externaltools.gnu-tools-for-stm32.13.3.rel1.win32_1.0.0.202411081344/tools/bin/../lib/gcc/arm-none-eabi/13.3.1/../../../../arm-none-eabi/lib/thumb/v7e-m+dp/hard\libc_nano.a(libc_a-init.o)
 .ARM.attributes
                0x00000299       0x20 C:/ST/STM32CubeIDE_1.18.1/STM32CubeIDE/plugins/com.st.stm32cube.ide.mcu.externaltools.gnu-tools-for-stm32.13.3.rel1.win32_1.0.0.202411081344/tools/bin/../lib/gcc/arm-none-eabi/13.3.1/thumb/v7e-m+dp/hard/crtn.o
OUTPUT(Nucleo_F767ZI_DriverDev.elf elf32-littlearm)
LOAD linker stubs
LOAD C:/ST/STM32CubeIDE_1.18.1/STM32CubeIDE/plugins/com.st.stm32cube.ide.mcu.externaltools.gnu-tools-for-stm32.13.3.rel1.win32_1.0.0.202411081344/tools/bin/../lib/gcc/arm-none-eabi/13.3.1/../../../../arm-none-eabi/lib/thumb/v7e-m+dp/hard\libc.a
LOAD C:/ST/STM32CubeIDE_1.18.1/STM32CubeIDE/plugins/com.st.stm32cube.ide.mcu.externaltools.gnu-tools-for-stm32.13.3.rel1.win32_1.0.0.202411081344/tools/bin/../lib/gcc/arm-none-eabi/13.3.1/../../../../arm-none-eabi/lib/thumb/v7e-m+dp/hard\libm.a
LOAD C:/ST/STM32CubeIDE_1.18.1/STM32CubeIDE/plugins/com.st.stm32cube.ide.mcu.externaltools.gnu-tools-for-stm32.13.3.rel1.win32_1.0.0.202411081344/tools/bin/../lib/gcc/arm-none-eabi/13.3.1/thumb/v7e-m+dp/hard\libgcc.a

.debug_info     0x00000000     0x4358
 .debug_info    0x00000000      0x4da ./Core/Src/interrupt.o
 .debug_info    0x000004da       0x50 ./Core/Src/main.o
 .debug_info    0x0000052a      0x6e6 ./Core/Src/system_stm32f7xx.o
 .debug_info    0x00000c10       0x30 ./Core/Startup/startup_stm32f767zitx.o
 .debug_info    0x00000c40      0x7df ./Drivers/MyDrivers/Src/stm32f767xx_gpio_driver.o
 .debug_info    0x0000141f      0xd86 ./Drivers/MyDrivers/Src/stm32f767xx_i2c_driver.o
 .debug_info    0x000021a5      0x144 ./Drivers/MyDrivers/Src/stm32f767xx_nvic_driver.o
 .debug_info    0x000022e9      0xbe2 ./Drivers/MyDrivers/Src/stm32f767xx_spi_driver.o
 .debug_info    0x00002ecb      0x16b ./Drivers/MyDrivers/Src/stm32f767xx_systick_driver.o
 .debug_info    0x00003036      0xc5e ./Drivers/MyDrivers/Src/stm32f767xx_usart_driver.o
 .debug_info    0x00003c94      0x6c4 ./Examples/Src/ex029_i2c1_it_write_read_nack_test.o

.debug_abbrev   0x00000000      0xe2a
 .debug_abbrev  0x00000000       0xf3 ./Core/Src/interrupt.o
 .debug_abbrev  0x000000f3       0x4f ./Core/Src/main.o
 .debug_abbrev  0x00000142      0x13b ./Core/Src/system_stm32f7xx.o
 .debug_abbrev  0x0000027d       0x24 ./Core/Startup/startup_stm32f767zitx.o
 .debug_abbrev  0x000002a1      0x17f ./Drivers/MyDrivers/Src/stm32f767xx_gpio_driver.o
 .debug_abbrev  0x00000420      0x256 ./Drivers/MyDrivers/Src/stm32f767xx_i2c_driver.o
 .debug_abbrev  0x00000676       0x94 ./Drivers/MyDrivers/Src/stm32f767xx_nvic_driver.o
 .debug_abbrev  0x0000070a      0x26f ./Drivers/MyDrivers/Src/stm32f767xx_spi_driver.o
 .debug_abbrev  0x00000979       0xf0 ./Drivers/MyDrivers/Src/stm32f767xx_systick_driver.o
 .debug_abbrev  0x00000a69      0x244 ./Drivers/MyDrivers/Src/stm32f767xx_usart_driver.o
 .debug_abbrev  0x00000cad      0x17d ./Examples/Src/ex029_i2c1_it_write_read_nack_test.o

.debug_aranges  0x00000000      0x558
 .debug_aranges
                0x00000000      0x108 ./Core/Src/interrupt.o
 .debug_aranges
                0x00000108       0x20 ./Core/Src/main.o
 .debug_aranges
                0x00000128       0x28 ./Core/Src/system_stm32f7xx.o
 .debug_aranges
                0x00000150       0x28 ./Core/Startup/startup_stm32f767zitx.o
 .debug_aranges
                0x00000178       0x78 ./Drivers/MyDrivers/Src/stm32f767xx_gpio_driver.o
 .debug_aranges
                0x000001f0       0xe8 ./Drivers/MyDrivers/Src/stm32f767xx_i2c_driver.o
 .debug_aranges
                0x000002d8       0x28 ./Drivers/MyDrivers/Src/stm32f767xx_nvic_driver.o
 .debug_aranges
                0x00000300      0x100 ./Drivers/MyDrivers/Src/stm32f767xx_spi_driver.o
 .debug_aranges
                0x00000400       0x38 ./Drivers/MyDrivers/Src/stm32f767xx_systick_driver.o
 .debug_aranges
                0x00000438       0xe8 ./Drivers/MyDrivers/Src/stm32f767xx_usart_driver.o
 .debug_aranges
                0x00000520       0x38 ./Examples/Src/ex029_i2c1_it_write_read_nack_test.o

.debug_rnglists
                0x00000000      0x3f6
 .debug_rnglists
                0x00000000       0xc1 ./Core/Src/interrupt.o
 .debug_rnglists
                0x000000c1       0x13 ./Core/Src/main.o
 .debug_rnglists
                0x000000d4       0x1a ./Core/Src/system_stm32f7xx.o
 .debug_rnglists
                0x000000ee       0x19 ./Core/Startup/startup_stm32f767zitx.o
 .debug_rnglists
                0x00000107       0x58 ./Drivers/MyDrivers/Src/stm32f767xx_gpio_driver.o
 .debug_rnglists
                0x0000015f       0xb9 ./Drivers/MyDrivers/Src/stm32f767xx_i2c_driver.o
 .debug_rnglists
                0x00000218       0x19 ./Drivers/MyDrivers/Src/stm32f767xx_nvic_driver.o
 .debug_rnglists
                0x00000231       0xc7 ./Drivers/MyDrivers/Src/stm32f767xx_spi_driver.o
 .debug_rnglists
                0x000002f8       0x25 ./Drivers/MyDrivers/Src/stm32f767xx_systick_driver.o
 .debug_rnglists
                0x0000031d       0xb2 ./Drivers/MyDrivers/Src/stm32f767xx_usart_driver.o
 .debug_rnglists
                0x000003cf       0x27 ./Examples/Src/ex029_i2c1_it_write_read_nack_test.o

.debug_macro    0x00000000    0x1e754
 .debug_macro   0x00000000       0x9b ./Core/Src/interrupt.o
 .debug_macro   0x0000009b      0xaea ./Core/Src/interrupt.o
 .debug_macro   0x00000b85       0x22 ./Core/Src/interrupt.o
 .debug_macro   0x00000ba7       0x8e ./Core/Src/interrupt.o
 .debug_macro   0x00000c35       0x51 ./Core/Src/interrupt.o
 .debug_macro   0x00000c86      0x103 ./Core/Src/interrupt.o
 .debug_macro   0x00000d89       0x6a ./Core/Src/interrupt.o
 .debug_macro   0x00000df3      0x1df ./Core/Src/interrupt.o
 .debug_macro   0x00000fd2      0xae8 ./Core/Src/interrupt.o
 .debug_macro   0x00001aba      0x12a ./Core/Src/interrupt.o
 .debug_macro   0x00001be4      0x12a ./Core/Src/interrupt.o
 .debug_macro   0x00001d0e      0x13c ./Core/Src/interrupt.o
 .debug_macro   0x00001e4a       0x24 ./Core/Src/main.o
 .debug_macro   0x00001e6e       0xbe ./Core/Src/main.o
 .debug_macro   0x00001f2c       0xd8 ./Core/Src/system_stm32f7xx.o
 .debug_macro   0x00002004       0x2e ./Core/Src/system_stm32f7xx.o
 .debug_macro   0x00002032       0x3b ./Core/Src/system_stm32f7xx.o
 .debug_macro   0x0000206d       0x1c ./Core/Src/system_stm32f7xx.o
 .debug_macro   0x00002089       0x22 ./Core/Src/system_stm32f7xx.o
 .debug_macro   0x000020ab       0xd9 ./Core/Src/system_stm32f7xx.o
 .debug_macro   0x00002184     0x12cd ./Core/Src/system_stm32f7xx.o
 .debug_macro   0x00003451      0x11f ./Core/Src/system_stm32f7xx.o
 .debug_macro   0x00003570       0x19 ./Core/Src/system_stm32f7xx.o
 .debug_macro   0x00003589    0x1aa23 ./Core/Src/system_stm32f7xx.o
 .debug_macro   0x0001dfac       0x6d ./Core/Src/system_stm32f7xx.o
 .debug_macro   0x0001e019       0x7c ./Drivers/MyDrivers/Src/stm32f767xx_gpio_driver.o
 .debug_macro   0x0001e095       0x8b ./Drivers/MyDrivers/Src/stm32f767xx_i2c_driver.o
 .debug_macro   0x0001e120      0x136 ./Drivers/MyDrivers/Src/stm32f767xx_i2c_driver.o
 .debug_macro   0x0001e256       0x72 ./Drivers/MyDrivers/Src/stm32f767xx_nvic_driver.o
 .debug_macro   0x0001e2c8       0x8b ./Drivers/MyDrivers/Src/stm32f767xx_spi_driver.o
 .debug_macro   0x0001e353      0x124 ./Drivers/MyDrivers/Src/stm32f767xx_spi_driver.o
 .debug_macro   0x0001e477       0x7c ./Drivers/MyDrivers/Src/stm32f767xx_systick_driver.o
 .debug_macro   0x0001e4f3       0x95 ./Drivers/MyDrivers/Src/stm32f767xx_usart_driver.o
 .debug_macro   0x0001e588      0x124 ./Drivers/MyDrivers/Src/stm32f767xx_usart_driver.o
 .debug_macro   0x0001e6ac       0xa8 ./Examples/Src/ex029_i2c1_it_write_read_nack_test.o

.debug_line     0x00000000     0x5567
 .debug_line    0x00000000      0x7a2 ./Core/Src/interrupt.o
 .debug_line    0x000007a2       0xae ./Core/Src/main.o
 .debug_line    0x00000850      0x564 ./Core/Src/system_stm32f7xx.o
 .debug_line    0x00000db4       0x7a ./Core/Startup/startup_stm32f767zitx.o
 .debug_line    0x00000e2e      0xa64 ./Drivers/MyDrivers/Src/stm32f767xx_gpio_driver.o
 .debug_line    0x00001892      0xfcd ./Drivers/MyDrivers/Src/stm32f767xx_i2c_driver.o
 .debug_line    0x0000285f      0x4b1 ./Drivers/MyDrivers/Src/stm32f767xx_nvic_driver.o
 .debug_line    0x00002d10      0xe56 ./Drivers/MyDrivers/Src/stm32f767xx_spi_driver.o
 .debug_line    0x00003b66      0x50f ./Drivers/MyDrivers/Src/stm32f767xx_systick_driver.o
 .debug_line    0x00004075      0xe2d ./Drivers/MyDrivers/Src/stm32f767xx_usart_driver.o
 .debug_line    0x00004ea2      0x6c5 ./Examples/Src/ex029_i2c1_it_write_read_nack_test.o

.debug_str      0x00000000    0xa9604
 .debug_str     0x00000000    0xa9604 ./Core/Src/interrupt.o
                               0x8792 (size before relaxing)
 .debug_str     0x000a9604     0x32bf ./Core/Src/main.o
 .debug_str     0x000a9604    0xa3682 ./Core/Src/system_stm32f7xx.o
 .debug_str     0x000a9604       0x7d ./Core/Startup/startup_stm32f767zitx.o
 .debug_str     0x000a9604     0x7b1c ./Drivers/MyDrivers/Src/stm32f767xx_gpio_driver.o
 .debug_str     0x000a9604     0x809c ./Drivers/MyDrivers/Src/stm32f767xx_i2c_driver.o
 .debug_str     0x000a9604     0x765c ./Drivers/MyDrivers/Src/stm32f767xx_nvic_driver.o
 .debug_str     0x000a9604     0x8066 ./Drivers/MyDrivers/Src/stm32f767xx_spi_driver.o
 .debug_str     0x000a9604     0x7697 ./Drivers/MyDrivers/Src/stm32f767xx_systick_driver.o
 .debug_str     0x000a9604     0x81d9 ./Drivers/MyDrivers/Src/stm32f767xx_usart_driver.o
 .debug_str     0x000a9604     0x841d ./Examples/Src/ex029_i2c1_it_write_read_nack_test.o

.comment        0x00000000       0x43
 .comment       0x00000000       0x43 ./Core/Src/interrupt.o
                                 0x44 (size before relaxing)
 .comment       0x00000043       0x44 ./Core/Src/main.o
 .comment       0x00000043       0x44 ./Core/Src/system_stm32f7xx.o
 .comment       0x00000043       0x44 ./Drivers/MyDrivers/Src/stm32f767xx_gpio_driver.o
 .comment       0x00000043       0x44 ./Drivers/MyDrivers/Src/stm32f767xx_i2c_driver.o
 .comment       0x00000043       0x44 ./Drivers/MyDrivers/Src/stm32f767xx_nvic_driver.o
 .comment       0x00000043       0x44 ./Drivers/MyDrivers/Src/stm32f767xx_spi_driver.o
 .comment       0x00000043       0x44 ./Drivers/MyDrivers/Src/stm32f767xx_systick_driver.o
 .comment       0x00000043       0x44 ./Drivers/MyDrivers/Src/stm32f767xx_usart_driver.o
 .comment       0x00000043       0x44 ./Examples/Src/ex029_i2c1_it_write_read_nack_test.o

.debug_frame    0x00000000     0x141c
 .debug_frame   0x00000000      0x368 ./Core/Src/interrupt.o
 .debug_frame   0x00000368       0x2c ./Core/Src/main.o
 .debug_frame   0x00000394       0x58 ./Core/Src/system_stm32f7xx.o
 .debug_frame   0x000003ec      0x1ec ./Drivers/MyDrivers/Src/stm32f767xx_gpio_driver.o
 .debug_frame   0x000005d8      0x40c ./Drivers/MyDrivers/Src/stm32f767xx_i2c_driver.o
 .debug_frame   0x000009e4       0x60 ./Drivers/MyDrivers/Src/stm32f767xx_nvic_driver.o
 .debug_frame   0x00000a44      0x47c ./Drivers/MyDrivers/Src/stm32f767xx_spi_driver.o
 .debug_frame   0x00000ec0       0x9c ./Drivers/MyDrivers/Src/stm32f767xx_systick_driver.o
 .debug_frame   0x00000f5c      0x3fc ./Drivers/MyDrivers/Src/stm32f767xx_usart_driver.o
 .debug_frame   0x00001358       0x98 ./Examples/Src/ex029_i2c1_it_write_read_nack_test.o
 .debug_frame   0x000013f0       0x2c C:/ST/STM32CubeIDE_1.18.1/STM32CubeIDE/plugins/com.st.stm32cube.ide.mcu.externaltools.gnu-tools-for-stm32.13.3.rel1.win32_1.0.0.202411081344/tools/bin/../lib/gcc/arm-none-eabi/13.3.1/../../../../arm-none-eabi/lib/thumb/v7e-m+dp/hard\libc_nano.a(libc_a-init.o)

.debug_line_str
                0x00000000       0x61
 .debug_line_str
                0x00000000       0x61 ./Core/Startup/startup_stm32f767zitx.o
