../Examples/Src/ex018_i2c1_ssd1306_command_test.c:27:13:I2C1_GPIOInits	24	static
../Examples/Src/ex018_i2c1_ssd1306_command_test.c:51:16:I2C1_Inits	8	static
../Examples/Src/ex018_i2c1_ssd1306_command_test.c:63:16:SSD1306_WriteCommand	40	static
../Examples/Src/ex018_i2c1_ssd1306_command_test.c:83:16:SSD1306_WriteDataChunk	56	static
../Examples/Src/ex018_i2c1_ssd1306_command_test.c:115:16:SSD1306_Init	16	static
../Examples/Src/ex018_i2c1_ssd1306_command_test.c:208:16:SSD1306_SetCursor	24	static
../Examples/Src/ex018_i2c1_ssd1306_command_test.c:229:16:SSD1306_Fill	40	static
../Examples/Src/ex018_i2c1_ssd1306_command_test.c:254:6:EX018_I2C1_SSD1306_Command_Test	8	static
