../Drivers/MyDrivers/Src/stm32f767xx_i2c_driver.c:11:16:I2C_WaitOnFlagUntilTimeout	32	static
../Drivers/MyDrivers/Src/stm32f767xx_i2c_driver.c:64:6:I2C_PeriClockControl	16	static
../Drivers/MyDrivers/Src/stm32f767xx_i2c_driver.c:107:9:I2C_Init	24	static
../Drivers/MyDrivers/Src/stm32f767xx_i2c_driver.c:194:6:I2C_DeInit	16	static
../Drivers/MyDrivers/Src/stm32f767xx_i2c_driver.c:215:6:I2C_PeripheralControl	16	static
../Drivers/MyDrivers/Src/stm32f767xx_i2c_driver.c:228:9:I2C_GetFlagStatus	16	static
../Drivers/MyDrivers/Src/stm32f767xx_i2c_driver.c:239:9:I2C_GetErrorStatus	24	static
../Drivers/MyDrivers/Src/stm32f767xx_i2c_driver.c:277:6:I2C_ClearErrorFlags	16	static
../Drivers/MyDrivers/Src/stm32f767xx_i2c_driver.c:294:6:I2C_ClearSTOPFlag	16	static
../Drivers/MyDrivers/Src/stm32f767xx_i2c_driver.c:305:6:I2C_ClearNACKFlag	16	static
../Drivers/MyDrivers/Src/stm32f767xx_i2c_driver.c:314:9:I2C_IsDeviceReadyWithTimeout	56	static
../Drivers/MyDrivers/Src/stm32f767xx_i2c_driver.c:434:9:I2C_MasterTransmitWithTimeout	48	static
../Drivers/MyDrivers/Src/stm32f767xx_i2c_driver.c:590:9:I2C_MasterReceiveWithTimeout	48	static
../Drivers/MyDrivers/Src/stm32f767xx_i2c_driver.c:740:9:I2C_MasterWriteReadWithTimeout	48	static
