../Drivers/MyDrivers/Src/stm32f767xx_usart_driver.c:21:16:USART_WaitOnFlagUntilTimeout	32	static
../Drivers/MyDrivers/Src/stm32f767xx_usart_driver.c:37:17:USART_ComputeBRR	32	static
../Drivers/MyDrivers/Src/stm32f767xx_usart_driver.c:75:17:USART_GetPeripheralClock	16	static
../Drivers/MyDrivers/Src/stm32f767xx_usart_driver.c:86:13:USART_SetBaudRate	32	static
../Drivers/MyDrivers/Src/stm32f767xx_usart_driver.c:94:13:USART_RegisterHandle	16	static
../Drivers/MyDrivers/Src/stm32f767xx_usart_driver.c:130:24:USART_GetHandleFromInstance	16	static
../Drivers/MyDrivers/Src/stm32f767xx_usart_driver.c:167:6:USART_PeriClockControl	16	static
../Drivers/MyDrivers/Src/stm32f767xx_usart_driver.c:240:17:USART_GetDataMask	16	static
../Drivers/MyDrivers/Src/stm32f767xx_usart_driver.c:274:9:USART_GetErrorStatus	24	static
../Drivers/MyDrivers/Src/stm32f767xx_usart_driver.c:301:6:USART_ClearErrorFlags	16	static
../Drivers/MyDrivers/Src/stm32f767xx_usart_driver.c:308:10:USART_Init	32	static
../Drivers/MyDrivers/Src/stm32f767xx_usart_driver.c:474:6:USART_DeInit	16	static
../Drivers/MyDrivers/Src/stm32f767xx_usart_driver.c:510:6:USART_PeripheralControl	16	static
../Drivers/MyDrivers/Src/stm32f767xx_usart_driver.c:521:6:USART_PeripheralInterruptControl	16	static
../Drivers/MyDrivers/Src/stm32f767xx_usart_driver.c:572:9:USART_GetFlagStatus	16	static
../Drivers/MyDrivers/Src/stm32f767xx_usart_driver.c:582:9:USART_SendDataWithTimeout	40	static
../Drivers/MyDrivers/Src/stm32f767xx_usart_driver.c:616:9:USART_ReceiveDataWithTimeout	40	static
../Drivers/MyDrivers/Src/stm32f767xx_usart_driver.c:649:9:USART_RxRingBufferInit	24	static
../Drivers/MyDrivers/Src/stm32f767xx_usart_driver.c:667:10:USART_RxAvailable	24	static
../Drivers/MyDrivers/Src/stm32f767xx_usart_driver.c:681:9:USART_RxReadByte	16	static
../Drivers/MyDrivers/Src/stm32f767xx_usart_driver.c:705:10:USART_RxReadBytes	32	static
../Drivers/MyDrivers/Src/stm32f767xx_usart_driver.c:728:13:USART_RxRingBufferPush	24	static
../Drivers/MyDrivers/Src/stm32f767xx_usart_driver.c:755:6:USART_IRQHandling	40	static
../Drivers/MyDrivers/Src/stm32f767xx_usart_driver.c:830:28:USART_ApplicationEventCallback	16	static
