../Drivers/MyDrivers/Src/stm32f767xx_spi_driver.c:18:13:SPI_RegisterHandle	16	static
../Drivers/MyDrivers/Src/stm32f767xx_spi_driver.c:46:22:SPI_GetHandleFromInstance	16	static
../Drivers/MyDrivers/Src/stm32f767xx_spi_driver.c:75:16:SPI_WaitOnFlagUntilTimeout	32	static
../Drivers/MyDrivers/Src/stm32f767xx_spi_driver.c:90:6:SPI_PeriClockControl	16	static
../Drivers/MyDrivers/Src/stm32f767xx_spi_driver.c:148:9:SPI_Init	24	static
../Drivers/MyDrivers/Src/stm32f767xx_spi_driver.c:280:6:SPI_DeInit	16	static
../Drivers/MyDrivers/Src/stm32f767xx_spi_driver.c:307:6:SPI_PeripheralControl	16	static
../Drivers/MyDrivers/Src/stm32f767xx_spi_driver.c:319:9:SPI_GetFlagStatus	16	static
../Drivers/MyDrivers/Src/stm32f767xx_spi_driver.c:329:13:SPI_WriteData8	16	static
../Drivers/MyDrivers/Src/stm32f767xx_spi_driver.c:336:16:SPI_ReadData8	16	static
../Drivers/MyDrivers/Src/stm32f767xx_spi_driver.c:340:13:SPI_EndITTransfer	24	static
../Drivers/MyDrivers/Src/stm32f767xx_spi_driver.c:359:13:SPI_TryEndITTransfer	16	static
../Drivers/MyDrivers/Src/stm32f767xx_spi_driver.c:377:16:SPI_WaitUntilNotBusy	24	static
../Drivers/MyDrivers/Src/stm32f767xx_spi_driver.c:389:6:SPI_IRQHandling	40	static
../Drivers/MyDrivers/Src/stm32f767xx_spi_driver.c:516:9:SPI_GetErrorStatus	24	static
../Drivers/MyDrivers/Src/stm32f767xx_spi_driver.c:539:6:SPI_ClearOVRFlag	24	static
../Drivers/MyDrivers/Src/stm32f767xx_spi_driver.c:552:6:SPI_ClearMODFFlag	24	static
../Drivers/MyDrivers/Src/stm32f767xx_spi_driver.c:569:6:SPI_ClearCRCERRFlag	16	static
../Drivers/MyDrivers/Src/stm32f767xx_spi_driver.c:577:6:SPI_ClearFREFlag	24	static
../Drivers/MyDrivers/Src/stm32f767xx_spi_driver.c:588:6:SPI_ClearErrorFlags	24	static
../Drivers/MyDrivers/Src/stm32f767xx_spi_driver.c:619:9:SPI_SendDataWithTimeout	32	static
../Drivers/MyDrivers/Src/stm32f767xx_spi_driver.c:686:9:SPI_ReceiveDataWithTimeout	40	static
../Drivers/MyDrivers/Src/stm32f767xx_spi_driver.c:737:9:SPI_TransmitReceiveWithTimeout	40	static
../Drivers/MyDrivers/Src/stm32f767xx_spi_driver.c:785:9:SPI_SendDataIT	24	static
../Drivers/MyDrivers/Src/stm32f767xx_spi_driver.c:839:9:SPI_ReceiveDataIT	24	static
../Drivers/MyDrivers/Src/stm32f767xx_spi_driver.c:880:9:SPI_TransmitReceiveIT	24	static
../Drivers/MyDrivers/Src/stm32f767xx_spi_driver.c:917:6:SPI_CloseTransmission	16	static
../Drivers/MyDrivers/Src/stm32f767xx_spi_driver.c:931:6:SPI_CloseReception	16	static
../Drivers/MyDrivers/Src/stm32f767xx_spi_driver.c:944:28:SPI_ApplicationEventCallback	16	static
