00:47:57 **** Clean-only build of configuration Debug for project Nucleo_F767ZI_DriverDev ****
make -j8 clean 
rm -rf ./Examples/Src/ex0001_gpio_led_blink.cyclo ./Examples/Src/ex0001_gpio_led_blink.d ./Examples/Src/ex0001_gpio_led_blink.o ./Examples/Src/ex0001_gpio_led_blink.su ./Examples/Src/ex002_gpio_led_set_reset.cyclo ./Examples/Src/ex002_gpio_led_set_reset.d ./Examples/Src/ex002_gpio_led_set_reset.o ./Examples/Src/ex002_gpio_led_set_reset.su ./Examples/Src/ex003_gpio_button_input.cyclo ./Examples/Src/ex003_gpio_button_input.d ./Examples/Src/ex003_gpio_button_input.o ./Examples/Src/ex003_gpio_button_input.su ./Examples/Src/ex004_gpio_deinit_test.cyclo ./Examples/Src/ex004_gpio_deinit_test.d ./Examples/Src/ex004_gpio_deinit_test.o ./Examples/Src/ex004_gpio_deinit_test.su
rm -rf ./Drivers/STM32F7xx_HAL_Driver/Src/stm32f7xx_hal.cyclo ./Drivers/STM32F7xx_HAL_Driver/Src/stm32f7xx_hal.d ./Drivers/STM32F7xx_HAL_Driver/Src/stm32f7xx_hal.o ./Drivers/STM32F7xx_HAL_Driver/Src/stm32f7xx_hal.su ./Drivers/STM32F7xx_HAL_Driver/Src/stm32f7xx_hal_cortex.cyclo ./Drivers/STM32F7xx_HAL_Driver/Src/stm32f7xx_hal_cortex.d ./Drivers/STM32F7xx_HAL_Driver/Src/stm32f7xx_hal_cortex.o ./Drivers/STM32F7xx_HAL_Driver/Src/stm32f7xx_hal_cortex.su ./Drivers/STM32F7xx_HAL_Driver/Src/stm32f7xx_hal_dma.cyclo ./Drivers/STM32F7xx_HAL_Driver/Src/stm32f7xx_hal_dma.d ./Drivers/STM32F7xx_HAL_Driver/Src/stm32f7xx_hal_dma.o ./Drivers/STM32F7xx_HAL_Driver/Src/stm32f7xx_hal_dma.su ./Drivers/STM32F7xx_HAL_Driver/Src/stm32f7xx_hal_dma_ex.cyclo ./Drivers/STM32F7xx_HAL_Driver/Src/stm32f7xx_hal_dma_ex.d ./Drivers/STM32F7xx_HAL_Driver/Src/stm32f7xx_hal_dma_ex.o ./Drivers/STM32F7xx_HAL_Driver/Src/stm32f7xx_hal_dma_ex.su ./Drivers/STM32F7xx_HAL_Driver/Src/stm32f7xx_hal_exti.cyclo ./Drivers/STM32F7xx_HAL_Driver/Src/stm32f7xx_hal_exti.d ./Drivers/STM32F7xx_HAL_Driver/Src/stm32f7xx_hal_exti.o ./Drivers/STM32F7xx_HAL_Driver/Src/stm32f7xx_hal_exti.su ./Drivers/STM32F7xx_HAL_Driver/Src/stm32f7xx_hal_flash.cyclo ./Drivers/STM32F7xx_HAL_Driver/Src/stm32f7xx_hal_flash.d ./Drivers/STM32F7xx_HAL_Driver/Src/stm32f7xx_hal_flash.o ./Drivers/STM32F7xx_HAL_Driver/Src/stm32f7xx_hal_flash.su ./Drivers/STM32F7xx_HAL_Driver/Src/stm32f7xx_hal_flash_ex.cyclo ./Drivers/STM32F7xx_HAL_Driver/Src/stm32f7xx_hal_flash_ex.d ./Drivers/STM32F7xx_HAL_Driver/Src/stm32f7xx_hal_flash_ex.o ./Drivers/STM32F7xx_HAL_Driver/Src/stm32f7xx_hal_flash_ex.su ./Drivers/STM32F7xx_HAL_Driver/Src/stm32f7xx_hal_gpio.cyclo ./Drivers/STM32F7xx_HAL_Driver/Src/stm32f7xx_hal_gpio.d ./Drivers/STM32F7xx_HAL_Driver/Src/stm32f7xx_hal_gpio.o ./Drivers/STM32F7xx_HAL_Driver/Src/stm32f7xx_hal_gpio.su ./Drivers/STM32F7xx_HAL_Driver/Src/stm32f7xx_hal_i2c.cyclo ./Drivers/STM32F7xx_HAL_Driver/Src/stm32f7xx_hal_i2c.d ./Drivers/STM32F7xx_HAL_Driver/Src/stm32f7xx_hal_i2c.o ./Drivers/STM32F7xx_HAL_Driver/Src/stm32f7xx_hal_i2c.su ./Drivers/STM32F7xx_HAL_Driver/Src/stm32f7xx_hal_i2c_ex.cyclo ./Drivers/STM32F7xx_HAL_Driver/Src/stm32f7xx_hal_i2c_ex.d ./Drivers/STM32F7xx_HAL_Driver/Src/stm32f7xx_hal_i2c_ex.o ./Drivers/STM32F7xx_HAL_Driver/Src/stm32f7xx_hal_i2c_ex.su ./Drivers/STM32F7xx_HAL_Driver/Src/stm32f7xx_hal_pwr.cyclo ./Drivers/STM32F7xx_HAL_Driver/Src/stm32f7xx_hal_pwr.d ./Drivers/STM32F7xx_HAL_Driver/Src/stm32f7xx_hal_pwr.o ./Drivers/STM32F7xx_HAL_Driver/Src/stm32f7xx_hal_pwr.su ./Drivers/STM32F7xx_HAL_Driver/Src/stm32f7xx_hal_pwr_ex.cyclo ./Drivers/STM32F7xx_HAL_Driver/Src/stm32f7xx_hal_pwr_ex.d ./Drivers/STM32F7xx_HAL_Driver/Src/stm32f7xx_hal_pwr_ex.o ./Drivers/STM32F7xx_HAL_Driver/Src/stm32f7xx_hal_pwr_ex.su ./Drivers/STM32F7xx_HAL_Driver/Src/stm32f7xx_hal_rcc.cyclo ./Drivers/STM32F7xx_HAL_Driver/Src/stm32f7xx_hal_rcc.d ./Drivers/STM32F7xx_HAL_Driver/Src/stm32f7xx_hal_rcc.o ./Drivers/STM32F7xx_HAL_Driver/Src/stm32f7xx_hal_rcc.su ./Drivers/STM32F7xx_HAL_Driver/Src/stm32f7xx_hal_rcc_ex.cyclo ./Drivers/STM32F7xx_HAL_Driver/Src/stm32f7xx_hal_rcc_ex.d ./Drivers/STM32F7xx_HAL_Driver/Src/stm32f7xx_hal_rcc_ex.o ./Drivers/STM32F7xx_HAL_Driver/Src/stm32f7xx_hal_rcc_ex.su
rm -rf ./Drivers/MyDrivers/Src/stm32f767xx_gpio_driver.cyclo ./Drivers/MyDrivers/Src/stm32f767xx_gpio_driver.d ./Drivers/MyDrivers/Src/stm32f767xx_gpio_driver.o ./Drivers/MyDrivers/Src/stm32f767xx_gpio_driver.su
rm -rf ./Core/Startup/startup_stm32f767zitx.d ./Core/Startup/startup_stm32f767zitx.o
rm -rf ./Core/Src/main.cyclo ./Core/Src/main.d ./Core/Src/main.o ./Core/Src/main.su ./Core/Src/stm32f7xx_hal_msp.cyclo ./Core/Src/stm32f7xx_hal_msp.d ./Core/Src/stm32f7xx_hal_msp.o ./Core/Src/stm32f7xx_hal_msp.su ./Core/Src/stm32f7xx_it.cyclo ./Core/Src/stm32f7xx_it.d ./Core/Src/stm32f7xx_it.o ./Core/Src/stm32f7xx_it.su ./Core/Src/syscalls.cyclo ./Core/Src/syscalls.d ./Core/Src/syscalls.o ./Core/Src/syscalls.su ./Core/Src/sysmem.cyclo ./Core/Src/sysmem.d ./Core/Src/sysmem.o ./Core/Src/sysmem.su ./Core/Src/system_stm32f7xx.cyclo ./Core/Src/system_stm32f7xx.d ./Core/Src/system_stm32f7xx.o ./Core/Src/system_stm32f7xx.su
rm -rf Nucleo_F767ZI_DriverDev.elf Nucleo_F767ZI_DriverDev.list Nucleo_F767ZI_DriverDev.map default.size.stdout
 
00:47:57 **** Build of configuration Debug for project Nucleo_F767ZI_DriverDev ****
make -j8 all 
arm-none-eabi-gcc "../Examples/Src/ex0001_gpio_led_blink.c" -mcpu=cortex-m7 -std=gnu11 -g3 -DDEBUG -DSTM32F767xx -c -I../Drivers/MyDrivers/Inc -I"D:/Nucleo_F767ZI_DriverDev/Nucleo_F767ZI_DriverDev/Examples/Inc" -I../Core/Inc -I../Drivers/CMSIS/Device/ST/STM32F7xx/Include -I../Drivers/CMSIS/Include -I"D:/Nucleo_F767ZI_DriverDev/Nucleo_F767ZI_DriverDev/Drivers/MyDrivers/Inc" -O0 -ffunction-sections -fdata-sections -Wall -fstack-usage -fcyclomatic-complexity -MMD -MP -MF"Examples/Src/ex0001_gpio_led_blink.d" -MT"Examples/Src/ex0001_gpio_led_blink.o" --specs=nano.specs -mfpu=fpv5-d16 -mfloat-abi=hard -mthumb -o "Examples/Src/ex0001_gpio_led_blink.o"
arm-none-eabi-gcc "../Examples/Src/ex002_gpio_led_set_reset.c" -mcpu=cortex-m7 -std=gnu11 -g3 -DDEBUG -DSTM32F767xx -c -I../Drivers/MyDrivers/Inc -I"D:/Nucleo_F767ZI_DriverDev/Nucleo_F767ZI_DriverDev/Examples/Inc" -I../Core/Inc -I../Drivers/CMSIS/Device/ST/STM32F7xx/Include -I../Drivers/CMSIS/Include -I"D:/Nucleo_F767ZI_DriverDev/Nucleo_F767ZI_DriverDev/Drivers/MyDrivers/Inc" -O0 -ffunction-sections -fdata-sections -Wall -fstack-usage -fcyclomatic-complexity -MMD -MP -MF"Examples/Src/ex002_gpio_led_set_reset.d" -MT"Examples/Src/ex002_gpio_led_set_reset.o" --specs=nano.specs -mfpu=fpv5-d16 -mfloat-abi=hard -mthumb -o "Examples/Src/ex002_gpio_led_set_reset.o"
arm-none-eabi-gcc "../Examples/Src/ex003_gpio_button_input.c" -mcpu=cortex-m7 -std=gnu11 -g3 -DDEBUG -DSTM32F767xx -c -I../Drivers/MyDrivers/Inc -I"D:/Nucleo_F767ZI_DriverDev/Nucleo_F767ZI_DriverDev/Examples/Inc" -I../Core/Inc -I../Drivers/CMSIS/Device/ST/STM32F7xx/Include -I../Drivers/CMSIS/Include -I"D:/Nucleo_F767ZI_DriverDev/Nucleo_F767ZI_DriverDev/Drivers/MyDrivers/Inc" -O0 -ffunction-sections -fdata-sections -Wall -fstack-usage -fcyclomatic-complexity -MMD -MP -MF"Examples/Src/ex003_gpio_button_input.d" -MT"Examples/Src/ex003_gpio_button_input.o" --specs=nano.specs -mfpu=fpv5-d16 -mfloat-abi=hard -mthumb -o "Examples/Src/ex003_gpio_button_input.o"
arm-none-eabi-gcc "../Examples/Src/ex004_gpio_deinit_test.c" -mcpu=cortex-m7 -std=gnu11 -g3 -DDEBUG -DSTM32F767xx -c -I../Drivers/MyDrivers/Inc -I"D:/Nucleo_F767ZI_DriverDev/Nucleo_F767ZI_DriverDev/Examples/Inc" -I../Core/Inc -I../Drivers/CMSIS/Device/ST/STM32F7xx/Include -I../Drivers/CMSIS/Include -I"D:/Nucleo_F767ZI_DriverDev/Nucleo_F767ZI_DriverDev/Drivers/MyDrivers/Inc" -O0 -ffunction-sections -fdata-sections -Wall -fstack-usage -fcyclomatic-complexity -MMD -MP -MF"Examples/Src/ex004_gpio_deinit_test.d" -MT"Examples/Src/ex004_gpio_deinit_test.o" --specs=nano.specs -mfpu=fpv5-d16 -mfloat-abi=hard -mthumb -o "Examples/Src/ex004_gpio_deinit_test.o"
arm-none-eabi-gcc "../Drivers/MyDrivers/Src/stm32f767xx_gpio_driver.c" -mcpu=cortex-m7 -std=gnu11 -g3 -DDEBUG -DSTM32F767xx -c -I../Drivers/MyDrivers/Inc -I"D:/Nucleo_F767ZI_DriverDev/Nucleo_F767ZI_DriverDev/Examples/Inc" -I../Core/Inc -I../Drivers/CMSIS/Device/ST/STM32F7xx/Include -I../Drivers/CMSIS/Include -I"D:/Nucleo_F767ZI_DriverDev/Nucleo_F767ZI_DriverDev/Drivers/MyDrivers/Inc" -O0 -ffunction-sections -fdata-sections -Wall -fstack-usage -fcyclomatic-complexity -MMD -MP -MF"Drivers/MyDrivers/Src/stm32f767xx_gpio_driver.d" -MT"Drivers/MyDrivers/Src/stm32f767xx_gpio_driver.o" --specs=nano.specs -mfpu=fpv5-d16 -mfloat-abi=hard -mthumb -o "Drivers/MyDrivers/Src/stm32f767xx_gpio_driver.o"
arm-none-eabi-gcc -mcpu=cortex-m7 -g3 -DDEBUG -c -x assembler-with-cpp -MMD -MP -MF"Core/Startup/startup_stm32f767zitx.d" -MT"Core/Startup/startup_stm32f767zitx.o" --specs=nano.specs -mfpu=fpv5-d16 -mfloat-abi=hard -mthumb -o "Core/Startup/startup_stm32f767zitx.o" "../Core/Startup/startup_stm32f767zitx.s"
arm-none-eabi-gcc "../Core/Src/interrupt.c" -mcpu=cortex-m7 -std=gnu11 -g3 -DDEBUG -DSTM32F767xx -c -I../Drivers/MyDrivers/Inc -I"D:/Nucleo_F767ZI_DriverDev/Nucleo_F767ZI_DriverDev/Examples/Inc" -I../Core/Inc -I../Drivers/CMSIS/Device/ST/STM32F7xx/Include -I../Drivers/CMSIS/Include -I"D:/Nucleo_F767ZI_DriverDev/Nucleo_F767ZI_DriverDev/Drivers/MyDrivers/Inc" -O0 -ffunction-sections -fdata-sections -Wall -fstack-usage -fcyclomatic-complexity -MMD -MP -MF"Core/Src/interrupt.d" -MT"Core/Src/interrupt.o" --specs=nano.specs -mfpu=fpv5-d16 -mfloat-abi=hard -mthumb -o "Core/Src/interrupt.o"
arm-none-eabi-gcc "../Core/Src/main.c" -mcpu=cortex-m7 -std=gnu11 -g3 -DDEBUG -DSTM32F767xx -c -I../Drivers/MyDrivers/Inc -I"D:/Nucleo_F767ZI_DriverDev/Nucleo_F767ZI_DriverDev/Examples/Inc" -I../Core/Inc -I../Drivers/CMSIS/Device/ST/STM32F7xx/Include -I../Drivers/CMSIS/Include -I"D:/Nucleo_F767ZI_DriverDev/Nucleo_F767ZI_DriverDev/Drivers/MyDrivers/Inc" -O0 -ffunction-sections -fdata-sections -Wall -fstack-usage -fcyclomatic-complexity -MMD -MP -MF"Core/Src/main.d" -MT"Core/Src/main.o" --specs=nano.specs -mfpu=fpv5-d16 -mfloat-abi=hard -mthumb -o "Core/Src/main.o"
arm-none-eabi-gcc "../Core/Src/syscalls.c" -mcpu=cortex-m7 -std=gnu11 -g3 -DDEBUG -DSTM32F767xx -c -I../Drivers/MyDrivers/Inc -I"D:/Nucleo_F767ZI_DriverDev/Nucleo_F767ZI_DriverDev/Examples/Inc" -I../Core/Inc -I../Drivers/CMSIS/Device/ST/STM32F7xx/Include -I../Drivers/CMSIS/Include -I"D:/Nucleo_F767ZI_DriverDev/Nucleo_F767ZI_DriverDev/Drivers/MyDrivers/Inc" -O0 -ffunction-sections -fdata-sections -Wall -fstack-usage -fcyclomatic-complexity -MMD -MP -MF"Core/Src/syscalls.d" -MT"Core/Src/syscalls.o" --specs=nano.specs -mfpu=fpv5-d16 -mfloat-abi=hard -mthumb -o "Core/Src/syscalls.o"
arm-none-eabi-gcc "../Core/Src/sysmem.c" -mcpu=cortex-m7 -std=gnu11 -g3 -DDEBUG -DSTM32F767xx -c -I../Drivers/MyDrivers/Inc -I"D:/Nucleo_F767ZI_DriverDev/Nucleo_F767ZI_DriverDev/Examples/Inc" -I../Core/Inc -I../Drivers/CMSIS/Device/ST/STM32F7xx/Include -I../Drivers/CMSIS/Include -I"D:/Nucleo_F767ZI_DriverDev/Nucleo_F767ZI_DriverDev/Drivers/MyDrivers/Inc" -O0 -ffunction-sections -fdata-sections -Wall -fstack-usage -fcyclomatic-complexity -MMD -MP -MF"Core/Src/sysmem.d" -MT"Core/Src/sysmem.o" --specs=nano.specs -mfpu=fpv5-d16 -mfloat-abi=hard -mthumb -o "Core/Src/sysmem.o"
arm-none-eabi-gcc "../Core/Src/system_stm32f7xx.c" -mcpu=cortex-m7 -std=gnu11 -g3 -DDEBUG -DSTM32F767xx -c -I../Drivers/MyDrivers/Inc -I"D:/Nucleo_F767ZI_DriverDev/Nucleo_F767ZI_DriverDev/Examples/Inc" -I../Core/Inc -I../Drivers/CMSIS/Device/ST/STM32F7xx/Include -I../Drivers/CMSIS/Include -I"D:/Nucleo_F767ZI_DriverDev/Nucleo_F767ZI_DriverDev/Drivers/MyDrivers/Inc" -O0 -ffunction-sections -fdata-sections -Wall -fstack-usage -fcyclomatic-complexity -MMD -MP -MF"Core/Src/system_stm32f7xx.d" -MT"Core/Src/system_stm32f7xx.o" --specs=nano.specs -mfpu=fpv5-d16 -mfloat-abi=hard -mthumb -o "Core/Src/system_stm32f7xx.o"
arm-none-eabi-gcc -o "Nucleo_F767ZI_DriverDev.elf" @"objects.list"   -mcpu=cortex-m7 -T"D:\Nucleo_F767ZI_DriverDev\Nucleo_F767ZI_DriverDev\STM32F767ZITX_FLASH.ld" --specs=nosys.specs -Wl,-Map="Nucleo_F767ZI_DriverDev.map" -Wl,--gc-sections -static --specs=nano.specs -mfpu=fpv5-d16 -mfloat-abi=hard -mthumb -Wl,--start-group -lc -lm -Wl,--end-group
Finished building target: Nucleo_F767ZI_DriverDev.elf
 
arm-none-eabi-size  Nucleo_F767ZI_DriverDev.elf 
arm-none-eabi-objdump -h -S Nucleo_F767ZI_DriverDev.elf  > "Nucleo_F767ZI_DriverDev.list"
   text	   data	    bss	    dec	    hex	filename
   3220	      0	   1632	   4852	   12f4	Nucleo_F767ZI_DriverDev.elf
Finished building: default.size.stdout
 
Finished building: Nucleo_F767ZI_DriverDev.list
 
00:53:50 **** Incremental Build of configuration Debug for project Nucleo_F767ZI_DriverDev ****
make -j8 all 
arm-none-eabi-gcc "../Examples/Src/ex0001_gpio_led_blink.c" -mcpu=cortex-m7 -std=gnu11 -g3 -DDEBUG -DSTM32F767xx -c -I../Drivers/MyDrivers/Inc -I"D:/Nucleo_F767ZI_DriverDev/Nucleo_F767ZI_DriverDev/Examples/Inc" -I../Core/Inc -I../Drivers/CMSIS/Device/ST/STM32F7xx/Include -I../Drivers/CMSIS/Include -I"D:/Nucleo_F767ZI_DriverDev/Nucleo_F767ZI_DriverDev/Drivers/MyDrivers/Inc" -O0 -ffunction-sections -fdata-sections -Wall -fstack-usage -fcyclomatic-complexity -MMD -MP -MF"Examples/Src/ex0001_gpio_led_blink.d" -MT"Examples/Src/ex0001_gpio_led_blink.o" --specs=nano.specs -mfpu=fpv5-d16 -mfloat-abi=hard -mthumb -o "Examples/Src/ex0001_gpio_led_blink.o"
arm-none-eabi-gcc "../Examples/Src/ex002_gpio_led_set_reset.c" -mcpu=cortex-m7 -std=gnu11 -g3 -DDEBUG -DSTM32F767xx -c -I../Drivers/MyDrivers/Inc -I"D:/Nucleo_F767ZI_DriverDev/Nucleo_F767ZI_DriverDev/Examples/Inc" -I../Core/Inc -I../Drivers/CMSIS/Device/ST/STM32F7xx/Include -I../Drivers/CMSIS/Include -I"D:/Nucleo_F767ZI_DriverDev/Nucleo_F767ZI_DriverDev/Drivers/MyDrivers/Inc" -O0 -ffunction-sections -fdata-sections -Wall -fstack-usage -fcyclomatic-complexity -MMD -MP -MF"Examples/Src/ex002_gpio_led_set_reset.d" -MT"Examples/Src/ex002_gpio_led_set_reset.o" --specs=nano.specs -mfpu=fpv5-d16 -mfloat-abi=hard -mthumb -o "Examples/Src/ex002_gpio_led_set_reset.o"
arm-none-eabi-gcc "../Examples/Src/ex003_gpio_button_input.c" -mcpu=cortex-m7 -std=gnu11 -g3 -DDEBUG -DSTM32F767xx -c -I../Drivers/MyDrivers/Inc -I"D:/Nucleo_F767ZI_DriverDev/Nucleo_F767ZI_DriverDev/Examples/Inc" -I../Core/Inc -I../Drivers/CMSIS/Device/ST/STM32F7xx/Include -I../Drivers/CMSIS/Include -I"D:/Nucleo_F767ZI_DriverDev/Nucleo_F767ZI_DriverDev/Drivers/MyDrivers/Inc" -O0 -ffunction-sections -fdata-sections -Wall -fstack-usage -fcyclomatic-complexity -MMD -MP -MF"Examples/Src/ex003_gpio_button_input.d" -MT"Examples/Src/ex003_gpio_button_input.o" --specs=nano.specs -mfpu=fpv5-d16 -mfloat-abi=hard -mthumb -o "Examples/Src/ex003_gpio_button_input.o"
arm-none-eabi-gcc "../Examples/Src/ex004_gpio_deinit_test.c" -mcpu=cortex-m7 -std=gnu11 -g3 -DDEBUG -DSTM32F767xx -c -I../Drivers/MyDrivers/Inc -I"D:/Nucleo_F767ZI_DriverDev/Nucleo_F767ZI_DriverDev/Examples/Inc" -I../Core/Inc -I../Drivers/CMSIS/Device/ST/STM32F7xx/Include -I../Drivers/CMSIS/Include -I"D:/Nucleo_F767ZI_DriverDev/Nucleo_F767ZI_DriverDev/Drivers/MyDrivers/Inc" -O0 -ffunction-sections -fdata-sections -Wall -fstack-usage -fcyclomatic-complexity -MMD -MP -MF"Examples/Src/ex004_gpio_deinit_test.d" -MT"Examples/Src/ex004_gpio_deinit_test.o" --specs=nano.specs -mfpu=fpv5-d16 -mfloat-abi=hard -mthumb -o "Examples/Src/ex004_gpio_deinit_test.o"
arm-none-eabi-gcc "../Examples/Src/ex005_gpio_button_interrupt.c" -mcpu=cortex-m7 -std=gnu11 -g3 -DDEBUG -DSTM32F767xx -c -I../Drivers/MyDrivers/Inc -I"D:/Nucleo_F767ZI_DriverDev/Nucleo_F767ZI_DriverDev/Examples/Inc" -I../Core/Inc -I../Drivers/CMSIS/Device/ST/STM32F7xx/Include -I../Drivers/CMSIS/Include -I"D:/Nucleo_F767ZI_DriverDev/Nucleo_F767ZI_DriverDev/Drivers/MyDrivers/Inc" -O0 -ffunction-sections -fdata-sections -Wall -fstack-usage -fcyclomatic-complexity -MMD -MP -MF"Examples/Src/ex005_gpio_button_interrupt.d" -MT"Examples/Src/ex005_gpio_button_interrupt.o" --specs=nano.specs -mfpu=fpv5-d16 -mfloat-abi=hard -mthumb -o "Examples/Src/ex005_gpio_button_interrupt.o"
arm-none-eabi-gcc "../Core/Src/main.c" -mcpu=cortex-m7 -std=gnu11 -g3 -DDEBUG -DSTM32F767xx -c -I../Drivers/MyDrivers/Inc -I"D:/Nucleo_F767ZI_DriverDev/Nucleo_F767ZI_DriverDev/Examples/Inc" -I../Core/Inc -I../Drivers/CMSIS/Device/ST/STM32F7xx/Include -I../Drivers/CMSIS/Include -I"D:/Nucleo_F767ZI_DriverDev/Nucleo_F767ZI_DriverDev/Drivers/MyDrivers/Inc" -O0 -ffunction-sections -fdata-sections -Wall -fstack-usage -fcyclomatic-complexity -MMD -MP -MF"Core/Src/main.d" -MT"Core/Src/main.o" --specs=nano.specs -mfpu=fpv5-d16 -mfloat-abi=hard -mthumb -o "Core/Src/main.o"
arm-none-eabi-gcc -o "Nucleo_F767ZI_DriverDev.elf" @"objects.list"   -mcpu=cortex-m7 -T"D:\Nucleo_F767ZI_DriverDev\Nucleo_F767ZI_DriverDev\STM32F767ZITX_FLASH.ld" --specs=nosys.specs -Wl,-Map="Nucleo_F767ZI_DriverDev.map" -Wl,--gc-sections -static --specs=nano.specs -mfpu=fpv5-d16 -mfloat-abi=hard -mthumb -Wl,--start-group -lc -lm -Wl,--end-group
Finished building target: Nucleo_F767ZI_DriverDev.elf
 
arm-none-eabi-size  Nucleo_F767ZI_DriverDev.elf 
arm-none-eabi-objdump -h -S Nucleo_F767ZI_DriverDev.elf  > "Nucleo_F767ZI_DriverDev.list"
   text	   data	    bss	    dec	    hex	filename
   2976	      0	   1632	   4608	   1200	Nucleo_F767ZI_DriverDev.elf
Finished building: default.size.stdout
 
Finished building: Nucleo_F767ZI_DriverDev.list
 
00:53:58 **** Incremental Build of configuration Debug for project Nucleo_F767ZI_DriverDev ****
make -j8 all 
arm-none-eabi-size  Nucleo_F767ZI_DriverDev.elf 
   text	   data	    bss	    dec	    hex	filename
   2976	      0	   1632	   4608	   1200	Nucleo_F767ZI_DriverDev.elf
Finished building: default.size.stdout
 
00:55:07 **** Incremental Build of configuration Debug for project Nucleo_F767ZI_DriverDev ****
make -j8 all 
arm-none-eabi-size  Nucleo_F767ZI_DriverDev.elf 
   text	   data	    bss	    dec	    hex	filename
   2976	      0	   1632	   4608	   1200	Nucleo_F767ZI_DriverDev.elf
Finished building: default.size.stdout
 
15:52:45 **** Clean-only build of configuration Debug for project Nucleo_F767ZI_DriverDev ****
make -j8 clean 
rm -rf ./Examples/Src/ex0001_gpio_led_blink.cyclo ./Examples/Src/ex0001_gpio_led_blink.d ./Examples/Src/ex0001_gpio_led_blink.o ./Examples/Src/ex0001_gpio_led_blink.su ./Examples/Src/ex002_gpio_led_set_reset.cyclo ./Examples/Src/ex002_gpio_led_set_reset.d ./Examples/Src/ex002_gpio_led_set_reset.o ./Examples/Src/ex002_gpio_led_set_reset.su ./Examples/Src/ex003_gpio_button_input.cyclo ./Examples/Src/ex003_gpio_button_input.d ./Examples/Src/ex003_gpio_button_input.o ./Examples/Src/ex003_gpio_button_input.su ./Examples/Src/ex004_gpio_deinit_test.cyclo ./Examples/Src/ex004_gpio_deinit_test.d ./Examples/Src/ex004_gpio_deinit_test.o ./Examples/Src/ex004_gpio_deinit_test.su ./Examples/Src/ex005_gpio_button_interrupt.cyclo ./Examples/Src/ex005_gpio_button_interrupt.d ./Examples/Src/ex005_gpio_button_interrupt.o ./Examples/Src/ex005_gpio_button_interrupt.su
rm -rf ./Drivers/MyDrivers/Src/stm32f767xx_gpio_driver.cyclo ./Drivers/MyDrivers/Src/stm32f767xx_gpio_driver.d ./Drivers/MyDrivers/Src/stm32f767xx_gpio_driver.o ./Drivers/MyDrivers/Src/stm32f767xx_gpio_driver.su
rm -rf ./Core/Startup/startup_stm32f767zitx.d ./Core/Startup/startup_stm32f767zitx.o
rm -rf ./Core/Src/interrupt.cyclo ./Core/Src/interrupt.d ./Core/Src/interrupt.o ./Core/Src/interrupt.su ./Core/Src/main.cyclo ./Core/Src/main.d ./Core/Src/main.o ./Core/Src/main.su ./Core/Src/syscalls.cyclo ./Core/Src/syscalls.d ./Core/Src/syscalls.o ./Core/Src/syscalls.su ./Core/Src/sysmem.cyclo ./Core/Src/sysmem.d ./Core/Src/sysmem.o ./Core/Src/sysmem.su ./Core/Src/system_stm32f7xx.cyclo ./Core/Src/system_stm32f7xx.d ./Core/Src/system_stm32f7xx.o ./Core/Src/system_stm32f7xx.su
rm -rf Nucleo_F767ZI_DriverDev.elf Nucleo_F767ZI_DriverDev.list Nucleo_F767ZI_DriverDev.map default.size.stdout
 
15:52:46 **** Incremental Build of configuration Debug for project Nucleo_F767ZI_DriverDev ****
make -j8 all 
arm-none-eabi-gcc "../Examples/Src/ex0001_gpio_led_blink.c" -mcpu=cortex-m7 -std=gnu11 -g3 -DDEBUG -DSTM32F767xx -c -I../Drivers/MyDrivers/Inc -I"D:/Nucleo_F767ZI_DriverDev/Nucleo_F767ZI_DriverDev/Examples/Inc" -I../Core/Inc -I../Drivers/CMSIS/Device/ST/STM32F7xx/Include -I../Drivers/CMSIS/Include -I"D:/Nucleo_F767ZI_DriverDev/Nucleo_F767ZI_DriverDev/Drivers/MyDrivers/Inc" -O0 -ffunction-sections -fdata-sections -Wall -fstack-usage -fcyclomatic-complexity -MMD -MP -MF"Examples/Src/ex0001_gpio_led_blink.d" -MT"Examples/Src/ex0001_gpio_led_blink.o" --specs=nano.specs -mfpu=fpv5-d16 -mfloat-abi=hard -mthumb -o "Examples/Src/ex0001_gpio_led_blink.o"
arm-none-eabi-gcc "../Examples/Src/ex002_gpio_led_set_reset.c" -mcpu=cortex-m7 -std=gnu11 -g3 -DDEBUG -DSTM32F767xx -c -I../Drivers/MyDrivers/Inc -I"D:/Nucleo_F767ZI_DriverDev/Nucleo_F767ZI_DriverDev/Examples/Inc" -I../Core/Inc -I../Drivers/CMSIS/Device/ST/STM32F7xx/Include -I../Drivers/CMSIS/Include -I"D:/Nucleo_F767ZI_DriverDev/Nucleo_F767ZI_DriverDev/Drivers/MyDrivers/Inc" -O0 -ffunction-sections -fdata-sections -Wall -fstack-usage -fcyclomatic-complexity -MMD -MP -MF"Examples/Src/ex002_gpio_led_set_reset.d" -MT"Examples/Src/ex002_gpio_led_set_reset.o" --specs=nano.specs -mfpu=fpv5-d16 -mfloat-abi=hard -mthumb -o "Examples/Src/ex002_gpio_led_set_reset.o"
arm-none-eabi-gcc "../Examples/Src/ex003_gpio_button_input.c" -mcpu=cortex-m7 -std=gnu11 -g3 -DDEBUG -DSTM32F767xx -c -I../Drivers/MyDrivers/Inc -I"D:/Nucleo_F767ZI_DriverDev/Nucleo_F767ZI_DriverDev/Examples/Inc" -I../Core/Inc -I../Drivers/CMSIS/Device/ST/STM32F7xx/Include -I../Drivers/CMSIS/Include -I"D:/Nucleo_F767ZI_DriverDev/Nucleo_F767ZI_DriverDev/Drivers/MyDrivers/Inc" -O0 -ffunction-sections -fdata-sections -Wall -fstack-usage -fcyclomatic-complexity -MMD -MP -MF"Examples/Src/ex003_gpio_button_input.d" -MT"Examples/Src/ex003_gpio_button_input.o" --specs=nano.specs -mfpu=fpv5-d16 -mfloat-abi=hard -mthumb -o "Examples/Src/ex003_gpio_button_input.o"
arm-none-eabi-gcc "../Examples/Src/ex004_gpio_deinit_test.c" -mcpu=cortex-m7 -std=gnu11 -g3 -DDEBUG -DSTM32F767xx -c -I../Drivers/MyDrivers/Inc -I"D:/Nucleo_F767ZI_DriverDev/Nucleo_F767ZI_DriverDev/Examples/Inc" -I../Core/Inc -I../Drivers/CMSIS/Device/ST/STM32F7xx/Include -I../Drivers/CMSIS/Include -I"D:/Nucleo_F767ZI_DriverDev/Nucleo_F767ZI_DriverDev/Drivers/MyDrivers/Inc" -O0 -ffunction-sections -fdata-sections -Wall -fstack-usage -fcyclomatic-complexity -MMD -MP -MF"Examples/Src/ex004_gpio_deinit_test.d" -MT"Examples/Src/ex004_gpio_deinit_test.o" --specs=nano.specs -mfpu=fpv5-d16 -mfloat-abi=hard -mthumb -o "Examples/Src/ex004_gpio_deinit_test.o"
arm-none-eabi-gcc "../Examples/Src/ex005_gpio_button_interrupt.c" -mcpu=cortex-m7 -std=gnu11 -g3 -DDEBUG -DSTM32F767xx -c -I../Drivers/MyDrivers/Inc -I"D:/Nucleo_F767ZI_DriverDev/Nucleo_F767ZI_DriverDev/Examples/Inc" -I../Core/Inc -I../Drivers/CMSIS/Device/ST/STM32F7xx/Include -I../Drivers/CMSIS/Include -I"D:/Nucleo_F767ZI_DriverDev/Nucleo_F767ZI_DriverDev/Drivers/MyDrivers/Inc" -O0 -ffunction-sections -fdata-sections -Wall -fstack-usage -fcyclomatic-complexity -MMD -MP -MF"Examples/Src/ex005_gpio_button_interrupt.d" -MT"Examples/Src/ex005_gpio_button_interrupt.o" --specs=nano.specs -mfpu=fpv5-d16 -mfloat-abi=hard -mthumb -o "Examples/Src/ex005_gpio_button_interrupt.o"
arm-none-eabi-gcc "../Drivers/MyDrivers/Src/stm32f767xx_gpio_driver.c" -mcpu=cortex-m7 -std=gnu11 -g3 -DDEBUG -DSTM32F767xx -c -I../Drivers/MyDrivers/Inc -I"D:/Nucleo_F767ZI_DriverDev/Nucleo_F767ZI_DriverDev/Examples/Inc" -I../Core/Inc -I../Drivers/CMSIS/Device/ST/STM32F7xx/Include -I../Drivers/CMSIS/Include -I"D:/Nucleo_F767ZI_DriverDev/Nucleo_F767ZI_DriverDev/Drivers/MyDrivers/Inc" -O0 -ffunction-sections -fdata-sections -Wall -fstack-usage -fcyclomatic-complexity -MMD -MP -MF"Drivers/MyDrivers/Src/stm32f767xx_gpio_driver.d" -MT"Drivers/MyDrivers/Src/stm32f767xx_gpio_driver.o" --specs=nano.specs -mfpu=fpv5-d16 -mfloat-abi=hard -mthumb -o "Drivers/MyDrivers/Src/stm32f767xx_gpio_driver.o"
arm-none-eabi-gcc -mcpu=cortex-m7 -g3 -DDEBUG -c -x assembler-with-cpp -MMD -MP -MF"Core/Startup/startup_stm32f767zitx.d" -MT"Core/Startup/startup_stm32f767zitx.o" --specs=nano.specs -mfpu=fpv5-d16 -mfloat-abi=hard -mthumb -o "Core/Startup/startup_stm32f767zitx.o" "../Core/Startup/startup_stm32f767zitx.s"
arm-none-eabi-gcc "../Core/Src/interrupt.c" -mcpu=cortex-m7 -std=gnu11 -g3 -DDEBUG -DSTM32F767xx -c -I../Drivers/MyDrivers/Inc -I"D:/Nucleo_F767ZI_DriverDev/Nucleo_F767ZI_DriverDev/Examples/Inc" -I../Core/Inc -I../Drivers/CMSIS/Device/ST/STM32F7xx/Include -I../Drivers/CMSIS/Include -I"D:/Nucleo_F767ZI_DriverDev/Nucleo_F767ZI_DriverDev/Drivers/MyDrivers/Inc" -O0 -ffunction-sections -fdata-sections -Wall -fstack-usage -fcyclomatic-complexity -MMD -MP -MF"Core/Src/interrupt.d" -MT"Core/Src/interrupt.o" --specs=nano.specs -mfpu=fpv5-d16 -mfloat-abi=hard -mthumb -o "Core/Src/interrupt.o"
arm-none-eabi-gcc "../Core/Src/main.c" -mcpu=cortex-m7 -std=gnu11 -g3 -DDEBUG -DSTM32F767xx -c -I../Drivers/MyDrivers/Inc -I"D:/Nucleo_F767ZI_DriverDev/Nucleo_F767ZI_DriverDev/Examples/Inc" -I../Core/Inc -I../Drivers/CMSIS/Device/ST/STM32F7xx/Include -I../Drivers/CMSIS/Include -I"D:/Nucleo_F767ZI_DriverDev/Nucleo_F767ZI_DriverDev/Drivers/MyDrivers/Inc" -O0 -ffunction-sections -fdata-sections -Wall -fstack-usage -fcyclomatic-complexity -MMD -MP -MF"Core/Src/main.d" -MT"Core/Src/main.o" --specs=nano.specs -mfpu=fpv5-d16 -mfloat-abi=hard -mthumb -o "Core/Src/main.o"
arm-none-eabi-gcc "../Core/Src/syscalls.c" -mcpu=cortex-m7 -std=gnu11 -g3 -DDEBUG -DSTM32F767xx -c -I../Drivers/MyDrivers/Inc -I"D:/Nucleo_F767ZI_DriverDev/Nucleo_F767ZI_DriverDev/Examples/Inc" -I../Core/Inc -I../Drivers/CMSIS/Device/ST/STM32F7xx/Include -I../Drivers/CMSIS/Include -I"D:/Nucleo_F767ZI_DriverDev/Nucleo_F767ZI_DriverDev/Drivers/MyDrivers/Inc" -O0 -ffunction-sections -fdata-sections -Wall -fstack-usage -fcyclomatic-complexity -MMD -MP -MF"Core/Src/syscalls.d" -MT"Core/Src/syscalls.o" --specs=nano.specs -mfpu=fpv5-d16 -mfloat-abi=hard -mthumb -o "Core/Src/syscalls.o"
arm-none-eabi-gcc "../Core/Src/sysmem.c" -mcpu=cortex-m7 -std=gnu11 -g3 -DDEBUG -DSTM32F767xx -c -I../Drivers/MyDrivers/Inc -I"D:/Nucleo_F767ZI_DriverDev/Nucleo_F767ZI_DriverDev/Examples/Inc" -I../Core/Inc -I../Drivers/CMSIS/Device/ST/STM32F7xx/Include -I../Drivers/CMSIS/Include -I"D:/Nucleo_F767ZI_DriverDev/Nucleo_F767ZI_DriverDev/Drivers/MyDrivers/Inc" -O0 -ffunction-sections -fdata-sections -Wall -fstack-usage -fcyclomatic-complexity -MMD -MP -MF"Core/Src/sysmem.d" -MT"Core/Src/sysmem.o" --specs=nano.specs -mfpu=fpv5-d16 -mfloat-abi=hard -mthumb -o "Core/Src/sysmem.o"
arm-none-eabi-gcc "../Core/Src/system_stm32f7xx.c" -mcpu=cortex-m7 -std=gnu11 -g3 -DDEBUG -DSTM32F767xx -c -I../Drivers/MyDrivers/Inc -I"D:/Nucleo_F767ZI_DriverDev/Nucleo_F767ZI_DriverDev/Examples/Inc" -I../Core/Inc -I../Drivers/CMSIS/Device/ST/STM32F7xx/Include -I../Drivers/CMSIS/Include -I"D:/Nucleo_F767ZI_DriverDev/Nucleo_F767ZI_DriverDev/Drivers/MyDrivers/Inc" -O0 -ffunction-sections -fdata-sections -Wall -fstack-usage -fcyclomatic-complexity -MMD -MP -MF"Core/Src/system_stm32f7xx.d" -MT"Core/Src/system_stm32f7xx.o" --specs=nano.specs -mfpu=fpv5-d16 -mfloat-abi=hard -mthumb -o "Core/Src/system_stm32f7xx.o"
arm-none-eabi-gcc -o "Nucleo_F767ZI_DriverDev.elf" @"objects.list"   -mcpu=cortex-m7 -T"D:\Nucleo_F767ZI_DriverDev\Nucleo_F767ZI_DriverDev\STM32F767ZITX_FLASH.ld" --specs=nosys.specs -Wl,-Map="Nucleo_F767ZI_DriverDev.map" -Wl,--gc-sections -static --specs=nano.specs -mfpu=fpv5-d16 -mfloat-abi=hard -mthumb -Wl,--start-group -lc -lm -Wl,--end-group
Finished building target: Nucleo_F767ZI_DriverDev.elf
 
arm-none-eabi-size  Nucleo_F767ZI_DriverDev.elf 
arm-none-eabi-objdump -h -S Nucleo_F767ZI_DriverDev.elf  > "Nucleo_F767ZI_DriverDev.list"
   text	   data	    bss	    dec	    hex	filename
   2976	      0	   1632	   4608	   1200	Nucleo_F767ZI_DriverDev.elf
Finished building: default.size.stdout
 
Finished building: Nucleo_F767ZI_DriverDev.list
 
21:45:14 **** Clean-only build of configuration Debug for project Nucleo_F767ZI_DriverDev ****
make -j8 clean 
rm -rf ./Examples/Src/ex0001_gpio_led_blink.cyclo ./Examples/Src/ex0001_gpio_led_blink.d ./Examples/Src/ex0001_gpio_led_blink.o ./Examples/Src/ex0001_gpio_led_blink.su ./Examples/Src/ex002_gpio_led_set_reset.cyclo ./Examples/Src/ex002_gpio_led_set_reset.d ./Examples/Src/ex002_gpio_led_set_reset.o ./Examples/Src/ex002_gpio_led_set_reset.su ./Examples/Src/ex003_gpio_button_input.cyclo ./Examples/Src/ex003_gpio_button_input.d ./Examples/Src/ex003_gpio_button_input.o ./Examples/Src/ex003_gpio_button_input.su ./Examples/Src/ex004_gpio_deinit_test.cyclo ./Examples/Src/ex004_gpio_deinit_test.d ./Examples/Src/ex004_gpio_deinit_test.o ./Examples/Src/ex004_gpio_deinit_test.su ./Examples/Src/ex005_gpio_button_interrupt.cyclo ./Examples/Src/ex005_gpio_button_interrupt.d ./Examples/Src/ex005_gpio_button_interrupt.o ./Examples/Src/ex005_gpio_button_interrupt.su
rm -rf ./Drivers/MyDrivers/Src/stm32f767xx_gpio_driver.cyclo ./Drivers/MyDrivers/Src/stm32f767xx_gpio_driver.d ./Drivers/MyDrivers/Src/stm32f767xx_gpio_driver.o ./Drivers/MyDrivers/Src/stm32f767xx_gpio_driver.su
rm -rf ./Core/Startup/startup_stm32f767zitx.d ./Core/Startup/startup_stm32f767zitx.o
rm -rf ./Core/Src/interrupt.cyclo ./Core/Src/interrupt.d ./Core/Src/interrupt.o ./Core/Src/interrupt.su ./Core/Src/main.cyclo ./Core/Src/main.d ./Core/Src/main.o ./Core/Src/main.su ./Core/Src/syscalls.cyclo ./Core/Src/syscalls.d ./Core/Src/syscalls.o ./Core/Src/syscalls.su ./Core/Src/sysmem.cyclo ./Core/Src/sysmem.d ./Core/Src/sysmem.o ./Core/Src/sysmem.su ./Core/Src/system_stm32f7xx.cyclo ./Core/Src/system_stm32f7xx.d ./Core/Src/system_stm32f7xx.o ./Core/Src/system_stm32f7xx.su
rm -rf Nucleo_F767ZI_DriverDev.elf Nucleo_F767ZI_DriverDev.list Nucleo_F767ZI_DriverDev.map default.size.stdout
 
21:45:15 **** Incremental Build of configuration Debug for project Nucleo_F767ZI_DriverDev ****
make -j8 all 
arm-none-eabi-gcc "../Examples/Src/ex0001_gpio_led_blink.c" -mcpu=cortex-m7 -std=gnu11 -g3 -DDEBUG -DSTM32F767xx -c -I../Drivers/MyDrivers/Inc -I"D:/Nucleo_F767ZI_DriverDev/Nucleo_F767ZI_DriverDev/Examples/Inc" -I../Core/Inc -I../Drivers/CMSIS/Device/ST/STM32F7xx/Include -I../Drivers/CMSIS/Include -I"D:/Nucleo_F767ZI_DriverDev/Nucleo_F767ZI_DriverDev/Drivers/MyDrivers/Inc" -O0 -ffunction-sections -fdata-sections -Wall -fstack-usage -fcyclomatic-complexity -MMD -MP -MF"Examples/Src/ex0001_gpio_led_blink.d" -MT"Examples/Src/ex0001_gpio_led_blink.o" --specs=nano.specs -mfpu=fpv5-d16 -mfloat-abi=hard -mthumb -o "Examples/Src/ex0001_gpio_led_blink.o"
arm-none-eabi-gcc "../Examples/Src/ex002_gpio_led_set_reset.c" -mcpu=cortex-m7 -std=gnu11 -g3 -DDEBUG -DSTM32F767xx -c -I../Drivers/MyDrivers/Inc -I"D:/Nucleo_F767ZI_DriverDev/Nucleo_F767ZI_DriverDev/Examples/Inc" -I../Core/Inc -I../Drivers/CMSIS/Device/ST/STM32F7xx/Include -I../Drivers/CMSIS/Include -I"D:/Nucleo_F767ZI_DriverDev/Nucleo_F767ZI_DriverDev/Drivers/MyDrivers/Inc" -O0 -ffunction-sections -fdata-sections -Wall -fstack-usage -fcyclomatic-complexity -MMD -MP -MF"Examples/Src/ex002_gpio_led_set_reset.d" -MT"Examples/Src/ex002_gpio_led_set_reset.o" --specs=nano.specs -mfpu=fpv5-d16 -mfloat-abi=hard -mthumb -o "Examples/Src/ex002_gpio_led_set_reset.o"
arm-none-eabi-gcc "../Examples/Src/ex003_gpio_button_input.c" -mcpu=cortex-m7 -std=gnu11 -g3 -DDEBUG -DSTM32F767xx -c -I../Drivers/MyDrivers/Inc -I"D:/Nucleo_F767ZI_DriverDev/Nucleo_F767ZI_DriverDev/Examples/Inc" -I../Core/Inc -I../Drivers/CMSIS/Device/ST/STM32F7xx/Include -I../Drivers/CMSIS/Include -I"D:/Nucleo_F767ZI_DriverDev/Nucleo_F767ZI_DriverDev/Drivers/MyDrivers/Inc" -O0 -ffunction-sections -fdata-sections -Wall -fstack-usage -fcyclomatic-complexity -MMD -MP -MF"Examples/Src/ex003_gpio_button_input.d" -MT"Examples/Src/ex003_gpio_button_input.o" --specs=nano.specs -mfpu=fpv5-d16 -mfloat-abi=hard -mthumb -o "Examples/Src/ex003_gpio_button_input.o"
arm-none-eabi-gcc "../Examples/Src/ex004_gpio_deinit_test.c" -mcpu=cortex-m7 -std=gnu11 -g3 -DDEBUG -DSTM32F767xx -c -I../Drivers/MyDrivers/Inc -I"D:/Nucleo_F767ZI_DriverDev/Nucleo_F767ZI_DriverDev/Examples/Inc" -I../Core/Inc -I../Drivers/CMSIS/Device/ST/STM32F7xx/Include -I../Drivers/CMSIS/Include -I"D:/Nucleo_F767ZI_DriverDev/Nucleo_F767ZI_DriverDev/Drivers/MyDrivers/Inc" -O0 -ffunction-sections -fdata-sections -Wall -fstack-usage -fcyclomatic-complexity -MMD -MP -MF"Examples/Src/ex004_gpio_deinit_test.d" -MT"Examples/Src/ex004_gpio_deinit_test.o" --specs=nano.specs -mfpu=fpv5-d16 -mfloat-abi=hard -mthumb -o "Examples/Src/ex004_gpio_deinit_test.o"
arm-none-eabi-gcc "../Examples/Src/ex005_gpio_button_interrupt.c" -mcpu=cortex-m7 -std=gnu11 -g3 -DDEBUG -DSTM32F767xx -c -I../Drivers/MyDrivers/Inc -I"D:/Nucleo_F767ZI_DriverDev/Nucleo_F767ZI_DriverDev/Examples/Inc" -I../Core/Inc -I../Drivers/CMSIS/Device/ST/STM32F7xx/Include -I../Drivers/CMSIS/Include -I"D:/Nucleo_F767ZI_DriverDev/Nucleo_F767ZI_DriverDev/Drivers/MyDrivers/Inc" -O0 -ffunction-sections -fdata-sections -Wall -fstack-usage -fcyclomatic-complexity -MMD -MP -MF"Examples/Src/ex005_gpio_button_interrupt.d" -MT"Examples/Src/ex005_gpio_button_interrupt.o" --specs=nano.specs -mfpu=fpv5-d16 -mfloat-abi=hard -mthumb -o "Examples/Src/ex005_gpio_button_interrupt.o"
arm-none-eabi-gcc "../Drivers/MyDrivers/Src/stm32f767xx_gpio_driver.c" -mcpu=cortex-m7 -std=gnu11 -g3 -DDEBUG -DSTM32F767xx -c -I../Drivers/MyDrivers/Inc -I"D:/Nucleo_F767ZI_DriverDev/Nucleo_F767ZI_DriverDev/Examples/Inc" -I../Core/Inc -I../Drivers/CMSIS/Device/ST/STM32F7xx/Include -I../Drivers/CMSIS/Include -I"D:/Nucleo_F767ZI_DriverDev/Nucleo_F767ZI_DriverDev/Drivers/MyDrivers/Inc" -O0 -ffunction-sections -fdata-sections -Wall -fstack-usage -fcyclomatic-complexity -MMD -MP -MF"Drivers/MyDrivers/Src/stm32f767xx_gpio_driver.d" -MT"Drivers/MyDrivers/Src/stm32f767xx_gpio_driver.o" --specs=nano.specs -mfpu=fpv5-d16 -mfloat-abi=hard -mthumb -o "Drivers/MyDrivers/Src/stm32f767xx_gpio_driver.o"
arm-none-eabi-gcc "../Drivers/MyDrivers/Src/stm32f767xx_systick_driver.c" -mcpu=cortex-m7 -std=gnu11 -g3 -DDEBUG -DSTM32F767xx -c -I../Drivers/MyDrivers/Inc -I"D:/Nucleo_F767ZI_DriverDev/Nucleo_F767ZI_DriverDev/Examples/Inc" -I../Core/Inc -I../Drivers/CMSIS/Device/ST/STM32F7xx/Include -I../Drivers/CMSIS/Include -I"D:/Nucleo_F767ZI_DriverDev/Nucleo_F767ZI_DriverDev/Drivers/MyDrivers/Inc" -O0 -ffunction-sections -fdata-sections -Wall -fstack-usage -fcyclomatic-complexity -MMD -MP -MF"Drivers/MyDrivers/Src/stm32f767xx_systick_driver.d" -MT"Drivers/MyDrivers/Src/stm32f767xx_systick_driver.o" --specs=nano.specs -mfpu=fpv5-d16 -mfloat-abi=hard -mthumb -o "Drivers/MyDrivers/Src/stm32f767xx_systick_driver.o"
arm-none-eabi-gcc -mcpu=cortex-m7 -g3 -DDEBUG -c -x assembler-with-cpp -MMD -MP -MF"Core/Startup/startup_stm32f767zitx.d" -MT"Core/Startup/startup_stm32f767zitx.o" --specs=nano.specs -mfpu=fpv5-d16 -mfloat-abi=hard -mthumb -o "Core/Startup/startup_stm32f767zitx.o" "../Core/Startup/startup_stm32f767zitx.s"
arm-none-eabi-gcc "../Core/Src/interrupt.c" -mcpu=cortex-m7 -std=gnu11 -g3 -DDEBUG -DSTM32F767xx -c -I../Drivers/MyDrivers/Inc -I"D:/Nucleo_F767ZI_DriverDev/Nucleo_F767ZI_DriverDev/Examples/Inc" -I../Core/Inc -I../Drivers/CMSIS/Device/ST/STM32F7xx/Include -I../Drivers/CMSIS/Include -I"D:/Nucleo_F767ZI_DriverDev/Nucleo_F767ZI_DriverDev/Drivers/MyDrivers/Inc" -O0 -ffunction-sections -fdata-sections -Wall -fstack-usage -fcyclomatic-complexity -MMD -MP -MF"Core/Src/interrupt.d" -MT"Core/Src/interrupt.o" --specs=nano.specs -mfpu=fpv5-d16 -mfloat-abi=hard -mthumb -o "Core/Src/interrupt.o"
arm-none-eabi-gcc "../Core/Src/main.c" -mcpu=cortex-m7 -std=gnu11 -g3 -DDEBUG -DSTM32F767xx -c -I../Drivers/MyDrivers/Inc -I"D:/Nucleo_F767ZI_DriverDev/Nucleo_F767ZI_DriverDev/Examples/Inc" -I../Core/Inc -I../Drivers/CMSIS/Device/ST/STM32F7xx/Include -I../Drivers/CMSIS/Include -I"D:/Nucleo_F767ZI_DriverDev/Nucleo_F767ZI_DriverDev/Drivers/MyDrivers/Inc" -O0 -ffunction-sections -fdata-sections -Wall -fstack-usage -fcyclomatic-complexity -MMD -MP -MF"Core/Src/main.d" -MT"Core/Src/main.o" --specs=nano.specs -mfpu=fpv5-d16 -mfloat-abi=hard -mthumb -o "Core/Src/main.o"
arm-none-eabi-gcc "../Core/Src/syscalls.c" -mcpu=cortex-m7 -std=gnu11 -g3 -DDEBUG -DSTM32F767xx -c -I../Drivers/MyDrivers/Inc -I"D:/Nucleo_F767ZI_DriverDev/Nucleo_F767ZI_DriverDev/Examples/Inc" -I../Core/Inc -I../Drivers/CMSIS/Device/ST/STM32F7xx/Include -I../Drivers/CMSIS/Include -I"D:/Nucleo_F767ZI_DriverDev/Nucleo_F767ZI_DriverDev/Drivers/MyDrivers/Inc" -O0 -ffunction-sections -fdata-sections -Wall -fstack-usage -fcyclomatic-complexity -MMD -MP -MF"Core/Src/syscalls.d" -MT"Core/Src/syscalls.o" --specs=nano.specs -mfpu=fpv5-d16 -mfloat-abi=hard -mthumb -o "Core/Src/syscalls.o"
arm-none-eabi-gcc "../Core/Src/sysmem.c" -mcpu=cortex-m7 -std=gnu11 -g3 -DDEBUG -DSTM32F767xx -c -I../Drivers/MyDrivers/Inc -I"D:/Nucleo_F767ZI_DriverDev/Nucleo_F767ZI_DriverDev/Examples/Inc" -I../Core/Inc -I../Drivers/CMSIS/Device/ST/STM32F7xx/Include -I../Drivers/CMSIS/Include -I"D:/Nucleo_F767ZI_DriverDev/Nucleo_F767ZI_DriverDev/Drivers/MyDrivers/Inc" -O0 -ffunction-sections -fdata-sections -Wall -fstack-usage -fcyclomatic-complexity -MMD -MP -MF"Core/Src/sysmem.d" -MT"Core/Src/sysmem.o" --specs=nano.specs -mfpu=fpv5-d16 -mfloat-abi=hard -mthumb -o "Core/Src/sysmem.o"
arm-none-eabi-gcc "../Core/Src/system_stm32f7xx.c" -mcpu=cortex-m7 -std=gnu11 -g3 -DDEBUG -DSTM32F767xx -c -I../Drivers/MyDrivers/Inc -I"D:/Nucleo_F767ZI_DriverDev/Nucleo_F767ZI_DriverDev/Examples/Inc" -I../Core/Inc -I../Drivers/CMSIS/Device/ST/STM32F7xx/Include -I../Drivers/CMSIS/Include -I"D:/Nucleo_F767ZI_DriverDev/Nucleo_F767ZI_DriverDev/Drivers/MyDrivers/Inc" -O0 -ffunction-sections -fdata-sections -Wall -fstack-usage -fcyclomatic-complexity -MMD -MP -MF"Core/Src/system_stm32f7xx.d" -MT"Core/Src/system_stm32f7xx.o" --specs=nano.specs -mfpu=fpv5-d16 -mfloat-abi=hard -mthumb -o "Core/Src/system_stm32f7xx.o"
arm-none-eabi-gcc -o "Nucleo_F767ZI_DriverDev.elf" @"objects.list"   -mcpu=cortex-m7 -T"D:\Nucleo_F767ZI_DriverDev\Nucleo_F767ZI_DriverDev\STM32F767ZITX_FLASH.ld" --specs=nosys.specs -Wl,-Map="Nucleo_F767ZI_DriverDev.map" -Wl,--gc-sections -static --specs=nano.specs -mfpu=fpv5-d16 -mfloat-abi=hard -mthumb -Wl,--start-group -lc -lm -Wl,--end-group
Finished building target: Nucleo_F767ZI_DriverDev.elf
 
arm-none-eabi-size  Nucleo_F767ZI_DriverDev.elf 
arm-none-eabi-objdump -h -S Nucleo_F767ZI_DriverDev.elf  > "Nucleo_F767ZI_DriverDev.list"
   text	   data	    bss	    dec	    hex	filename
   2976	      0	   1632	   4608	   1200	Nucleo_F767ZI_DriverDev.elf
Finished building: default.size.stdout
 
Finished building: Nucleo_F767ZI_DriverDev.list
 
22:08:36 **** Incremental Build of configuration Debug for project Nucleo_F767ZI_DriverDev ****
make -j8 all 
arm-none-eabi-gcc "../Examples/Src/ex0001_gpio_led_blink.c" -mcpu=cortex-m7 -std=gnu11 -g3 -DDEBUG -DSTM32F767xx -c -I../Drivers/MyDrivers/Inc -I"D:/Nucleo_F767ZI_DriverDev/Nucleo_F767ZI_DriverDev/Examples/Inc" -I../Core/Inc -I../Drivers/CMSIS/Device/ST/STM32F7xx/Include -I../Drivers/CMSIS/Include -I"D:/Nucleo_F767ZI_DriverDev/Nucleo_F767ZI_DriverDev/Drivers/MyDrivers/Inc" -O0 -ffunction-sections -fdata-sections -Wall -fstack-usage -fcyclomatic-complexity -MMD -MP -MF"Examples/Src/ex0001_gpio_led_blink.d" -MT"Examples/Src/ex0001_gpio_led_blink.o" --specs=nano.specs -mfpu=fpv5-d16 -mfloat-abi=hard -mthumb -o "Examples/Src/ex0001_gpio_led_blink.o"
arm-none-eabi-gcc "../Examples/Src/ex002_gpio_led_set_reset.c" -mcpu=cortex-m7 -std=gnu11 -g3 -DDEBUG -DSTM32F767xx -c -I../Drivers/MyDrivers/Inc -I"D:/Nucleo_F767ZI_DriverDev/Nucleo_F767ZI_DriverDev/Examples/Inc" -I../Core/Inc -I../Drivers/CMSIS/Device/ST/STM32F7xx/Include -I../Drivers/CMSIS/Include -I"D:/Nucleo_F767ZI_DriverDev/Nucleo_F767ZI_DriverDev/Drivers/MyDrivers/Inc" -O0 -ffunction-sections -fdata-sections -Wall -fstack-usage -fcyclomatic-complexity -MMD -MP -MF"Examples/Src/ex002_gpio_led_set_reset.d" -MT"Examples/Src/ex002_gpio_led_set_reset.o" --specs=nano.specs -mfpu=fpv5-d16 -mfloat-abi=hard -mthumb -o "Examples/Src/ex002_gpio_led_set_reset.o"
arm-none-eabi-gcc "../Examples/Src/ex003_gpio_button_input.c" -mcpu=cortex-m7 -std=gnu11 -g3 -DDEBUG -DSTM32F767xx -c -I../Drivers/MyDrivers/Inc -I"D:/Nucleo_F767ZI_DriverDev/Nucleo_F767ZI_DriverDev/Examples/Inc" -I../Core/Inc -I../Drivers/CMSIS/Device/ST/STM32F7xx/Include -I../Drivers/CMSIS/Include -I"D:/Nucleo_F767ZI_DriverDev/Nucleo_F767ZI_DriverDev/Drivers/MyDrivers/Inc" -O0 -ffunction-sections -fdata-sections -Wall -fstack-usage -fcyclomatic-complexity -MMD -MP -MF"Examples/Src/ex003_gpio_button_input.d" -MT"Examples/Src/ex003_gpio_button_input.o" --specs=nano.specs -mfpu=fpv5-d16 -mfloat-abi=hard -mthumb -o "Examples/Src/ex003_gpio_button_input.o"
arm-none-eabi-gcc "../Examples/Src/ex004_gpio_deinit_test.c" -mcpu=cortex-m7 -std=gnu11 -g3 -DDEBUG -DSTM32F767xx -c -I../Drivers/MyDrivers/Inc -I"D:/Nucleo_F767ZI_DriverDev/Nucleo_F767ZI_DriverDev/Examples/Inc" -I../Core/Inc -I../Drivers/CMSIS/Device/ST/STM32F7xx/Include -I../Drivers/CMSIS/Include -I"D:/Nucleo_F767ZI_DriverDev/Nucleo_F767ZI_DriverDev/Drivers/MyDrivers/Inc" -O0 -ffunction-sections -fdata-sections -Wall -fstack-usage -fcyclomatic-complexity -MMD -MP -MF"Examples/Src/ex004_gpio_deinit_test.d" -MT"Examples/Src/ex004_gpio_deinit_test.o" --specs=nano.specs -mfpu=fpv5-d16 -mfloat-abi=hard -mthumb -o "Examples/Src/ex004_gpio_deinit_test.o"
arm-none-eabi-gcc "../Examples/Src/ex005_gpio_button_interrupt.c" -mcpu=cortex-m7 -std=gnu11 -g3 -DDEBUG -DSTM32F767xx -c -I../Drivers/MyDrivers/Inc -I"D:/Nucleo_F767ZI_DriverDev/Nucleo_F767ZI_DriverDev/Examples/Inc" -I../Core/Inc -I../Drivers/CMSIS/Device/ST/STM32F7xx/Include -I../Drivers/CMSIS/Include -I"D:/Nucleo_F767ZI_DriverDev/Nucleo_F767ZI_DriverDev/Drivers/MyDrivers/Inc" -O0 -ffunction-sections -fdata-sections -Wall -fstack-usage -fcyclomatic-complexity -MMD -MP -MF"Examples/Src/ex005_gpio_button_interrupt.d" -MT"Examples/Src/ex005_gpio_button_interrupt.o" --specs=nano.specs -mfpu=fpv5-d16 -mfloat-abi=hard -mthumb -o "Examples/Src/ex005_gpio_button_interrupt.o"
arm-none-eabi-gcc "../Examples/Src/ex006_systick_led_blink.c" -mcpu=cortex-m7 -std=gnu11 -g3 -DDEBUG -DSTM32F767xx -c -I../Drivers/MyDrivers/Inc -I"D:/Nucleo_F767ZI_DriverDev/Nucleo_F767ZI_DriverDev/Examples/Inc" -I../Core/Inc -I../Drivers/CMSIS/Device/ST/STM32F7xx/Include -I../Drivers/CMSIS/Include -I"D:/Nucleo_F767ZI_DriverDev/Nucleo_F767ZI_DriverDev/Drivers/MyDrivers/Inc" -O0 -ffunction-sections -fdata-sections -Wall -fstack-usage -fcyclomatic-complexity -MMD -MP -MF"Examples/Src/ex006_systick_led_blink.d" -MT"Examples/Src/ex006_systick_led_blink.o" --specs=nano.specs -mfpu=fpv5-d16 -mfloat-abi=hard -mthumb -o "Examples/Src/ex006_systick_led_blink.o"
arm-none-eabi-gcc "../Drivers/MyDrivers/Src/stm32f767xx_gpio_driver.c" -mcpu=cortex-m7 -std=gnu11 -g3 -DDEBUG -DSTM32F767xx -c -I../Drivers/MyDrivers/Inc -I"D:/Nucleo_F767ZI_DriverDev/Nucleo_F767ZI_DriverDev/Examples/Inc" -I../Core/Inc -I../Drivers/CMSIS/Device/ST/STM32F7xx/Include -I../Drivers/CMSIS/Include -I"D:/Nucleo_F767ZI_DriverDev/Nucleo_F767ZI_DriverDev/Drivers/MyDrivers/Inc" -O0 -ffunction-sections -fdata-sections -Wall -fstack-usage -fcyclomatic-complexity -MMD -MP -MF"Drivers/MyDrivers/Src/stm32f767xx_gpio_driver.d" -MT"Drivers/MyDrivers/Src/stm32f767xx_gpio_driver.o" --specs=nano.specs -mfpu=fpv5-d16 -mfloat-abi=hard -mthumb -o "Drivers/MyDrivers/Src/stm32f767xx_gpio_driver.o"
arm-none-eabi-gcc "../Drivers/MyDrivers/Src/stm32f767xx_systick_driver.c" -mcpu=cortex-m7 -std=gnu11 -g3 -DDEBUG -DSTM32F767xx -c -I../Drivers/MyDrivers/Inc -I"D:/Nucleo_F767ZI_DriverDev/Nucleo_F767ZI_DriverDev/Examples/Inc" -I../Core/Inc -I../Drivers/CMSIS/Device/ST/STM32F7xx/Include -I../Drivers/CMSIS/Include -I"D:/Nucleo_F767ZI_DriverDev/Nucleo_F767ZI_DriverDev/Drivers/MyDrivers/Inc" -O0 -ffunction-sections -fdata-sections -Wall -fstack-usage -fcyclomatic-complexity -MMD -MP -MF"Drivers/MyDrivers/Src/stm32f767xx_systick_driver.d" -MT"Drivers/MyDrivers/Src/stm32f767xx_systick_driver.o" --specs=nano.specs -mfpu=fpv5-d16 -mfloat-abi=hard -mthumb -o "Drivers/MyDrivers/Src/stm32f767xx_systick_driver.o"
arm-none-eabi-gcc "../Core/Src/interrupt.c" -mcpu=cortex-m7 -std=gnu11 -g3 -DDEBUG -DSTM32F767xx -c -I../Drivers/MyDrivers/Inc -I"D:/Nucleo_F767ZI_DriverDev/Nucleo_F767ZI_DriverDev/Examples/Inc" -I../Core/Inc -I../Drivers/CMSIS/Device/ST/STM32F7xx/Include -I../Drivers/CMSIS/Include -I"D:/Nucleo_F767ZI_DriverDev/Nucleo_F767ZI_DriverDev/Drivers/MyDrivers/Inc" -O0 -ffunction-sections -fdata-sections -Wall -fstack-usage -fcyclomatic-complexity -MMD -MP -MF"Core/Src/interrupt.d" -MT"Core/Src/interrupt.o" --specs=nano.specs -mfpu=fpv5-d16 -mfloat-abi=hard -mthumb -o "Core/Src/interrupt.o"
arm-none-eabi-gcc "../Core/Src/main.c" -mcpu=cortex-m7 -std=gnu11 -g3 -DDEBUG -DSTM32F767xx -c -I../Drivers/MyDrivers/Inc -I"D:/Nucleo_F767ZI_DriverDev/Nucleo_F767ZI_DriverDev/Examples/Inc" -I../Core/Inc -I../Drivers/CMSIS/Device/ST/STM32F7xx/Include -I../Drivers/CMSIS/Include -I"D:/Nucleo_F767ZI_DriverDev/Nucleo_F767ZI_DriverDev/Drivers/MyDrivers/Inc" -O0 -ffunction-sections -fdata-sections -Wall -fstack-usage -fcyclomatic-complexity -MMD -MP -MF"Core/Src/main.d" -MT"Core/Src/main.o" --specs=nano.specs -mfpu=fpv5-d16 -mfloat-abi=hard -mthumb -o "Core/Src/main.o"
arm-none-eabi-gcc -o "Nucleo_F767ZI_DriverDev.elf" @"objects.list"   -mcpu=cortex-m7 -T"D:\Nucleo_F767ZI_DriverDev\Nucleo_F767ZI_DriverDev\STM32F767ZITX_FLASH.ld" --specs=nosys.specs -Wl,-Map="Nucleo_F767ZI_DriverDev.map" -Wl,--gc-sections -static --specs=nano.specs -mfpu=fpv5-d16 -mfloat-abi=hard -mthumb -Wl,--start-group -lc -lm -Wl,--end-group
Finished building target: Nucleo_F767ZI_DriverDev.elf
 
arm-none-eabi-size  Nucleo_F767ZI_DriverDev.elf 
arm-none-eabi-objdump -h -S Nucleo_F767ZI_DriverDev.elf  > "Nucleo_F767ZI_DriverDev.list"
   text	   data	    bss	    dec	    hex	filename
   2892	      0	   1632	   4524	   11ac	Nucleo_F767ZI_DriverDev.elf
Finished building: default.size.stdout
 
Finished building: Nucleo_F767ZI_DriverDev.list
 
00:13:54 **** Incremental Build of configuration Debug for project Nucleo_F767ZI_DriverDev ****
make -j8 all 
arm-none-eabi-gcc "../Examples/Src/ex0001_gpio_led_blink.c" -mcpu=cortex-m7 -std=gnu11 -g3 -DDEBUG -DSTM32F767xx -c -I../Drivers/MyDrivers/Inc -I"D:/Nucleo_F767ZI_DriverDev/Nucleo_F767ZI_DriverDev/Examples/Inc" -I../Core/Inc -I../Drivers/CMSIS/Device/ST/STM32F7xx/Include -I../Drivers/CMSIS/Include -I"D:/Nucleo_F767ZI_DriverDev/Nucleo_F767ZI_DriverDev/Drivers/MyDrivers/Inc" -O0 -ffunction-sections -fdata-sections -Wall -fstack-usage -fcyclomatic-complexity -MMD -MP -MF"Examples/Src/ex0001_gpio_led_blink.d" -MT"Examples/Src/ex0001_gpio_led_blink.o" --specs=nano.specs -mfpu=fpv5-d16 -mfloat-abi=hard -mthumb -o "Examples/Src/ex0001_gpio_led_blink.o"
arm-none-eabi-gcc "../Examples/Src/ex002_gpio_led_set_reset.c" -mcpu=cortex-m7 -std=gnu11 -g3 -DDEBUG -DSTM32F767xx -c -I../Drivers/MyDrivers/Inc -I"D:/Nucleo_F767ZI_DriverDev/Nucleo_F767ZI_DriverDev/Examples/Inc" -I../Core/Inc -I../Drivers/CMSIS/Device/ST/STM32F7xx/Include -I../Drivers/CMSIS/Include -I"D:/Nucleo_F767ZI_DriverDev/Nucleo_F767ZI_DriverDev/Drivers/MyDrivers/Inc" -O0 -ffunction-sections -fdata-sections -Wall -fstack-usage -fcyclomatic-complexity -MMD -MP -MF"Examples/Src/ex002_gpio_led_set_reset.d" -MT"Examples/Src/ex002_gpio_led_set_reset.o" --specs=nano.specs -mfpu=fpv5-d16 -mfloat-abi=hard -mthumb -o "Examples/Src/ex002_gpio_led_set_reset.o"
arm-none-eabi-gcc "../Examples/Src/ex003_gpio_button_input.c" -mcpu=cortex-m7 -std=gnu11 -g3 -DDEBUG -DSTM32F767xx -c -I../Drivers/MyDrivers/Inc -I"D:/Nucleo_F767ZI_DriverDev/Nucleo_F767ZI_DriverDev/Examples/Inc" -I../Core/Inc -I../Drivers/CMSIS/Device/ST/STM32F7xx/Include -I../Drivers/CMSIS/Include -I"D:/Nucleo_F767ZI_DriverDev/Nucleo_F767ZI_DriverDev/Drivers/MyDrivers/Inc" -O0 -ffunction-sections -fdata-sections -Wall -fstack-usage -fcyclomatic-complexity -MMD -MP -MF"Examples/Src/ex003_gpio_button_input.d" -MT"Examples/Src/ex003_gpio_button_input.o" --specs=nano.specs -mfpu=fpv5-d16 -mfloat-abi=hard -mthumb -o "Examples/Src/ex003_gpio_button_input.o"
arm-none-eabi-gcc "../Examples/Src/ex004_gpio_deinit_test.c" -mcpu=cortex-m7 -std=gnu11 -g3 -DDEBUG -DSTM32F767xx -c -I../Drivers/MyDrivers/Inc -I"D:/Nucleo_F767ZI_DriverDev/Nucleo_F767ZI_DriverDev/Examples/Inc" -I../Core/Inc -I../Drivers/CMSIS/Device/ST/STM32F7xx/Include -I../Drivers/CMSIS/Include -I"D:/Nucleo_F767ZI_DriverDev/Nucleo_F767ZI_DriverDev/Drivers/MyDrivers/Inc" -O0 -ffunction-sections -fdata-sections -Wall -fstack-usage -fcyclomatic-complexity -MMD -MP -MF"Examples/Src/ex004_gpio_deinit_test.d" -MT"Examples/Src/ex004_gpio_deinit_test.o" --specs=nano.specs -mfpu=fpv5-d16 -mfloat-abi=hard -mthumb -o "Examples/Src/ex004_gpio_deinit_test.o"
arm-none-eabi-gcc "../Examples/Src/ex005_gpio_button_interrupt.c" -mcpu=cortex-m7 -std=gnu11 -g3 -DDEBUG -DSTM32F767xx -c -I../Drivers/MyDrivers/Inc -I"D:/Nucleo_F767ZI_DriverDev/Nucleo_F767ZI_DriverDev/Examples/Inc" -I../Core/Inc -I../Drivers/CMSIS/Device/ST/STM32F7xx/Include -I../Drivers/CMSIS/Include -I"D:/Nucleo_F767ZI_DriverDev/Nucleo_F767ZI_DriverDev/Drivers/MyDrivers/Inc" -O0 -ffunction-sections -fdata-sections -Wall -fstack-usage -fcyclomatic-complexity -MMD -MP -MF"Examples/Src/ex005_gpio_button_interrupt.d" -MT"Examples/Src/ex005_gpio_button_interrupt.o" --specs=nano.specs -mfpu=fpv5-d16 -mfloat-abi=hard -mthumb -o "Examples/Src/ex005_gpio_button_interrupt.o"
arm-none-eabi-gcc "../Examples/Src/ex006_systick_led_blink.c" -mcpu=cortex-m7 -std=gnu11 -g3 -DDEBUG -DSTM32F767xx -c -I../Drivers/MyDrivers/Inc -I"D:/Nucleo_F767ZI_DriverDev/Nucleo_F767ZI_DriverDev/Examples/Inc" -I../Core/Inc -I../Drivers/CMSIS/Device/ST/STM32F7xx/Include -I../Drivers/CMSIS/Include -I"D:/Nucleo_F767ZI_DriverDev/Nucleo_F767ZI_DriverDev/Drivers/MyDrivers/Inc" -O0 -ffunction-sections -fdata-sections -Wall -fstack-usage -fcyclomatic-complexity -MMD -MP -MF"Examples/Src/ex006_systick_led_blink.d" -MT"Examples/Src/ex006_systick_led_blink.o" --specs=nano.specs -mfpu=fpv5-d16 -mfloat-abi=hard -mthumb -o "Examples/Src/ex006_systick_led_blink.o"
arm-none-eabi-gcc "../Drivers/MyDrivers/Src/stm32f767xx_gpio_driver.c" -mcpu=cortex-m7 -std=gnu11 -g3 -DDEBUG -DSTM32F767xx -c -I../Drivers/MyDrivers/Inc -I"D:/Nucleo_F767ZI_DriverDev/Nucleo_F767ZI_DriverDev/Examples/Inc" -I../Core/Inc -I../Drivers/CMSIS/Device/ST/STM32F7xx/Include -I../Drivers/CMSIS/Include -I"D:/Nucleo_F767ZI_DriverDev/Nucleo_F767ZI_DriverDev/Drivers/MyDrivers/Inc" -O0 -ffunction-sections -fdata-sections -Wall -fstack-usage -fcyclomatic-complexity -MMD -MP -MF"Drivers/MyDrivers/Src/stm32f767xx_gpio_driver.d" -MT"Drivers/MyDrivers/Src/stm32f767xx_gpio_driver.o" --specs=nano.specs -mfpu=fpv5-d16 -mfloat-abi=hard -mthumb -o "Drivers/MyDrivers/Src/stm32f767xx_gpio_driver.o"
arm-none-eabi-gcc "../Drivers/MyDrivers/Src/stm32f767xx_systick_driver.c" -mcpu=cortex-m7 -std=gnu11 -g3 -DDEBUG -DSTM32F767xx -c -I../Drivers/MyDrivers/Inc -I"D:/Nucleo_F767ZI_DriverDev/Nucleo_F767ZI_DriverDev/Examples/Inc" -I../Core/Inc -I../Drivers/CMSIS/Device/ST/STM32F7xx/Include -I../Drivers/CMSIS/Include -I"D:/Nucleo_F767ZI_DriverDev/Nucleo_F767ZI_DriverDev/Drivers/MyDrivers/Inc" -O0 -ffunction-sections -fdata-sections -Wall -fstack-usage -fcyclomatic-complexity -MMD -MP -MF"Drivers/MyDrivers/Src/stm32f767xx_systick_driver.d" -MT"Drivers/MyDrivers/Src/stm32f767xx_systick_driver.o" --specs=nano.specs -mfpu=fpv5-d16 -mfloat-abi=hard -mthumb -o "Drivers/MyDrivers/Src/stm32f767xx_systick_driver.o"
arm-none-eabi-gcc "../Drivers/MyDrivers/Src/stm32f767xx_usart_driver.c" -mcpu=cortex-m7 -std=gnu11 -g3 -DDEBUG -DSTM32F767xx -c -I../Drivers/MyDrivers/Inc -I"D:/Nucleo_F767ZI_DriverDev/Nucleo_F767ZI_DriverDev/Examples/Inc" -I../Core/Inc -I../Drivers/CMSIS/Device/ST/STM32F7xx/Include -I../Drivers/CMSIS/Include -I"D:/Nucleo_F767ZI_DriverDev/Nucleo_F767ZI_DriverDev/Drivers/MyDrivers/Inc" -O0 -ffunction-sections -fdata-sections -Wall -fstack-usage -fcyclomatic-complexity -MMD -MP -MF"Drivers/MyDrivers/Src/stm32f767xx_usart_driver.d" -MT"Drivers/MyDrivers/Src/stm32f767xx_usart_driver.o" --specs=nano.specs -mfpu=fpv5-d16 -mfloat-abi=hard -mthumb -o "Drivers/MyDrivers/Src/stm32f767xx_usart_driver.o"
arm-none-eabi-gcc "../Core/Src/interrupt.c" -mcpu=cortex-m7 -std=gnu11 -g3 -DDEBUG -DSTM32F767xx -c -I../Drivers/MyDrivers/Inc -I"D:/Nucleo_F767ZI_DriverDev/Nucleo_F767ZI_DriverDev/Examples/Inc" -I../Core/Inc -I../Drivers/CMSIS/Device/ST/STM32F7xx/Include -I../Drivers/CMSIS/Include -I"D:/Nucleo_F767ZI_DriverDev/Nucleo_F767ZI_DriverDev/Drivers/MyDrivers/Inc" -O0 -ffunction-sections -fdata-sections -Wall -fstack-usage -fcyclomatic-complexity -MMD -MP -MF"Core/Src/interrupt.d" -MT"Core/Src/interrupt.o" --specs=nano.specs -mfpu=fpv5-d16 -mfloat-abi=hard -mthumb -o "Core/Src/interrupt.o"
In file included from ../Drivers/MyDrivers/Src/stm32f767xx_usart_driver.c:8:
../Drivers/MyDrivers/Inc/stm32f767xx_usart_driver.h:56:9: error: unknown type name 'uint8_t'
   56 |         uint8_t USART_Mode;
      |         ^~~~~~~
../Drivers/MyDrivers/Inc/stm32f767xx_usart_driver.h:57:9: error: unknown type name 'uint32_t'
   57 |         uint32_t USART_Baud;
      |         ^~~~~~~~
../Drivers/MyDrivers/Inc/stm32f767xx_usart_driver.h:58:9: error: unknown type name 'uint8_t'
   58 |         uint8_t USART_WordLength;
      |         ^~~~~~~
../Drivers/MyDrivers/Inc/stm32f767xx_usart_driver.h:59:9: error: unknown type name 'uint8_t'
   59 |         uint8_t USART_StopBits;
      |         ^~~~~~~
../Drivers/MyDrivers/Inc/stm32f767xx_usart_driver.h:60:9: error: unknown type name 'uint8_t'
   60 |         uint8_t USART_ParityControl;
      |         ^~~~~~~
../Drivers/MyDrivers/Inc/stm32f767xx_usart_driver.h:61:9: error: unknown type name 'uint8_t'
   61 |         uint8_t USART_Oversampling;
      |         ^~~~~~~
../Drivers/MyDrivers/Inc/stm32f767xx_usart_driver.h:66:9: error: unknown type name 'uint32_t'
   66 |         uint32_t USART_PeripheralClockHz;
      |         ^~~~~~~~
../Drivers/MyDrivers/Inc/stm32f767xx_usart_driver.h:72:9: error: unknown type name 'USART_RegDef_t'
   72 |         USART_RegDef_t *pUSARTx;
      |         ^~~~~~~~~~~~~~
../Drivers/MyDrivers/Inc/stm32f767xx_usart_driver.h:80:29: error: unknown type name 'USART_RegDef_t'
   80 | void USART_PeriClockControl(USART_RegDef_t *pUSARTx, uint8_t EnorDi);
      |                             ^~~~~~~~~~~~~~
../Drivers/MyDrivers/Inc/stm32f767xx_usart_driver.h:80:54: error: unknown type name 'uint8_t'
   80 | void USART_PeriClockControl(USART_RegDef_t *pUSARTx, uint8_t EnorDi);
      |                                                      ^~~~~~~
../Drivers/MyDrivers/Inc/stm32f767xx_usart_driver.h:1:1: note: 'uint8_t' is defined in header '<stdint.h>'; did you forget to '#include <stdint.h>'?
  +++ |+#include <stdint.h>
    1 | /*
../Drivers/MyDrivers/Inc/stm32f767xx_usart_driver.h:86:19: error: unknown type name 'USART_RegDef_t'
   86 | void USART_DeInit(USART_RegDef_t *pUSARTx);
      |                   ^~~~~~~~~~~~~~
../Drivers/MyDrivers/Inc/stm32f767xx_usart_driver.h:91:30: error: unknown type name 'USART_RegDef_t'
   91 | void USART_PeripheralControl(USART_RegDef_t *pUSARTx, uint8_t EnorDi);
      |                              ^~~~~~~~~~~~~~
../Drivers/MyDrivers/Inc/stm32f767xx_usart_driver.h:91:55: error: unknown type name 'uint8_t'
   91 | void USART_PeripheralControl(USART_RegDef_t *pUSARTx, uint8_t EnorDi);
      |                                                       ^~~~~~~
../Drivers/MyDrivers/Inc/stm32f767xx_usart_driver.h:91:55: note: 'uint8_t' is defined in header '<stdint.h>'; did you forget to '#include <stdint.h>'?
../Drivers/MyDrivers/Inc/stm32f767xx_usart_driver.h:96:1: error: unknown type name 'uint8_t'
   96 | uint8_t USART_SendDataWithTimeout(USART_Handle_t *pUSARTHandle,
      | ^~~~~~~
../Drivers/MyDrivers/Inc/stm32f767xx_usart_driver.h:96:1: note: 'uint8_t' is defined in header '<stdint.h>'; did you forget to '#include <stdint.h>'?
../Drivers/MyDrivers/Inc/stm32f767xx_usart_driver.h:97:67: error: unknown type name 'uint8_t'
   97 |                                                                   uint8_t *pTxBuffer,
      |                                                                   ^~~~~~~
../Drivers/MyDrivers/Inc/stm32f767xx_usart_driver.h:97:67: note: 'uint8_t' is defined in header '<stdint.h>'; did you forget to '#include <stdint.h>'?
../Drivers/MyDrivers/Inc/stm32f767xx_usart_driver.h:98:67: error: unknown type name 'uint32_t'
   98 |                                                                   uint32_t Len,
      |                                                                   ^~~~~~~~
../Drivers/MyDrivers/Inc/stm32f767xx_usart_driver.h:98:67: note: 'uint32_t' is defined in header '<stdint.h>'; did you forget to '#include <stdint.h>'?
../Drivers/MyDrivers/Inc/stm32f767xx_usart_driver.h:99:67: error: unknown type name 'uint32_t'
   99 |                                                                   uint32_t TimeoutMs);
      |                                                                   ^~~~~~~~
../Drivers/MyDrivers/Inc/stm32f767xx_usart_driver.h:99:67: note: 'uint32_t' is defined in header '<stdint.h>'; did you forget to '#include <stdint.h>'?
../Drivers/MyDrivers/Inc/stm32f767xx_usart_driver.h:101:1: error: unknown type name 'uint8_t'
  101 | uint8_t USART_ReceiveDataWithTimeout(USART_RegDef_t *pUSARTx,
      | ^~~~~~~
../Drivers/MyDrivers/Inc/stm32f767xx_usart_driver.h:101:1: note: 'uint8_t' is defined in header '<stdint.h>'; did you forget to '#include <stdint.h>'?
../Drivers/MyDrivers/Inc/stm32f767xx_usart_driver.h:101:38: error: unknown type name 'USART_RegDef_t'
  101 | uint8_t USART_ReceiveDataWithTimeout(USART_RegDef_t *pUSARTx,
      |                                      ^~~~~~~~~~~~~~
../Drivers/MyDrivers/Inc/stm32f767xx_usart_driver.h:102:74: error: unknown type name 'uint8_t'
  102 |                                                                          uint8_t *pRxBuffer,
      |                                                                          ^~~~~~~
../Drivers/MyDrivers/Inc/stm32f767xx_usart_driver.h:102:74: note: 'uint8_t' is defined in header '<stdint.h>'; did you forget to '#include <stdint.h>'?
../Drivers/MyDrivers/Inc/stm32f767xx_usart_driver.h:103:74: error: unknown type name 'uint32_t'
  103 |                                                                          uint32_t Len,
      |                                                                          ^~~~~~~~
../Drivers/MyDrivers/Inc/stm32f767xx_usart_driver.h:103:74: note: 'uint32_t' is defined in header '<stdint.h>'; did you forget to '#include <stdint.h>'?
../Drivers/MyDrivers/Inc/stm32f767xx_usart_driver.h:104:74: error: unknown type name 'uint32_t'
  104 |                                                                          uint32_t TimeoutMs);
      |                                                                          ^~~~~~~~
../Drivers/MyDrivers/Inc/stm32f767xx_usart_driver.h:104:74: note: 'uint32_t' is defined in header '<stdint.h>'; did you forget to '#include <stdint.h>'?
../Drivers/MyDrivers/Inc/stm32f767xx_usart_driver.h:109:1: error: unknown type name 'uint8_t'
  109 | uint8_t USART_GetFlagStatus(USART_RegDef_t *pUSARTx, uint32_t FlagName);
      | ^~~~~~~
../Drivers/MyDrivers/Inc/stm32f767xx_usart_driver.h:109:1: note: 'uint8_t' is defined in header '<stdint.h>'; did you forget to '#include <stdint.h>'?
../Drivers/MyDrivers/Inc/stm32f767xx_usart_driver.h:109:29: error: unknown type name 'USART_RegDef_t'
  109 | uint8_t USART_GetFlagStatus(USART_RegDef_t *pUSARTx, uint32_t FlagName);
      |                             ^~~~~~~~~~~~~~
../Drivers/MyDrivers/Inc/stm32f767xx_usart_driver.h:109:54: error: unknown type name 'uint32_t'
  109 | uint8_t USART_GetFlagStatus(USART_RegDef_t *pUSARTx, uint32_t FlagName);
      |                                                      ^~~~~~~~
../Drivers/MyDrivers/Inc/stm32f767xx_usart_driver.h:109:54: note: 'uint32_t' is defined in header '<stdint.h>'; did you forget to '#include <stdint.h>'?
../Drivers/MyDrivers/Src/stm32f767xx_usart_driver.c: In function 'USART_WaitOnFlagUntilTimeout':
../Drivers/MyDrivers/Src/stm32f767xx_usart_driver.c:15:15: warning: implicit declaration of function 'USART_GetFlagStatus' [-Wimplicit-function-declaration]
   15 |         while(USART_GetFlagStatus(pUSARTx, FlagName) != DesiredStatus)
      |               ^~~~~~~~~~~~~~~~~~~
../Drivers/MyDrivers/Src/stm32f767xx_usart_driver.c: In function 'USART_Init':
../Drivers/MyDrivers/Src/stm32f767xx_usart_driver.c:199:44: warning: passing argument 1 of 'USART_PeriClockControl' from incompatible pointer type [-Wincompatible-pointer-types]
  199 |         USART_PeriClockControl(pUSARTHandle->pUSARTx, ENABLE);
      |                                ~~~~~~~~~~~~^~~~~~~~~
      |                                            |
      |                                            int *
../Drivers/MyDrivers/Src/stm32f767xx_usart_driver.c:86:45: note: expected 'USART_RegDef_t *' but argument is of type 'int *'
   86 | void USART_PeriClockControl(USART_RegDef_t *pUSARTx, uint8_t EnorDi)
      |                             ~~~~~~~~~~~~~~~~^~~~~~~
../Drivers/MyDrivers/Src/stm32f767xx_usart_driver.c:204:9: warning: implicit declaration of function 'USART_PeripheralControl'; did you mean 'USART_PeriClockControl'? [-Wimplicit-function-declaration]
  204 |         USART_PeripheralControl(pUSARTHandle->pUSARTx, DISABLE);
      |         ^~~~~~~~~~~~~~~~~~~~~~~
      |         USART_PeriClockControl
../Drivers/MyDrivers/Src/stm32f767xx_usart_driver.c:280:30: error: request for member 'USART_CR2' in something not a structure or union
  280 |         pUSARTHandle->pUSARTx->USART_CR2 &= ~(3U << 12U);
      |                              ^~
../Drivers/MyDrivers/Src/stm32f767xx_usart_driver.c:282:30: error: request for member 'USART_CR2' in something not a structure or union
  282 |         pUSARTHandle->pUSARTx->USART_CR2 |= ((uint32_t)pUSARTHandle->USART_Config.USART_StopBits << 12U);
      |                              ^~
../Drivers/MyDrivers/Src/stm32f767xx_usart_driver.c:288:39: warning: passing argument 1 of 'USART_SetBaudRate' from incompatible pointer type [-Wincompatible-pointer-types]
  288 |         USART_SetBaudRate(pUSARTHandle->pUSARTx,pUSARTHandle->USART_Config.USART_PeripheralClockHz,pUSARTHandle->USART_Config.USART_Baud);
      |                           ~~~~~~~~~~~~^~~~~~~~~
      |                                       |
      |                                       int *
../Drivers/MyDrivers/Src/stm32f767xx_usart_driver.c:67:47: note: expected 'USART_RegDef_t *' but argument is of type 'int *'
   67 | static void USART_SetBaudRate(USART_RegDef_t *pUSARTx, uint32_t PeripheralClockHz, uint32_t BaudRate)
      |                               ~~~~~~~~~~~~~~~~^~~~~~~
../Drivers/MyDrivers/Src/stm32f767xx_usart_driver.c: At top level:
../Drivers/MyDrivers/Src/stm32f767xx_usart_driver.c:304:6: warning: conflicting types for 'USART_PeripheralControl'; have 'void(USART_RegDef_t *, uint8_t)' {aka 'void(USART_RegDef_t *, unsigned char)'}
  304 | void USART_PeripheralControl(USART_RegDef_t *pUSARTx, uint8_t EnorDi)
      |      ^~~~~~~~~~~~~~~~~~~~~~~
../Drivers/MyDrivers/Src/stm32f767xx_usart_driver.c:204:9: note: previous implicit declaration of 'USART_PeripheralControl' with type 'void(USART_RegDef_t *, uint8_t)' {aka 'void(USART_RegDef_t *, unsigned char)'}
  204 |         USART_PeripheralControl(pUSARTHandle->pUSARTx, DISABLE);
      |         ^~~~~~~~~~~~~~~~~~~~~~~
../Drivers/MyDrivers/Src/stm32f767xx_usart_driver.c:316:9: error: conflicting types for 'USART_GetFlagStatus'; have 'uint8_t(USART_RegDef_t *, uint32_t)' {aka 'unsigned char(USART_RegDef_t *, long unsigned int)'}
  316 | uint8_t USART_GetFlagStatus(USART_RegDef_t *pUSARTx, uint32_t FlagName)
      |         ^~~~~~~~~~~~~~~~~~~
../Drivers/MyDrivers/Src/stm32f767xx_usart_driver.c:15:15: note: previous implicit declaration of 'USART_GetFlagStatus' with type 'int()'
   15 |         while(USART_GetFlagStatus(pUSARTx, FlagName) != DesiredStatus)
      |               ^~~~~~~~~~~~~~~~~~~
../Drivers/MyDrivers/Src/stm32f767xx_usart_driver.c: In function 'USART_SendDataWithTimeout':
../Drivers/MyDrivers/Src/stm32f767xx_usart_driver.c:330:35: warning: initialization of 'USART_RegDef_t *' from incompatible pointer type 'int *' [-Wincompatible-pointer-types]
  330 |         USART_RegDef_t *pUSARTx = pUSARTHandle->pUSARTx;
      |                                   ^~~~~~~~~~~~
../Drivers/MyDrivers/Src/stm32f767xx_usart_driver.c: At top level:
../Drivers/MyDrivers/Src/stm32f767xx_usart_driver.c:27:17: warning: 'USART_ComputeBRR' defined but not used [-Wunused-function]
   27 | static uint32_t USART_ComputeBRR(uint32_t PeripheralClockHz,
      |                 ^~~~~~~~~~~~~~~~
make: *** [Drivers/MyDrivers/Src/subdir.mk:25: Drivers/MyDrivers/Src/stm32f767xx_usart_driver.o] Error 1
"make -j8 all" terminated with exit code 2. Build might be incomplete.
00:14:56 **** Incremental Build of configuration Debug for project Nucleo_F767ZI_DriverDev ****
make -j8 all 
arm-none-eabi-gcc "../Drivers/MyDrivers/Src/stm32f767xx_usart_driver.c" -mcpu=cortex-m7 -std=gnu11 -g3 -DDEBUG -DSTM32F767xx -c -I../Drivers/MyDrivers/Inc -I"D:/Nucleo_F767ZI_DriverDev/Nucleo_F767ZI_DriverDev/Examples/Inc" -I../Core/Inc -I../Drivers/CMSIS/Device/ST/STM32F7xx/Include -I../Drivers/CMSIS/Include -I"D:/Nucleo_F767ZI_DriverDev/Nucleo_F767ZI_DriverDev/Drivers/MyDrivers/Inc" -O0 -ffunction-sections -fdata-sections -Wall -fstack-usage -fcyclomatic-complexity -MMD -MP -MF"Drivers/MyDrivers/Src/stm32f767xx_usart_driver.d" -MT"Drivers/MyDrivers/Src/stm32f767xx_usart_driver.o" --specs=nano.specs -mfpu=fpv5-d16 -mfloat-abi=hard -mthumb -o "Drivers/MyDrivers/Src/stm32f767xx_usart_driver.o"
../Drivers/MyDrivers/Src/stm32f767xx_usart_driver.c:27:17: warning: 'USART_ComputeBRR' defined but not used [-Wunused-function]
   27 | static uint32_t USART_ComputeBRR(uint32_t PeripheralClockHz,
      |                 ^~~~~~~~~~~~~~~~
arm-none-eabi-gcc -o "Nucleo_F767ZI_DriverDev.elf" @"objects.list"   -mcpu=cortex-m7 -T"D:\Nucleo_F767ZI_DriverDev\Nucleo_F767ZI_DriverDev\STM32F767ZITX_FLASH.ld" --specs=nosys.specs -Wl,-Map="Nucleo_F767ZI_DriverDev.map" -Wl,--gc-sections -static --specs=nano.specs -mfpu=fpv5-d16 -mfloat-abi=hard -mthumb -Wl,--start-group -lc -lm -Wl,--end-group
Finished building target: Nucleo_F767ZI_DriverDev.elf
 
arm-none-eabi-size  Nucleo_F767ZI_DriverDev.elf 
arm-none-eabi-objdump -h -S Nucleo_F767ZI_DriverDev.elf  > "Nucleo_F767ZI_DriverDev.list"
   text	   data	    bss	    dec	    hex	filename
   2892	      0	   1632	   4524	   11ac	Nucleo_F767ZI_DriverDev.elf
Finished building: default.size.stdout
 
Finished building: Nucleo_F767ZI_DriverDev.list
 
00:23:34 **** Incremental Build of configuration Debug for project Nucleo_F767ZI_DriverDev ****
make -j8 all 
arm-none-eabi-gcc "../Drivers/MyDrivers/Src/stm32f767xx_usart_driver.c" -mcpu=cortex-m7 -std=gnu11 -g3 -DDEBUG -DSTM32F767xx -c -I../Drivers/MyDrivers/Inc -I"D:/Nucleo_F767ZI_DriverDev/Nucleo_F767ZI_DriverDev/Examples/Inc" -I../Core/Inc -I../Drivers/CMSIS/Device/ST/STM32F7xx/Include -I../Drivers/CMSIS/Include -I"D:/Nucleo_F767ZI_DriverDev/Nucleo_F767ZI_DriverDev/Drivers/MyDrivers/Inc" -O0 -ffunction-sections -fdata-sections -Wall -fstack-usage -fcyclomatic-complexity -MMD -MP -MF"Drivers/MyDrivers/Src/stm32f767xx_usart_driver.d" -MT"Drivers/MyDrivers/Src/stm32f767xx_usart_driver.o" --specs=nano.specs -mfpu=fpv5-d16 -mfloat-abi=hard -mthumb -o "Drivers/MyDrivers/Src/stm32f767xx_usart_driver.o"
arm-none-eabi-gcc -o "Nucleo_F767ZI_DriverDev.elf" @"objects.list"   -mcpu=cortex-m7 -T"D:\Nucleo_F767ZI_DriverDev\Nucleo_F767ZI_DriverDev\STM32F767ZITX_FLASH.ld" --specs=nosys.specs -Wl,-Map="Nucleo_F767ZI_DriverDev.map" -Wl,--gc-sections -static --specs=nano.specs -mfpu=fpv5-d16 -mfloat-abi=hard -mthumb -Wl,--start-group -lc -lm -Wl,--end-group
Finished building target: Nucleo_F767ZI_DriverDev.elf
 
arm-none-eabi-size  Nucleo_F767ZI_DriverDev.elf 
arm-none-eabi-objdump -h -S Nucleo_F767ZI_DriverDev.elf  > "Nucleo_F767ZI_DriverDev.list"
   text	   data	    bss	    dec	    hex	filename
   2892	      0	   1632	   4524	   11ac	Nucleo_F767ZI_DriverDev.elf
Finished building: default.size.stdout
 
Finished building: Nucleo_F767ZI_DriverDev.list
 
00:38:07 **** Incremental Build of configuration Debug for project Nucleo_F767ZI_DriverDev ****
make -j8 all 
arm-none-eabi-gcc "../Examples/Src/ex0001_gpio_led_blink.c" -mcpu=cortex-m7 -std=gnu11 -g3 -DDEBUG -DSTM32F767xx -c -I../Drivers/MyDrivers/Inc -I"D:/Nucleo_F767ZI_DriverDev/Nucleo_F767ZI_DriverDev/Examples/Inc" -I../Core/Inc -I../Drivers/CMSIS/Device/ST/STM32F7xx/Include -I../Drivers/CMSIS/Include -I"D:/Nucleo_F767ZI_DriverDev/Nucleo_F767ZI_DriverDev/Drivers/MyDrivers/Inc" -O0 -ffunction-sections -fdata-sections -Wall -fstack-usage -fcyclomatic-complexity -MMD -MP -MF"Examples/Src/ex0001_gpio_led_blink.d" -MT"Examples/Src/ex0001_gpio_led_blink.o" --specs=nano.specs -mfpu=fpv5-d16 -mfloat-abi=hard -mthumb -o "Examples/Src/ex0001_gpio_led_blink.o"
arm-none-eabi-gcc "../Examples/Src/ex002_gpio_led_set_reset.c" -mcpu=cortex-m7 -std=gnu11 -g3 -DDEBUG -DSTM32F767xx -c -I../Drivers/MyDrivers/Inc -I"D:/Nucleo_F767ZI_DriverDev/Nucleo_F767ZI_DriverDev/Examples/Inc" -I../Core/Inc -I../Drivers/CMSIS/Device/ST/STM32F7xx/Include -I../Drivers/CMSIS/Include -I"D:/Nucleo_F767ZI_DriverDev/Nucleo_F767ZI_DriverDev/Drivers/MyDrivers/Inc" -O0 -ffunction-sections -fdata-sections -Wall -fstack-usage -fcyclomatic-complexity -MMD -MP -MF"Examples/Src/ex002_gpio_led_set_reset.d" -MT"Examples/Src/ex002_gpio_led_set_reset.o" --specs=nano.specs -mfpu=fpv5-d16 -mfloat-abi=hard -mthumb -o "Examples/Src/ex002_gpio_led_set_reset.o"
arm-none-eabi-gcc "../Examples/Src/ex003_gpio_button_input.c" -mcpu=cortex-m7 -std=gnu11 -g3 -DDEBUG -DSTM32F767xx -c -I../Drivers/MyDrivers/Inc -I"D:/Nucleo_F767ZI_DriverDev/Nucleo_F767ZI_DriverDev/Examples/Inc" -I../Core/Inc -I../Drivers/CMSIS/Device/ST/STM32F7xx/Include -I../Drivers/CMSIS/Include -I"D:/Nucleo_F767ZI_DriverDev/Nucleo_F767ZI_DriverDev/Drivers/MyDrivers/Inc" -O0 -ffunction-sections -fdata-sections -Wall -fstack-usage -fcyclomatic-complexity -MMD -MP -MF"Examples/Src/ex003_gpio_button_input.d" -MT"Examples/Src/ex003_gpio_button_input.o" --specs=nano.specs -mfpu=fpv5-d16 -mfloat-abi=hard -mthumb -o "Examples/Src/ex003_gpio_button_input.o"
arm-none-eabi-gcc "../Examples/Src/ex004_gpio_deinit_test.c" -mcpu=cortex-m7 -std=gnu11 -g3 -DDEBUG -DSTM32F767xx -c -I../Drivers/MyDrivers/Inc -I"D:/Nucleo_F767ZI_DriverDev/Nucleo_F767ZI_DriverDev/Examples/Inc" -I../Core/Inc -I../Drivers/CMSIS/Device/ST/STM32F7xx/Include -I../Drivers/CMSIS/Include -I"D:/Nucleo_F767ZI_DriverDev/Nucleo_F767ZI_DriverDev/Drivers/MyDrivers/Inc" -O0 -ffunction-sections -fdata-sections -Wall -fstack-usage -fcyclomatic-complexity -MMD -MP -MF"Examples/Src/ex004_gpio_deinit_test.d" -MT"Examples/Src/ex004_gpio_deinit_test.o" --specs=nano.specs -mfpu=fpv5-d16 -mfloat-abi=hard -mthumb -o "Examples/Src/ex004_gpio_deinit_test.o"
arm-none-eabi-gcc "../Examples/Src/ex005_gpio_button_interrupt.c" -mcpu=cortex-m7 -std=gnu11 -g3 -DDEBUG -DSTM32F767xx -c -I../Drivers/MyDrivers/Inc -I"D:/Nucleo_F767ZI_DriverDev/Nucleo_F767ZI_DriverDev/Examples/Inc" -I../Core/Inc -I../Drivers/CMSIS/Device/ST/STM32F7xx/Include -I../Drivers/CMSIS/Include -I"D:/Nucleo_F767ZI_DriverDev/Nucleo_F767ZI_DriverDev/Drivers/MyDrivers/Inc" -O0 -ffunction-sections -fdata-sections -Wall -fstack-usage -fcyclomatic-complexity -MMD -MP -MF"Examples/Src/ex005_gpio_button_interrupt.d" -MT"Examples/Src/ex005_gpio_button_interrupt.o" --specs=nano.specs -mfpu=fpv5-d16 -mfloat-abi=hard -mthumb -o "Examples/Src/ex005_gpio_button_interrupt.o"
arm-none-eabi-gcc "../Examples/Src/ex006_systick_led_blink.c" -mcpu=cortex-m7 -std=gnu11 -g3 -DDEBUG -DSTM32F767xx -c -I../Drivers/MyDrivers/Inc -I"D:/Nucleo_F767ZI_DriverDev/Nucleo_F767ZI_DriverDev/Examples/Inc" -I../Core/Inc -I../Drivers/CMSIS/Device/ST/STM32F7xx/Include -I../Drivers/CMSIS/Include -I"D:/Nucleo_F767ZI_DriverDev/Nucleo_F767ZI_DriverDev/Drivers/MyDrivers/Inc" -O0 -ffunction-sections -fdata-sections -Wall -fstack-usage -fcyclomatic-complexity -MMD -MP -MF"Examples/Src/ex006_systick_led_blink.d" -MT"Examples/Src/ex006_systick_led_blink.o" --specs=nano.specs -mfpu=fpv5-d16 -mfloat-abi=hard -mthumb -o "Examples/Src/ex006_systick_led_blink.o"
arm-none-eabi-gcc "../Examples/Src/ex007_usart3_tx.c" -mcpu=cortex-m7 -std=gnu11 -g3 -DDEBUG -DSTM32F767xx -c -I../Drivers/MyDrivers/Inc -I"D:/Nucleo_F767ZI_DriverDev/Nucleo_F767ZI_DriverDev/Examples/Inc" -I../Core/Inc -I../Drivers/CMSIS/Device/ST/STM32F7xx/Include -I../Drivers/CMSIS/Include -I"D:/Nucleo_F767ZI_DriverDev/Nucleo_F767ZI_DriverDev/Drivers/MyDrivers/Inc" -O0 -ffunction-sections -fdata-sections -Wall -fstack-usage -fcyclomatic-complexity -MMD -MP -MF"Examples/Src/ex007_usart3_tx.d" -MT"Examples/Src/ex007_usart3_tx.o" --specs=nano.specs -mfpu=fpv5-d16 -mfloat-abi=hard -mthumb -o "Examples/Src/ex007_usart3_tx.o"
arm-none-eabi-gcc "../Core/Src/main.c" -mcpu=cortex-m7 -std=gnu11 -g3 -DDEBUG -DSTM32F767xx -c -I../Drivers/MyDrivers/Inc -I"D:/Nucleo_F767ZI_DriverDev/Nucleo_F767ZI_DriverDev/Examples/Inc" -I../Core/Inc -I../Drivers/CMSIS/Device/ST/STM32F7xx/Include -I../Drivers/CMSIS/Include -I"D:/Nucleo_F767ZI_DriverDev/Nucleo_F767ZI_DriverDev/Drivers/MyDrivers/Inc" -O0 -ffunction-sections -fdata-sections -Wall -fstack-usage -fcyclomatic-complexity -MMD -MP -MF"Core/Src/main.d" -MT"Core/Src/main.o" --specs=nano.specs -mfpu=fpv5-d16 -mfloat-abi=hard -mthumb -o "Core/Src/main.o"
arm-none-eabi-gcc -o "Nucleo_F767ZI_DriverDev.elf" @"objects.list"   -mcpu=cortex-m7 -T"D:\Nucleo_F767ZI_DriverDev\Nucleo_F767ZI_DriverDev\STM32F767ZITX_FLASH.ld" --specs=nosys.specs -Wl,-Map="Nucleo_F767ZI_DriverDev.map" -Wl,--gc-sections -static --specs=nano.specs -mfpu=fpv5-d16 -mfloat-abi=hard -mthumb -Wl,--start-group -lc -lm -Wl,--end-group
Finished building target: Nucleo_F767ZI_DriverDev.elf
 
arm-none-eabi-size  Nucleo_F767ZI_DriverDev.elf 
arm-none-eabi-objdump -h -S Nucleo_F767ZI_DriverDev.elf  > "Nucleo_F767ZI_DriverDev.list"
   text	   data	    bss	    dec	    hex	filename
   4332	      0	   1656	   5988	   1764	Nucleo_F767ZI_DriverDev.elf
Finished building: default.size.stdout
 
Finished building: Nucleo_F767ZI_DriverDev.list
 
00:38:55 **** Incremental Build of configuration Debug for project Nucleo_F767ZI_DriverDev ****
make -j8 all 
arm-none-eabi-size  Nucleo_F767ZI_DriverDev.elf 
   text	   data	    bss	    dec	    hex	filename
   4332	      0	   1656	   5988	   1764	Nucleo_F767ZI_DriverDev.elf
Finished building: default.size.stdout
 
00:40:30 **** Incremental Build of configuration Debug for project Nucleo_F767ZI_DriverDev ****
make -j8 all 
arm-none-eabi-size  Nucleo_F767ZI_DriverDev.elf 
   text	   data	    bss	    dec	    hex	filename
   4332	      0	   1656	   5988	   1764	Nucleo_F767ZI_DriverDev.elf
Finished building: default.size.stdout
 
00:41:26 **** Incremental Build of configuration Debug for project Nucleo_F767ZI_DriverDev ****
make -j8 all 
arm-none-eabi-size  Nucleo_F767ZI_DriverDev.elf 
   text	   data	    bss	    dec	    hex	filename
   4332	      0	   1656	   5988	   1764	Nucleo_F767ZI_DriverDev.elf
Finished building: default.size.stdout
 
00:42:15 **** Incremental Build of configuration Debug for project Nucleo_F767ZI_DriverDev ****
make -j8 all 
arm-none-eabi-size  Nucleo_F767ZI_DriverDev.elf 
   text	   data	    bss	    dec	    hex	filename
   4332	      0	   1656	   5988	   1764	Nucleo_F767ZI_DriverDev.elf
Finished building: default.size.stdout
 
00:52:52 **** Incremental Build of configuration Debug for project Nucleo_F767ZI_DriverDev ****
make -j8 all 
arm-none-eabi-gcc "../Examples/Src/ex0001_gpio_led_blink.c" -mcpu=cortex-m7 -std=gnu11 -g3 -DDEBUG -DSTM32F767xx -c -I../Drivers/MyDrivers/Inc -I"D:/Nucleo_F767ZI_DriverDev/Nucleo_F767ZI_DriverDev/Examples/Inc" -I../Core/Inc -I../Drivers/CMSIS/Device/ST/STM32F7xx/Include -I../Drivers/CMSIS/Include -I"D:/Nucleo_F767ZI_DriverDev/Nucleo_F767ZI_DriverDev/Drivers/MyDrivers/Inc" -O0 -ffunction-sections -fdata-sections -Wall -fstack-usage -fcyclomatic-complexity -MMD -MP -MF"Examples/Src/ex0001_gpio_led_blink.d" -MT"Examples/Src/ex0001_gpio_led_blink.o" --specs=nano.specs -mfpu=fpv5-d16 -mfloat-abi=hard -mthumb -o "Examples/Src/ex0001_gpio_led_blink.o"
arm-none-eabi-gcc "../Examples/Src/ex002_gpio_led_set_reset.c" -mcpu=cortex-m7 -std=gnu11 -g3 -DDEBUG -DSTM32F767xx -c -I../Drivers/MyDrivers/Inc -I"D:/Nucleo_F767ZI_DriverDev/Nucleo_F767ZI_DriverDev/Examples/Inc" -I../Core/Inc -I../Drivers/CMSIS/Device/ST/STM32F7xx/Include -I../Drivers/CMSIS/Include -I"D:/Nucleo_F767ZI_DriverDev/Nucleo_F767ZI_DriverDev/Drivers/MyDrivers/Inc" -O0 -ffunction-sections -fdata-sections -Wall -fstack-usage -fcyclomatic-complexity -MMD -MP -MF"Examples/Src/ex002_gpio_led_set_reset.d" -MT"Examples/Src/ex002_gpio_led_set_reset.o" --specs=nano.specs -mfpu=fpv5-d16 -mfloat-abi=hard -mthumb -o "Examples/Src/ex002_gpio_led_set_reset.o"
arm-none-eabi-gcc "../Examples/Src/ex003_gpio_button_input.c" -mcpu=cortex-m7 -std=gnu11 -g3 -DDEBUG -DSTM32F767xx -c -I../Drivers/MyDrivers/Inc -I"D:/Nucleo_F767ZI_DriverDev/Nucleo_F767ZI_DriverDev/Examples/Inc" -I../Core/Inc -I../Drivers/CMSIS/Device/ST/STM32F7xx/Include -I../Drivers/CMSIS/Include -I"D:/Nucleo_F767ZI_DriverDev/Nucleo_F767ZI_DriverDev/Drivers/MyDrivers/Inc" -O0 -ffunction-sections -fdata-sections -Wall -fstack-usage -fcyclomatic-complexity -MMD -MP -MF"Examples/Src/ex003_gpio_button_input.d" -MT"Examples/Src/ex003_gpio_button_input.o" --specs=nano.specs -mfpu=fpv5-d16 -mfloat-abi=hard -mthumb -o "Examples/Src/ex003_gpio_button_input.o"
arm-none-eabi-gcc "../Examples/Src/ex004_gpio_deinit_test.c" -mcpu=cortex-m7 -std=gnu11 -g3 -DDEBUG -DSTM32F767xx -c -I../Drivers/MyDrivers/Inc -I"D:/Nucleo_F767ZI_DriverDev/Nucleo_F767ZI_DriverDev/Examples/Inc" -I../Core/Inc -I../Drivers/CMSIS/Device/ST/STM32F7xx/Include -I../Drivers/CMSIS/Include -I"D:/Nucleo_F767ZI_DriverDev/Nucleo_F767ZI_DriverDev/Drivers/MyDrivers/Inc" -O0 -ffunction-sections -fdata-sections -Wall -fstack-usage -fcyclomatic-complexity -MMD -MP -MF"Examples/Src/ex004_gpio_deinit_test.d" -MT"Examples/Src/ex004_gpio_deinit_test.o" --specs=nano.specs -mfpu=fpv5-d16 -mfloat-abi=hard -mthumb -o "Examples/Src/ex004_gpio_deinit_test.o"
arm-none-eabi-gcc "../Examples/Src/ex005_gpio_button_interrupt.c" -mcpu=cortex-m7 -std=gnu11 -g3 -DDEBUG -DSTM32F767xx -c -I../Drivers/MyDrivers/Inc -I"D:/Nucleo_F767ZI_DriverDev/Nucleo_F767ZI_DriverDev/Examples/Inc" -I../Core/Inc -I../Drivers/CMSIS/Device/ST/STM32F7xx/Include -I../Drivers/CMSIS/Include -I"D:/Nucleo_F767ZI_DriverDev/Nucleo_F767ZI_DriverDev/Drivers/MyDrivers/Inc" -O0 -ffunction-sections -fdata-sections -Wall -fstack-usage -fcyclomatic-complexity -MMD -MP -MF"Examples/Src/ex005_gpio_button_interrupt.d" -MT"Examples/Src/ex005_gpio_button_interrupt.o" --specs=nano.specs -mfpu=fpv5-d16 -mfloat-abi=hard -mthumb -o "Examples/Src/ex005_gpio_button_interrupt.o"
arm-none-eabi-gcc "../Examples/Src/ex006_systick_led_blink.c" -mcpu=cortex-m7 -std=gnu11 -g3 -DDEBUG -DSTM32F767xx -c -I../Drivers/MyDrivers/Inc -I"D:/Nucleo_F767ZI_DriverDev/Nucleo_F767ZI_DriverDev/Examples/Inc" -I../Core/Inc -I../Drivers/CMSIS/Device/ST/STM32F7xx/Include -I../Drivers/CMSIS/Include -I"D:/Nucleo_F767ZI_DriverDev/Nucleo_F767ZI_DriverDev/Drivers/MyDrivers/Inc" -O0 -ffunction-sections -fdata-sections -Wall -fstack-usage -fcyclomatic-complexity -MMD -MP -MF"Examples/Src/ex006_systick_led_blink.d" -MT"Examples/Src/ex006_systick_led_blink.o" --specs=nano.specs -mfpu=fpv5-d16 -mfloat-abi=hard -mthumb -o "Examples/Src/ex006_systick_led_blink.o"
[...]
arm-none-eabi-gcc -o "Nucleo_F767ZI_DriverDev.elf" @"objects.list"   -mcpu=cortex-m7 -T"D:\Nucleo_F767ZI_DriverDev\Nucleo_F767ZI_DriverDev\STM32F767ZITX_FLASH.ld" --specs=nosys.specs -Wl,-Map="Nucleo_F767ZI_DriverDev.map" -Wl,--gc-sections -static --specs=nano.specs -mfpu=fpv5-d16 -mfloat-abi=hard -mthumb -Wl,--start-group -lc -lm -Wl,--end-group
Finished building target: Nucleo_F767ZI_DriverDev.elf
 
arm-none-eabi-size  Nucleo_F767ZI_DriverDev.elf 
arm-none-eabi-objdump -h -S Nucleo_F767ZI_DriverDev.elf  > "Nucleo_F767ZI_DriverDev.list"
   text	   data	    bss	    dec	    hex	filename
   5200	      0	   1704	   6904	   1af8	Nucleo_F767ZI_DriverDev.elf
Finished building: default.size.stdout
 
Finished building: Nucleo_F767ZI_DriverDev.list
 
12:23:43 **** Incremental Build of configuration Debug for project Nucleo_F767ZI_DriverDev ****
make -j8 all 
arm-none-eabi-size  Nucleo_F767ZI_DriverDev.elf 
   text	   data	    bss	    dec	    hex	filename
   5200	      0	   1704	   6904	   1af8	Nucleo_F767ZI_DriverDev.elf
Finished building: default.size.stdout
 
12:33:22 **** Incremental Build of configuration Debug for project Nucleo_F767ZI_DriverDev ****
make -j8 all 
arm-none-eabi-gcc "../Examples/Src/ex017_i2c1_scanner_test.c" -mcpu=cortex-m7 -std=gnu11 -g3 -DDEBUG -DSTM32F767xx -c -I../Drivers/MyDrivers/Inc -I"D:/Nucleo_F767ZI_DriverDev/Nucleo_F767ZI_DriverDev/Examples/Inc" -I../Core/Inc -I../Drivers/CMSIS/Device/ST/STM32F7xx/Include -I../Drivers/CMSIS/Include -I"D:/Nucleo_F767ZI_DriverDev/Nucleo_F767ZI_DriverDev/Drivers/MyDrivers/Inc" -O0 -ffunction-sections -fdata-sections -Wall -fstack-usage -fcyclomatic-complexity -MMD -MP -MF"Examples/Src/ex017_i2c1_scanner_test.d" -MT"Examples/Src/ex017_i2c1_scanner_test.o" --specs=nano.specs -mfpu=fpv5-d16 -mfloat-abi=hard -mthumb -o "Examples/Src/ex017_i2c1_scanner_test.o"
../Examples/Src/ex017_i2c1_scanner_test.c: In function 'EX017_I2C1_Scanner_Test':
../Examples/Src/ex017_i2c1_scanner_test.c:76:40: error: 'GPIO_RegDef_t' has no member named 'IDR'
   76 |         g_gpiob_idr_before_scan = GPIOB->IDR;
      |                                        ^~
make: *** [Examples/Src/subdir.mk:64: Examples/Src/ex017_i2c1_scanner_test.o] Error 1
"make -j8 all" terminated with exit code 2. Build might be incomplete.
12:34:05 **** Incremental Build of configuration Debug for project Nucleo_F767ZI_DriverDev ****
make -j8 all 
arm-none-eabi-gcc "../Examples/Src/ex017_i2c1_scanner_test.c" -mcpu=cortex-m7 -std=gnu11 -g3 -DDEBUG -DSTM32F767xx -c -I../Drivers/MyDrivers/Inc -I"D:/Nucleo_F767ZI_DriverDev/Nucleo_F767ZI_DriverDev/Examples/Inc" -I../Core/Inc -I../Drivers/CMSIS/Device/ST/STM32F7xx/Include -I../Drivers/CMSIS/Include -I"D:/Nucleo_F767ZI_DriverDev/Nucleo_F767ZI_DriverDev/Drivers/MyDrivers/Inc" -O0 -ffunction-sections -fdata-sections -Wall -fstack-usage -fcyclomatic-complexity -MMD -MP -MF"Examples/Src/ex017_i2c1_scanner_test.d" -MT"Examples/Src/ex017_i2c1_scanner_test.o" --specs=nano.specs -mfpu=fpv5-d16 -mfloat-abi=hard -mthumb -o "Examples/Src/ex017_i2c1_scanner_test.o"
arm-none-eabi-gcc -o "Nucleo_F767ZI_DriverDev.elf" @"objects.list"   -mcpu=cortex-m7 -T"D:\Nucleo_F767ZI_DriverDev\Nucleo_F767ZI_DriverDev\STM32F767ZITX_FLASH.ld" --specs=nosys.specs -Wl,-Map="Nucleo_F767ZI_DriverDev.map" -Wl,--gc-sections -static --specs=nano.specs -mfpu=fpv5-d16 -mfloat-abi=hard -mthumb -Wl,--start-group -lc -lm -Wl,--end-group
Finished building target: Nucleo_F767ZI_DriverDev.elf
 
arm-none-eabi-size  Nucleo_F767ZI_DriverDev.elf 
arm-none-eabi-objdump -h -S Nucleo_F767ZI_DriverDev.elf  > "Nucleo_F767ZI_DriverDev.list"
   text	   data	    bss	    dec	    hex	filename
   5304	      0	   1712	   7016	   1b68	Nucleo_F767ZI_DriverDev.elf
Finished building: default.size.stdout
 
Finished building: Nucleo_F767ZI_DriverDev.list
 
12:34:09 **** Incremental Build of configuration Debug for project Nucleo_F767ZI_DriverDev ****
make -j8 all 
arm-none-eabi-size  Nucleo_F767ZI_DriverDev.elf 
   text	   data	    bss	    dec	    hex	filename
   5304	      0	   1712	   7016	   1b68	Nucleo_F767ZI_DriverDev.elf
Finished building: default.size.stdout
 
12:34:30 **** Incremental Build of configuration Debug for project Nucleo_F767ZI_DriverDev ****
make -j8 all 
arm-none-eabi-size  Nucleo_F767ZI_DriverDev.elf 
   text	   data	    bss	    dec	    hex	filename
   5304	      0	   1712	   7016	   1b68	Nucleo_F767ZI_DriverDev.elf
Finished building: default.size.stdout
 
12:34:53 **** Incremental Build of configuration Debug for project Nucleo_F767ZI_DriverDev ****
make -j8 all 
arm-none-eabi-size  Nucleo_F767ZI_DriverDev.elf 
   text	   data	    bss	    dec	    hex	filename
   5304	      0	   1712	   7016	   1b68	Nucleo_F767ZI_DriverDev.elf
Finished building: default.size.stdout
 
12:36:29 **** Incremental Build of configuration Debug for project Nucleo_F767ZI_DriverDev ****
make -j8 all 
arm-none-eabi-gcc "../Examples/Src/ex017_i2c1_scanner_test.c" -mcpu=cortex-m7 -std=gnu11 -g3 -DDEBUG -DSTM32F767xx -c -I../Drivers/MyDrivers/Inc -I"D:/Nucleo_F767ZI_DriverDev/Nucleo_F767ZI_DriverDev/Examples/Inc" -I../Core/Inc -I../Drivers/CMSIS/Device/ST/STM32F7xx/Include -I../Drivers/CMSIS/Include -I"D:/Nucleo_F767ZI_DriverDev/Nucleo_F767ZI_DriverDev/Drivers/MyDrivers/Inc" -O0 -ffunction-sections -fdata-sections -Wall -fstack-usage -fcyclomatic-complexity -MMD -MP -MF"Examples/Src/ex017_i2c1_scanner_test.d" -MT"Examples/Src/ex017_i2c1_scanner_test.o" --specs=nano.specs -mfpu=fpv5-d16 -mfloat-abi=hard -mthumb -o "Examples/Src/ex017_i2c1_scanner_test.o"
arm-none-eabi-gcc -o "Nucleo_F767ZI_DriverDev.elf" @"objects.list"   -mcpu=cortex-m7 -T"D:\Nucleo_F767ZI_DriverDev\Nucleo_F767ZI_DriverDev\STM32F767ZITX_FLASH.ld" --specs=nosys.specs -Wl,-Map="Nucleo_F767ZI_DriverDev.map" -Wl,--gc-sections -static --specs=nano.specs -mfpu=fpv5-d16 -mfloat-abi=hard -mthumb -Wl,--start-group -lc -lm -Wl,--end-group
Finished building target: Nucleo_F767ZI_DriverDev.elf
 
arm-none-eabi-size  Nucleo_F767ZI_DriverDev.elf 
arm-none-eabi-objdump -h -S Nucleo_F767ZI_DriverDev.elf  > "Nucleo_F767ZI_DriverDev.list"
   text	   data	    bss	    dec	    hex	filename
   5304	      0	   1712	   7016	   1b68	Nucleo_F767ZI_DriverDev.elf
Finished building: default.size.stdout
 
Finished building: Nucleo_F767ZI_DriverDev.list
 
14:10:30 **** Incremental Build of configuration Debug for project Nucleo_F767ZI_DriverDev ****
make -j8 all 
arm-none-eabi-gcc "../Examples/Src/ex0001_gpio_led_blink.c" -mcpu=cortex-m7 -std=gnu11 -g3 -DDEBUG -DSTM32F767xx -c -I../Drivers/MyDrivers/Inc -I"D:/Nucleo_F767ZI_DriverDev/Nucleo_F767ZI_DriverDev/Examples/Inc" -I../Core/Inc -I../Drivers/CMSIS/Device/ST/STM32F7xx/Include -I../Drivers/CMSIS/Include -I"D:/Nucleo_F767ZI_DriverDev/Nucleo_F767ZI_DriverDev/Drivers/MyDrivers/Inc" -O0 -ffunction-sections -fdata-sections -Wall -fstack-usage -fcyclomatic-complexity -MMD -MP -MF"Examples/Src/ex0001_gpio_led_blink.d" -MT"Examples/Src/ex0001_gpio_led_blink.o" --specs=nano.specs -mfpu=fpv5-d16 -mfloat-abi=hard -mthumb -o "Examples/Src/ex0001_gpio_led_blink.o"
arm-none-eabi-gcc "../Examples/Src/ex002_gpio_led_set_reset.c" -mcpu=cortex-m7 -std=gnu11 -g3 -DDEBUG -DSTM32F767xx -c -I../Drivers/MyDrivers/Inc -I"D:/Nucleo_F767ZI_DriverDev/Nucleo_F767ZI_DriverDev/Examples/Inc" -I../Core/Inc -I../Drivers/CMSIS/Device/ST/STM32F7xx/Include -I../Drivers/CMSIS/Include -I"D:/Nucleo_F767ZI_DriverDev/Nucleo_F767ZI_DriverDev/Drivers/MyDrivers/Inc" -O0 -ffunction-sections -fdata-sections -Wall -fstack-usage -fcyclomatic-complexity -MMD -MP -MF"Examples/Src/ex002_gpio_led_set_reset.d" -MT"Examples/Src/ex002_gpio_led_set_reset.o" --specs=nano.specs -mfpu=fpv5-d16 -mfloat-abi=hard -mthumb -o "Examples/Src/ex002_gpio_led_set_reset.o"
arm-none-eabi-gcc "../Examples/Src/ex003_gpio_button_input.c" -mcpu=cortex-m7 -std=gnu11 -g3 -DDEBUG -DSTM32F767xx -c -I../Drivers/MyDrivers/Inc -I"D:/Nucleo_F767ZI_DriverDev/Nucleo_F767ZI_DriverDev/Examples/Inc" -I../Core/Inc -I../Drivers/CMSIS/Device/ST/STM32F7xx/Include -I../Drivers/CMSIS/Include -I"D:/Nucleo_F767ZI_DriverDev/Nucleo_F767ZI_DriverDev/Drivers/MyDrivers/Inc" -O0 -ffunction-sections -fdata-sections -Wall -fstack-usage -fcyclomatic-complexity -MMD -MP -MF"Examples/Src/ex003_gpio_button_input.d" -MT"Examples/Src/ex003_gpio_button_input.o" --specs=nano.specs -mfpu=fpv5-d16 -mfloat-abi=hard -mthumb -o "Examples/Src/ex003_gpio_button_input.o"
arm-none-eabi-gcc "../Examples/Src/ex004_gpio_deinit_test.c" -mcpu=cortex-m7 -std=gnu11 -g3 -DDEBUG -DSTM32F767xx -c -I../Drivers/MyDrivers/Inc -I"D:/Nucleo_F767ZI_DriverDev/Nucleo_F767ZI_DriverDev/Examples/Inc" -I../Core/Inc -I../Drivers/CMSIS/Device/ST/STM32F7xx/Include -I../Drivers/CMSIS/Include -I"D:/Nucleo_F767ZI_DriverDev/Nucleo_F767ZI_DriverDev/Drivers/MyDrivers/Inc" -O0 -ffunction-sections -fdata-sections -Wall -fstack-usage -fcyclomatic-complexity -MMD -MP -MF"Examples/Src/ex004_gpio_deinit_test.d" -MT"Examples/Src/ex004_gpio_deinit_test.o" --specs=nano.specs -mfpu=fpv5-d16 -mfloat-abi=hard -mthumb -o "Examples/Src/ex004_gpio_deinit_test.o"
arm-none-eabi-gcc "../Examples/Src/ex005_gpio_button_interrupt.c" -mcpu=cortex-m7 -std=gnu11 -g3 -DDEBUG -DSTM32F767xx -c -I../Drivers/MyDrivers/Inc -I"D:/Nucleo_F767ZI_DriverDev/Nucleo_F767ZI_DriverDev/Examples/Inc" -I../Core/Inc -I../Drivers/CMSIS/Device/ST/STM32F7xx/Include -I../Drivers/CMSIS/Include -I"D:/Nucleo_F767ZI_DriverDev/Nucleo_F767ZI_DriverDev/Drivers/MyDrivers/Inc" -O0 -ffunction-sections -fdata-sections -Wall -fstack-usage -fcyclomatic-complexity -MMD -MP -MF"Examples/Src/ex005_gpio_button_interrupt.d" -MT"Examples/Src/ex005_gpio_button_interrupt.o" --specs=nano.specs -mfpu=fpv5-d16 -mfloat-abi=hard -mthumb -o "Examples/Src/ex005_gpio_button_interrupt.o"
arm-none-eabi-gcc "../Examples/Src/ex006_systick_led_blink.c" -mcpu=cortex-m7 -std=gnu11 -g3 -DDEBUG -DSTM32F767xx -c -I../Drivers/MyDrivers/Inc -I"D:/Nucleo_F767ZI_DriverDev/Nucleo_F767ZI_DriverDev/Examples/Inc" -I../Core/Inc -I../Drivers/CMSIS/Device/ST/STM32F7xx/Include -I../Drivers/CMSIS/Include -I"D:/Nucleo_F767ZI_DriverDev/Nucleo_F767ZI_DriverDev/Drivers/MyDrivers/Inc" -O0 -ffunction-sections -fdata-sections -Wall -fstack-usage -fcyclomatic-complexity -MMD -MP -MF"Examples/Src/ex006_systick_led_blink.d" -MT"Examples/Src/ex006_systick_led_blink.o" --specs=nano.specs -mfpu=fpv5-d16 -mfloat-abi=hard -mthumb -o "Examples/Src/ex006_systick_led_blink.o"
arm-none-eabi-gcc "../Examples/Src/ex007_usart3_tx.c" -mcpu=cortex-m7 -std=gnu11 -g3 -DDEBUG -DSTM32F767xx -c -I../Drivers/MyDrivers/Inc -I"D:/Nucleo_F767ZI_DriverDev/Nucleo_F767ZI_DriverDev/Examples/Inc" -I../Core/Inc -I../Drivers/CMSIS/Device/ST/STM32F7xx/Include -I../Drivers/CMSIS/Include -I"D:/Nucleo_F767ZI_DriverDev/Nucleo_F767ZI_DriverDev/Drivers/MyDrivers/Inc" -O0 -ffunction-sections -fdata-sections -Wall -fstack-usage -fcyclomatic-complexity -MMD -MP -MF"Examples/Src/ex007_usart3_tx.d" -MT"Examples/Src/ex007_usart3_tx.o" --specs=nano.specs -mfpu=fpv5-d16 -mfloat-abi=hard -mthumb -o "Examples/Src/ex007_usart3_tx.o"
arm-none-eabi-gcc "../Examples/Src/ex008_usart3_rx_echo.c" -mcpu=cortex-m7 -std=gnu11 -g3 -DDEBUG -DSTM32F767xx -c -I../Drivers/MyDrivers/Inc -I"D:/Nucleo_F767ZI_DriverDev/Nucleo_F767ZI_DriverDev/Examples/Inc" -I../Core/Inc -I../Drivers/CMSIS/Device/ST/STM32F7xx/Include -I../Drivers/CMSIS/Include -I"D:/Nucleo_F767ZI_DriverDev/Nucleo_F767ZI_DriverDev/Drivers/MyDrivers/Inc" -O0 -ffunction-sections -fdata-sections -Wall -fstack-usage -fcyclomatic-complexity -MMD -MP -MF"Examples/Src/ex008_usart3_rx_echo.d" -MT"Examples/Src/ex008_usart3_rx_echo.o" --specs=nano.specs -mfpu=fpv5-d16 -mfloat-abi=hard -mthumb -o "Examples/Src/ex008_usart3_rx_echo.o"
arm-none-eabi-gcc "../Examples/Src/ex009_usart3_it_rx_echo.c" -mcpu=cortex-m7 -std=gnu11 -g3 -DDEBUG -DSTM32F767xx -c -I../Drivers/MyDrivers/Inc -I"D:/Nucleo_F767ZI_DriverDev/Nucleo_F767ZI_DriverDev/Examples/Inc" -I../Core/Inc -I../Drivers/CMSIS/Device/ST/STM32F7xx/Include -I../Drivers/CMSIS/Include -I"D:/Nucleo_F767ZI_DriverDev/Nucleo_F767ZI_DriverDev/Drivers/MyDrivers/Inc" -O0 -ffunction-sections -fdata-sections -Wall -fstack-usage -fcyclomatic-complexity -MMD -MP -MF"Examples/Src/ex009_usart3_it_rx_echo.d" -MT"Examples/Src/ex009_usart3_it_rx_echo.o" --specs=nano.specs -mfpu=fpv5-d16 -mfloat-abi=hard -mthumb -o "Examples/Src/ex009_usart3_it_rx_echo.o"
arm-none-eabi-gcc "../Examples/Src/ex010_usart3_packet_10byte.c" -mcpu=cortex-m7 -std=gnu11 -g3 -DDEBUG -DSTM32F767xx -c -I../Drivers/MyDrivers/Inc -I"D:/Nucleo_F767ZI_DriverDev/Nucleo_F767ZI_DriverDev/Examples/Inc" -I../Core/Inc -I../Drivers/CMSIS/Device/ST/STM32F7xx/Include -I../Drivers/CMSIS/Include -I"D:/Nucleo_F767ZI_DriverDev/Nucleo_F767ZI_DriverDev/Drivers/MyDrivers/Inc" -O0 -ffunction-sections -fdata-sections -Wall -fstack-usage -fcyclomatic-complexity -MMD -MP -MF"Examples/Src/ex010_usart3_packet_10byte.d" -MT"Examples/Src/ex010_usart3_packet_10byte.o" --specs=nano.specs -mfpu=fpv5-d16 -mfloat-abi=hard -mthumb -o "Examples/Src/ex010_usart3_packet_10byte.o"
arm-none-eabi-gcc "../Examples/Src/ex011_usart3_packet_parser.c" -mcpu=cortex-m7 -std=gnu11 -g3 -DDEBUG -DSTM32F767xx -c -I../Drivers/MyDrivers/Inc -I"D:/Nucleo_F767ZI_DriverDev/Nucleo_F767ZI_DriverDev/Examples/Inc" -I../Core/Inc -I../Drivers/CMSIS/Device/ST/STM32F7xx/Include -I../Drivers/CMSIS/Include -I"D:/Nucleo_F767ZI_DriverDev/Nucleo_F767ZI_DriverDev/Drivers/MyDrivers/Inc" -O0 -ffunction-sections -fdata-sections -Wall -fstack-usage -fcyclomatic-complexity -MMD -MP -MF"Examples/Src/ex011_usart3_packet_parser.d" -MT"Examples/Src/ex011_usart3_packet_parser.o" --specs=nano.specs -mfpu=fpv5-d16 -mfloat-abi=hard -mthumb -o "Examples/Src/ex011_usart3_packet_parser.o"
arm-none-eabi-gcc "../Examples/Src/ex012_spi1_loopback.c" -mcpu=cortex-m7 -std=gnu11 -g3 -DDEBUG -DSTM32F767xx -c -I../Drivers/MyDrivers/Inc -I"D:/Nucleo_F767ZI_DriverDev/Nucleo_F767ZI_DriverDev/Examples/Inc" -I../Core/Inc -I../Drivers/CMSIS/Device/ST/STM32F7xx/Include -I../Drivers/CMSIS/Include -I"D:/Nucleo_F767ZI_DriverDev/Nucleo_F767ZI_DriverDev/Drivers/MyDrivers/Inc" -O0 -ffunction-sections -fdata-sections -Wall -fstack-usage -fcyclomatic-complexity -MMD -MP -MF"Examples/Src/ex012_spi1_loopback.d" -MT"Examples/Src/ex012_spi1_loopback.o" --specs=nano.specs -mfpu=fpv5-d16 -mfloat-abi=hard -mthumb -o "Examples/Src/ex012_spi1_loopback.o"
arm-none-eabi-gcc "../Examples/Src/ex013_spi1_loopback_with_cs.c" -mcpu=cortex-m7 -std=gnu11 -g3 -DDEBUG -DSTM32F767xx -c -I../Drivers/MyDrivers/Inc -I"D:/Nucleo_F767ZI_DriverDev/Nucleo_F767ZI_DriverDev/Examples/Inc" -I../Core/Inc -I../Drivers/CMSIS/Device/ST/STM32F7xx/Include -I../Drivers/CMSIS/Include -I"D:/Nucleo_F767ZI_DriverDev/Nucleo_F767ZI_DriverDev/Drivers/MyDrivers/Inc" -O0 -ffunction-sections -fdata-sections -Wall -fstack-usage -fcyclomatic-complexity -MMD -MP -MF"Examples/Src/ex013_spi1_loopback_with_cs.d" -MT"Examples/Src/ex013_spi1_loopback_with_cs.o" --specs=nano.specs -mfpu=fpv5-d16 -mfloat-abi=hard -mthumb -o "Examples/Src/ex013_spi1_loopback_with_cs.o"
arm-none-eabi-gcc "../Examples/Src/ex014_spi1_send_receive_test.c" -mcpu=cortex-m7 -std=gnu11 -g3 -DDEBUG -DSTM32F767xx -c -I../Drivers/MyDrivers/Inc -I"D:/Nucleo_F767ZI_DriverDev/Nucleo_F767ZI_DriverDev/Examples/Inc" -I../Core/Inc -I../Drivers/CMSIS/Device/ST/STM32F7xx/Include -I../Drivers/CMSIS/Include -I"D:/Nucleo_F767ZI_DriverDev/Nucleo_F767ZI_DriverDev/Drivers/MyDrivers/Inc" -O0 -ffunction-sections -fdata-sections -Wall -fstack-usage -fcyclomatic-complexity -MMD -MP -MF"Examples/Src/ex014_spi1_send_receive_test.d" -MT"Examples/Src/ex014_spi1_send_receive_test.o" --specs=nano.specs -mfpu=fpv5-d16 -mfloat-abi=hard -mthumb -o "Examples/Src/ex014_spi1_send_receive_test.o"
arm-none-eabi-gcc "../Examples/Src/ex015_i2c1_init_test.c" -mcpu=cortex-m7 -std=gnu11 -g3 -DDEBUG -DSTM32F767xx -c -I../Drivers/MyDrivers/Inc -I"D:/Nucleo_F767ZI_DriverDev/Nucleo_F767ZI_DriverDev/Examples/Inc" -I../Core/Inc -I../Drivers/CMSIS/Device/ST/STM32F7xx/Include -I../Drivers/CMSIS/Include -I"D:/Nucleo_F767ZI_DriverDev/Nucleo_F767ZI_DriverDev/Drivers/MyDrivers/Inc" -O0 -ffunction-sections -fdata-sections -Wall -fstack-usage -fcyclomatic-complexity -MMD -MP -MF"Examples/Src/ex015_i2c1_init_test.d" -MT"Examples/Src/ex015_i2c1_init_test.o" --specs=nano.specs -mfpu=fpv5-d16 -mfloat-abi=hard -mthumb -o "Examples/Src/ex015_i2c1_init_test.o"
arm-none-eabi-gcc "../Examples/Src/ex017_i2c1_scanner_test.c" -mcpu=cortex-m7 -std=gnu11 -g3 -DDEBUG -DSTM32F767xx -c -I../Drivers/MyDrivers/Inc -I"D:/Nucleo_F767ZI_DriverDev/Nucleo_F767ZI_DriverDev/Examples/Inc" -I../Core/Inc -I../Drivers/CMSIS/Device/ST/STM32F7xx/Include -I../Drivers/CMSIS/Include -I"D:/Nucleo_F767ZI_DriverDev/Nucleo_F767ZI_DriverDev/Drivers/MyDrivers/Inc" -O0 -ffunction-sections -fdata-sections -Wall -fstack-usage -fcyclomatic-complexity -MMD -MP -MF"Examples/Src/ex017_i2c1_scanner_test.d" -MT"Examples/Src/ex017_i2c1_scanner_test.o" --specs=nano.specs -mfpu=fpv5-d16 -mfloat-abi=hard -mthumb -o "Examples/Src/ex017_i2c1_scanner_test.o"
arm-none-eabi-gcc "../Examples/Src/ex018_i2c1_ssd1306_command_test.c" -mcpu=cortex-m7 -std=gnu11 -g3 -DDEBUG -DSTM32F767xx -c -I../Drivers/MyDrivers/Inc -I"D:/Nucleo_F767ZI_DriverDev/Nucleo_F767ZI_DriverDev/Examples/Inc" -I../Core/Inc -I../Drivers/CMSIS/Device/ST/STM32F7xx/Include -I../Drivers/CMSIS/Include -I"D:/Nucleo_F767ZI_DriverDev/Nucleo_F767ZI_DriverDev/Drivers/MyDrivers/Inc" -O0 -ffunction-sections -fdata-sections -Wall -fstack-usage -fcyclomatic-complexity -MMD -MP -MF"Examples/Src/ex018_i2c1_ssd1306_command_test.d" -MT"Examples/Src/ex018_i2c1_ssd1306_command_test.o" --specs=nano.specs -mfpu=fpv5-d16 -mfloat-abi=hard -mthumb -o "Examples/Src/ex018_i2c1_ssd1306_command_test.o"
arm-none-eabi-gcc "../Core/Src/main.c" -mcpu=cortex-m7 -std=gnu11 -g3 -DDEBUG -DSTM32F767xx -c -I../Drivers/MyDrivers/Inc -I"D:/Nucleo_F767ZI_DriverDev/Nucleo_F767ZI_DriverDev/Examples/Inc" -I../Core/Inc -I../Drivers/CMSIS/Device/ST/STM32F7xx/Include -I../Drivers/CMSIS/Include -I"D:/Nucleo_F767ZI_DriverDev/Nucleo_F767ZI_DriverDev/Drivers/MyDrivers/Inc" -O0 -ffunction-sections -fdata-sections -Wall -fstack-usage -fcyclomatic-complexity -MMD -MP -MF"Core/Src/main.d" -MT"Core/Src/main.o" --specs=nano.specs -mfpu=fpv5-d16 -mfloat-abi=hard -mthumb -o "Core/Src/main.o"
arm-none-eabi-gcc -o "Nucleo_F767ZI_DriverDev.elf" @"objects.list"   -mcpu=cortex-m7 -T"D:\Nucleo_F767ZI_DriverDev\Nucleo_F767ZI_DriverDev\STM32F767ZITX_FLASH.ld" --specs=nosys.specs -Wl,-Map="Nucleo_F767ZI_DriverDev.map" -Wl,--gc-sections -static --specs=nano.specs -mfpu=fpv5-d16 -mfloat-abi=hard -mthumb -Wl,--start-group -lc -lm -Wl,--end-group
Finished building target: Nucleo_F767ZI_DriverDev.elf
 
arm-none-eabi-size  Nucleo_F767ZI_DriverDev.elf 
arm-none-eabi-objdump -h -S Nucleo_F767ZI_DriverDev.elf  > "Nucleo_F767ZI_DriverDev.list"
   text	   data	    bss	    dec	    hex	filename
   6288	      0	   1680	   7968	   1f20	Nucleo_F767ZI_DriverDev.elf
Finished building: default.size.stdout
 
Finished building: Nucleo_F767ZI_DriverDev.list
 
14:11:41 **** Incremental Build of configuration Debug for project Nucleo_F767ZI_DriverDev ****
make -j8 all 
arm-none-eabi-size  Nucleo_F767ZI_DriverDev.elf 
   text	   data	    bss	    dec	    hex	filename
   6288	      0	   1680	   7968	   1f20	Nucleo_F767ZI_DriverDev.elf
Finished building: default.size.stdout
 
